Archive member included to satisfy reference by file (symbol)

app/libapp.a(main.cpp.obj)    (--whole-archive)
app/libapp.a(gpio_overlay.cpp.obj)
                              (--whole-archive)
app/libapp.a(canfd.cpp.obj)   (--whole-archive)
app/libapp.a(heartbeat_monitoring.cpp.obj)
                              (--whole-archive)
app/libapp.a(alarm.cpp.obj)   (--whole-archive)
zephyr/libzephyr.a(cpp_dtors.c.obj)
                              (--whole-archive)
zephyr/libzephyr.a(cpp_virtual.c.obj)
                              (--whole-archive)
zephyr/libzephyr.a(cpp_vtable.cpp.obj)
                              (--whole-archive)
zephyr/libzephyr.a(cpp_new.cpp.obj)
                              (--whole-archive)
zephyr/libzephyr.a(heap.c.obj)
                              (--whole-archive)
zephyr/libzephyr.a(cbprintf_packaged.c.obj)
                              (--whole-archive)
zephyr/libzephyr.a(printk.c.obj)
                              (--whole-archive)
zephyr/libzephyr.a(sem.c.obj)
                              (--whole-archive)
zephyr/libzephyr.a(thread_entry.c.obj)
                              (--whole-archive)
zephyr/libzephyr.a(cbprintf_complete.c.obj)
                              (--whole-archive)
zephyr/libzephyr.a(cbprintf.c.obj)
                              (--whole-archive)
zephyr/libzephyr.a(assert.c.obj)
                              (--whole-archive)
zephyr/libzephyr.a(reboot.c.obj)
                              (--whole-archive)
zephyr/libzephyr.a(dec.c.obj)
                              (--whole-archive)
zephyr/libzephyr.a(hex.c.obj)
                              (--whole-archive)
zephyr/libzephyr.a(rb.c.obj)  (--whole-archive)
zephyr/libzephyr.a(timeutil.c.obj)
                              (--whole-archive)
zephyr/libzephyr.a(bitarray.c.obj)
                              (--whole-archive)
zephyr/libzephyr.a(configs.c.obj)
                              (--whole-archive)
zephyr/libzephyr.a(stm32cube_hal.c.obj)
                              (--whole-archive)
zephyr/libzephyr.a(soc_config.c.obj)
                              (--whole-archive)
zephyr/libzephyr.a(soc.c.obj)
                              (--whole-archive)
zephyr/libzephyr.a(log_core.c.obj)
                              (--whole-archive)
zephyr/libzephyr.a(log_mgmt.c.obj)
                              (--whole-archive)
zephyr/libzephyr.a(log_cache.c.obj)
                              (--whole-archive)
zephyr/libzephyr.a(log_msg.c.obj)
                              (--whole-archive)
zephyr/libzephyr.a(log_output.c.obj)
                              (--whole-archive)
zephyr/libzephyr.a(log_backend_uart.c.obj)
                              (--whole-archive)
zephyr/libzephyr.a(mem_attr.c.obj)
                              (--whole-archive)
zephyr/libzephyr.a(tracing_none.c.obj)
                              (--whole-archive)
zephyr/arch/common/libarch__common.a(sw_isr_common.c.obj)
                              (--whole-archive)
zephyr/arch/arch/arm/core/libarch__arm__core.a(fatal.c.obj)
                              (--whole-archive)
zephyr/arch/arch/arm/core/libarch__arm__core.a(nmi.c.obj)
                              (--whole-archive)
zephyr/arch/arch/arm/core/libarch__arm__core.a(nmi_on_reset.S.obj)
                              (--whole-archive)
zephyr/arch/arch/arm/core/libarch__arm__core.a(__aeabi_atexit.c.obj)
                              (--whole-archive)
zephyr/arch/arch/arm/core/cortex_m/libarch__arm__core__cortex_m.a(exc_exit.c.obj)
                              (--whole-archive)
zephyr/arch/arch/arm/core/cortex_m/libarch__arm__core__cortex_m.a(fault.c.obj)
                              (--whole-archive)
zephyr/arch/arch/arm/core/cortex_m/libarch__arm__core__cortex_m.a(fault_s.S.obj)
                              (--whole-archive)
zephyr/arch/arch/arm/core/cortex_m/libarch__arm__core__cortex_m.a(fpu.c.obj)
                              (--whole-archive)
zephyr/arch/arch/arm/core/cortex_m/libarch__arm__core__cortex_m.a(reset.S.obj)
                              (--whole-archive)
zephyr/arch/arch/arm/core/cortex_m/libarch__arm__core__cortex_m.a(scb.c.obj)
                              (--whole-archive)
zephyr/arch/arch/arm/core/cortex_m/libarch__arm__core__cortex_m.a(thread_abort.c.obj)
                              (--whole-archive)
zephyr/arch/arch/arm/core/cortex_m/libarch__arm__core__cortex_m.a(vector_table.S.obj)
                              (--whole-archive)
zephyr/arch/arch/arm/core/cortex_m/libarch__arm__core__cortex_m.a(swap.c.obj)
                              (--whole-archive)
zephyr/arch/arch/arm/core/cortex_m/libarch__arm__core__cortex_m.a(swap_helper.S.obj)
                              (--whole-archive)
zephyr/arch/arch/arm/core/cortex_m/libarch__arm__core__cortex_m.a(irq_manage.c.obj)
                              (--whole-archive)
zephyr/arch/arch/arm/core/cortex_m/libarch__arm__core__cortex_m.a(prep_c.c.obj)
                              (--whole-archive)
[...]
Memory Configuration

Name             Origin             Length             Attributes
FLASH            0x0000000008000000 0x0000000000080000 xr
RAM              0x0000000020000000 0x0000000000020000 xw
IDT_LIST         0x00000000ffff7fff 0x0000000000008000 xw
*default*        0x0000000000000000 0xffffffffffffffff

Linker script and memory map

LOAD zephyr/CMakeFiles/zephyr_final.dir/misc/empty_file.c.obj
LOAD zephyr/CMakeFiles/zephyr_final.dir/isr_tables.c.obj
LOAD zephyr/CMakeFiles/offsets.dir/./arch/arm/core/offsets/offsets.c.obj
LOAD app/libapp.a
LOAD zephyr/libzephyr.a
LOAD zephyr/arch/common/libarch__common.a
LOAD zephyr/arch/arch/arm/core/libarch__arm__core.a
LOAD zephyr/arch/arch/arm/core/cortex_m/libarch__arm__core__cortex_m.a
LOAD zephyr/arch/arch/arm/core/mpu/libarch__arm__core__mpu.a
LOAD zephyr/lib/libc/newlib/liblib__libc__newlib.a
LOAD zephyr/lib/libc/common/liblib__libc__common.a
LOAD zephyr/drivers/interrupt_controller/libdrivers__interrupt_controller.a
LOAD zephyr/drivers/can/libdrivers__can.a
LOAD zephyr/drivers/clock_control/libdrivers__clock_control.a
LOAD zephyr/drivers/console/libdrivers__console.a
LOAD zephyr/drivers/gpio/libdrivers__gpio.a
LOAD zephyr/drivers/pinctrl/libdrivers__pinctrl.a
LOAD zephyr/drivers/reset/libdrivers__reset.a
LOAD zephyr/drivers/serial/libdrivers__serial.a
LOAD zephyr/drivers/timer/libdrivers__timer.a
LOAD modules/stm32/stm32cube/lib..__modules__hal__stm32__stm32cube.a
LOAD zephyr/kernel/libkernel.a
LOAD /home/babu-inc-5831/zephyr-sdk-0.17.2/arm-zephyr-eabi/bin/../lib/gcc/arm-zephyr-eabi/12.2.0/thumb/v7e-m/nofp/libgcc.a
LOAD zephyr/arch/common/libisr_tables.a
LOAD /home/babu-inc-5831/zephyr-sdk-0.17.2/arm-zephyr-eabi/arm-zephyr-eabi/lib/thumb/v7e-m/nofp/libm_nano.a
LOAD /home/babu-inc-5831/zephyr-sdk-0.17.2/arm-zephyr-eabi/arm-zephyr-eabi/lib/thumb/v7e-m/nofp/libc_nano.a
LOAD /home/babu-inc-5831/zephyr-sdk-0.17.2/arm-zephyr-eabi/bin/../lib/gcc/arm-zephyr-eabi/12.2.0/thumb/v7e-m/nofp/libgcc.a
LOAD /home/babu-inc-5831/zephyr-sdk-0.17.2/arm-zephyr-eabi/arm-zephyr-eabi/lib/thumb/v7e-m/nofp/libc_nano.a
                0x0000000000000020                _region_min_align = 0x20

.rel.plt        0x0000000008000000        0x0
 *(SORT_BY_ALIGNMENT(.rel.plt))
                [!provide]                        PROVIDE (__rel_iplt_start = .)
 *(SORT_BY_ALIGNMENT(.rel.iplt))
 .rel.iplt      0x0000000008000000        0x0 zephyr/CMakeFiles/zephyr_final.dir/isr_tables.c.obj
                [!provide]                        PROVIDE (__rel_iplt_end = .)

.rela.plt       0x0000000000000000        0x0
 *(SORT_BY_ALIGNMENT(.rela.plt))
                [!provide]                        PROVIDE (__rela_iplt_start = .)
 *(SORT_BY_ALIGNMENT(.rela.iplt))
                [!provide]                        PROVIDE (__rela_iplt_end = .)

.rel.dyn
 *(SORT_BY_ALIGNMENT(.rel.*))

.rela.dyn
 *(SORT_BY_ALIGNMENT(.rela.*))

/DISCARD/
 *(SORT_BY_ALIGNMENT(.plt))

/DISCARD/
 *(SORT_BY_ALIGNMENT(.iplt))
                0x0000000008000000                __rom_region_start = 0x8000000

rom_start       0x0000000008000000      0x1d8
                0x0000000008000000                __rom_start_address = .
 FILL mask 0x00
                0x0000000008000000                . = (. + (0x0 - (. - __rom_start_address)))
                0x0000000008000000                . = ALIGN (0x4)
                0x0000000008000000                . = ALIGN (0x80)
                0x0000000008000000                . = ALIGN (0x200)
                0x0000000008000000                _vector_start = .
 *(SORT_BY_ALIGNMENT(.exc_vector_table))
 *(SORT_BY_ALIGNMENT(.exc_vector_table.*))
 .exc_vector_table._vector_table_section
                0x0000000008000000       0x40 zephyr/arch/arch/arm/core/cortex_m/libarch__arm__core__cortex_m.a(vector_table.S.obj)
                0x0000000008000000                _vector_table
 *(SORT_BY_ALIGNMENT(.vectors))
                0x00000000080001d8                _vector_end = .
                0x0000000008000040                . = ALIGN (0x4)
 *(SORT_BY_ALIGNMENT(.gnu.linkonce.irq_vector_table*))
 .gnu.linkonce.irq_vector_table
                0x0000000008000040      0x198 zephyr/CMakeFiles/zephyr_final.dir/isr_tables.c.obj
                0x0000000008000040                _irq_vector_table
                0x00000000080001d8                _vector_end = .

text            0x00000000080001d8     0xac60
                0x00000000080001d8                __text_region_start = .
 *(SORT_BY_ALIGNMENT(.text))
 .text          0x00000000080001d8       0x30 /home/babu-inc-5831/zephyr-sdk-0.17.2/arm-zephyr-eabi/bin/../lib/gcc/arm-zephyr-eabi/12.2.0/thumb/v7e-m/nofp/libgcc.a(_aeabi_uldivmod.o)
                0x00000000080001d8                __aeabi_uldivmod
 .text          0x0000000008000208        0x4 /home/babu-inc-5831/zephyr-sdk-0.17.2/arm-zephyr-eabi/bin/../lib/gcc/arm-zephyr-eabi/12.2.0/thumb/v7e-m/nofp/libgcc.a(_dvmd_tls.o)
                0x0000000008000208                __aeabi_ldiv0
                0x0000000008000208                __aeabi_idiv0
 .text          0x000000000800020c      0x2a0 /home/babu-inc-5831/zephyr-sdk-0.17.2/arm-zephyr-eabi/bin/../lib/gcc/arm-zephyr-eabi/12.2.0/thumb/v7e-m/nofp/libgcc.a(_udivmoddi4.o)
                0x000000000800020c                __udivmoddi4
 .text          0x00000000080004ac       0x10 /home/babu-inc-5831/zephyr-sdk-0.17.2/arm-zephyr-eabi/arm-zephyr-eabi/lib/thumb/v7e-m/nofp/libc_nano.a(lib_a-strlen.o)
                0x00000000080004ac                strlen
 *(SORT_BY_ALIGNMENT(.text.*))
 .text._ZL9CanThreadv
                0x00000000080004bc       0x2c app/libapp.a(main.cpp.obj)
 .text._ZL15HeartbeatThreadv
                0x00000000080004e8       0x30 app/libapp.a(main.cpp.obj)
 .text._ZL12SafetyThreadv
                0x0000000008000518       0x9c app/libapp.a(main.cpp.obj)
 .text.main     0x00000000080005b4      0x130 app/libapp.a(main.cpp.obj)
                0x00000000080005b4                main
 .text.z_impl_gpio_pin_configure
                0x00000000080006e4      0x1a0 app/libapp.a(gpio_overlay.cpp.obj)
 .text.gpio_pin_set_raw
                0x0000000008000884       0x54 app/libapp.a(gpio_overlay.cpp.obj)
 .text.gpio_pin_set
                0x00000000080008d8       0x54 app/libapp.a(gpio_overlay.cpp.obj)
 .text._ZN11GpioOverlay4InitEv
                0x000000000800092c       0x50 app/libapp.a(gpio_overlay.cpp.obj)
                0x000000000800092c                GpioOverlay::Init()
 .text._ZN11GpioOverlay10AlarmLedOnEv
                0x000000000800097c       0x20 app/libapp.a(gpio_overlay.cpp.obj)
                0x000000000800097c                GpioOverlay::AlarmLedOn()
 .text._ZN11GpioOverlay11AlarmLedOffEv
                0x000000000800099c       0x20 app/libapp.a(gpio_overlay.cpp.obj)
                0x000000000800099c                GpioOverlay::AlarmLedOff()
 .text._ZN5CanFd4InitEv
                0x00000000080009bc       0x44 app/libapp.a(canfd.cpp.obj)
                0x00000000080009bc                CanFd::Init()
 .text._ZN5CanFd8DecodeRxEjPKhh
                0x0000000008000a00       0x50 app/libapp.a(canfd.cpp.obj)
                0x0000000008000a00                CanFd::DecodeRx(unsigned int, unsigned char const*, unsigned char)
 .text._ZN5CanFd9ProcessRxEv
                0x0000000008000a50       0x28 app/libapp.a(canfd.cpp.obj)
                0x0000000008000a50                CanFd::ProcessRx()
 .text._ZN5CanFd13SendStopMotorEv
                0x0000000008000a78       0x30 app/libapp.a(canfd.cpp.obj)
                0x0000000008000a78                CanFd::SendStopMotor()
 .text._ZN5CanFd18SendEStopBroadcastEv
                0x0000000008000aa8       0x30 app/libapp.a(canfd.cpp.obj)
                0x0000000008000aa8                CanFd::SendEStopBroadcast()
 .text._ZN19HeartbeatMonitoring4InitEv
                0x0000000008000ad8       0x1c app/libapp.a(heartbeat_monitoring.cpp.obj)
                0x0000000008000ad8                HeartbeatMonitoring::Init()
 .text._ZN19HeartbeatMonitoring17OnSensorHeartbeatEv
                0x0000000008000af4        0xc app/libapp.a(heartbeat_monitoring.cpp.obj)
                0x0000000008000af4                HeartbeatMonitoring::OnSensorHeartbeat()
 .text._ZN19HeartbeatMonitoring16OnMotorHeartbeatEv
                0x0000000008000b00        0xc app/libapp.a(heartbeat_monitoring.cpp.obj)
                0x0000000008000b00                HeartbeatMonitoring::OnMotorHeartbeat()
 .text._ZN19HeartbeatMonitoring12TriggerEStopEv
                0x0000000008000b0c       0x20 app/libapp.a(heartbeat_monitoring.cpp.obj)
                0x0000000008000b0c                HeartbeatMonitoring::TriggerEStop()
 .text._ZN19HeartbeatMonitoring8EvaluateEv
                0x0000000008000b2c       0x3c app/libapp.a(heartbeat_monitoring.cpp.obj)
                0x0000000008000b2c                HeartbeatMonitoring::Evaluate()
 .text._ZN5Alarm4InitEv
                0x0000000008000b68       0x1c app/libapp.a(alarm.cpp.obj)
                0x0000000008000b68                Alarm::Init()
 .text._ZN5Alarm7TriggerEv
                0x0000000008000b84       0x48 app/libapp.a(alarm.cpp.obj)
                0x0000000008000b84                Alarm::Trigger()
 .text._ZN5Alarm9IsLatchedEv
                0x0000000008000bcc       0x14 app/libapp.a(alarm.cpp.obj)
                0x0000000008000bcc                Alarm::IsLatched()
 .text.sys_heap_init
                0x0000000008000be0      0x13c zephyr/libzephyr.a(heap.c.obj)
                0x0000000008000be0                sys_heap_init
 .text.cbvprintf_package
                0x0000000008000d1c      0x544 zephyr/libzephyr.a(cbprintf_packaged.c.obj)
                0x0000000008000d1c                cbvprintf_package
 .text.__printk_hook_install
                0x0000000008001260        0xc zephyr/libzephyr.a(printk.c.obj)
                0x0000000008001260                __printk_hook_install
 .text.extract_decimal
                0x000000000800126c       0x2c zephyr/libzephyr.a(cbprintf_complete.c.obj)
 .text.extract_flags
                0x0000000008001298       0xc4 zephyr/libzephyr.a(cbprintf_complete.c.obj)
 .text.encode_uint
                0x000000000800135c       0xac zephyr/libzephyr.a(cbprintf_complete.c.obj)
 .text.z_cbvprintf_impl
                0x0000000008001408      0x598 zephyr/libzephyr.a(cbprintf_complete.c.obj)
                0x0000000008001408                z_cbvprintf_impl
 .text.st_stm32_common_config
                0x00000000080019a0       0x14 zephyr/libzephyr.a(soc_config.c.obj)
 .text.stm32g4_init
                0x00000000080019b4       0x68 zephyr/libzephyr.a(soc.c.obj)
 .text.log_backend_is_active
                0x0000000008001a1c       0x30 zephyr/libzephyr.a(log_core.c.obj)
 .text.log_backend_init
                0x0000000008001a4c       0x30 zephyr/libzephyr.a(log_core.c.obj)
 .text.log_backend_is_ready
                0x0000000008001a7c       0x34 zephyr/libzephyr.a(log_core.c.obj)
 .text.log_backend_panic
                0x0000000008001ab0       0x30 zephyr/libzephyr.a(log_core.c.obj)
 .text.log_backend_msg_process
                0x0000000008001ae0       0x4c zephyr/libzephyr.a(log_core.c.obj)
 .text.msg_process
                0x0000000008001b2c       0x70 zephyr/libzephyr.a(log_core.c.obj)
 .text.activate_foreach_backend
                0x0000000008001b9c       0x50 zephyr/libzephyr.a(log_core.c.obj)
 .text.z_log_init
                0x0000000008001bec       0xec zephyr/libzephyr.a(log_core.c.obj)
 .text.log_format_func_t_get
                0x0000000008001cd8        0xc zephyr/libzephyr.a(log_core.c.obj)
                0x0000000008001cd8                log_format_func_t_get
 .text.log_set_timestamp_func
                0x0000000008001ce4       0x24 zephyr/libzephyr.a(log_core.c.obj)
                0x0000000008001ce4                log_set_timestamp_func
 .text.log_core_init
                0x0000000008001d08       0x2c zephyr/libzephyr.a(log_core.c.obj)
                0x0000000008001d08                log_core_init
 .text.z_impl_log_panic
                0x0000000008001d34       0x7c zephyr/libzephyr.a(log_core.c.obj)
                0x0000000008001d34                z_impl_log_panic
 .text.z_log_notify_backend_enabled
                0x0000000008001db0        0xc zephyr/libzephyr.a(log_core.c.obj)
                0x0000000008001db0                z_log_notify_backend_enabled
 .text.z_log_dropped
                0x0000000008001dbc       0x40 zephyr/libzephyr.a(log_core.c.obj)
                0x0000000008001dbc                z_log_dropped
 .text.z_log_msg_commit
                0x0000000008001dfc       0x20 zephyr/libzephyr.a(log_core.c.obj)
                0x0000000008001dfc                z_log_msg_commit
 .text.log_backend_id_set
                0x0000000008001e1c       0x2c zephyr/libzephyr.a(log_mgmt.c.obj)
 .text.log_backend_activate
                0x0000000008001e48       0x38 zephyr/libzephyr.a(log_mgmt.c.obj)
 .text.log_src_cnt_get
                0x0000000008001e80       0x14 zephyr/libzephyr.a(log_mgmt.c.obj)
                0x0000000008001e80                log_src_cnt_get
 .text.log_source_name_get
                0x0000000008001e94       0x1c zephyr/libzephyr.a(log_mgmt.c.obj)
                0x0000000008001e94                log_source_name_get
 .text.log_backend_enable
                0x0000000008001eb0       0x2c zephyr/libzephyr.a(log_mgmt.c.obj)
                0x0000000008001eb0                log_backend_enable
 .text.z_log_msg_runtime_vcreate
                0x0000000008001edc      0x104 zephyr/libzephyr.a(log_msg.c.obj)
                0x0000000008001edc                z_log_msg_runtime_vcreate
 .text.log_msg_get_source_id
                0x0000000008001fe0       0x18 zephyr/libzephyr.a(log_msg.c.obj)
                0x0000000008001fe0                log_msg_get_source_id
 .text.print_formatted
                0x0000000008001ff8       0x28 zephyr/libzephyr.a(log_output.c.obj)
 .text.timestamp_print
                0x0000000008002020       0x8c zephyr/libzephyr.a(log_output.c.obj)
 .text.color_print
                0x00000000080020ac       0x2c zephyr/libzephyr.a(log_output.c.obj)
 .text.ids_print
                0x00000000080020d8       0x70 zephyr/libzephyr.a(log_output.c.obj)
 .text.prefix_print
                0x0000000008002148       0xb0 zephyr/libzephyr.a(log_output.c.obj)
 .text.newline_print
                0x00000000080021f8       0x28 zephyr/libzephyr.a(log_output.c.obj)
 .text.hexdump_line_print
                0x0000000008002220       0xc4 zephyr/libzephyr.a(log_output.c.obj)
 .text.log_output_process
                0x00000000080022e4       0xb0 zephyr/libzephyr.a(log_output.c.obj)
                0x00000000080022e4                log_output_process
 .text.log_output_timestamp_freq_set
                0x0000000008002394       0x2c zephyr/libzephyr.a(log_output.c.obj)
                0x0000000008002394                log_output_timestamp_freq_set
 .text.char_out
                0x00000000080023c0       0x24 zephyr/libzephyr.a(log_backend_uart.c.obj)
 .text.log_backend_uart_init
                0x00000000080023e4       0x3c zephyr/libzephyr.a(log_backend_uart.c.obj)
 .text.mem_attr_get_regions
                0x0000000008002420        0xc zephyr/libzephyr.a(mem_attr.c.obj)
                0x0000000008002420                mem_attr_get_regions
 .text.esf_dump
                0x000000000800242c       0x94 zephyr/arch/arch/arm/core/libarch__arm__core.a(fatal.c.obj)
 .text.z_arm_fatal_error
                0x00000000080024c0       0x48 zephyr/arch/arch/arm/core/libarch__arm__core.a(fatal.c.obj)
                0x00000000080024c0                z_arm_fatal_error
 .text.z_arm_nmi
                0x0000000008002508       0x14 zephyr/arch/arch/arm/core/libarch__arm__core.a(nmi.c.obj)
                0x0000000008002508                z_arm_nmi
 .text.z_SysNmiOnReset
                0x000000000800251c        0x8 zephyr/arch/arch/arm/core/libarch__arm__core.a(nmi_on_reset.S.obj)
                0x000000000800251c                z_SysNmiOnReset
 .text._HandlerModeExit
                0x0000000008002524       0x28 zephyr/arch/arch/arm/core/cortex_m/libarch__arm__core__cortex_m.a(exc_exit.c.obj)
                0x0000000008002524                z_arm_exc_exit
                0x0000000008002524                z_arm_int_exit
 .text.z_arm_is_synchronous_svc
                0x000000000800254c       0x3c zephyr/arch/arch/arm/core/cortex_m/libarch__arm__core__cortex_m.a(fault.c.obj)
 .text.get_esf  0x0000000008002588       0x54 zephyr/arch/arch/arm/core/cortex_m/libarch__arm__core__cortex_m.a(fault.c.obj)
 .text.bus_fault
                0x00000000080025dc      0x164 zephyr/arch/arch/arm/core/cortex_m/libarch__arm__core__cortex_m.a(fault.c.obj)
 .text.usage_fault
                0x0000000008002740      0x120 zephyr/arch/arch/arm/core/cortex_m/libarch__arm__core__cortex_m.a(fault.c.obj)
 .text.debug_monitor
                0x0000000008002860       0x28 zephyr/arch/arch/arm/core/cortex_m/libarch__arm__core__cortex_m.a(fault.c.obj)
 .text.reserved_exception
                0x0000000008002888       0x40 zephyr/arch/arch/arm/core/cortex_m/libarch__arm__core__cortex_m.a(fault.c.obj)
 .text.mem_manage_fault
                0x00000000080028c8      0x1cc zephyr/arch/arch/arm/core/cortex_m/libarch__arm__core__cortex_m.a(fault.c.obj)
 .text.hard_fault
                0x0000000008002a94      0x15c zephyr/arch/arch/arm/core/cortex_m/libarch__arm__core__cortex_m.a(fault.c.obj)
 .text.z_arm_fault
                0x0000000008002bf0       0xb8 zephyr/arch/arch/arm/core/cortex_m/libarch__arm__core__cortex_m.a(fault.c.obj)
                0x0000000008002bf0                z_arm_fault
 .text.z_arm_fault_init
                0x0000000008002ca8       0x10 zephyr/arch/arch/arm/core/cortex_m/libarch__arm__core__cortex_m.a(fault.c.obj)
                0x0000000008002ca8                z_arm_fault_init
 .text.__fault  0x0000000008002cb8       0x14 zephyr/arch/arch/arm/core/cortex_m/libarch__arm__core__cortex_m.a(fault_s.S.obj)
                0x0000000008002cb8                z_arm_bus_fault
                0x0000000008002cb8                z_arm_usage_fault
                0x0000000008002cb8                z_arm_mpu_fault
                0x0000000008002cb8                z_arm_exc_spurious
                0x0000000008002cb8                z_arm_debug_monitor
                0x0000000008002cb8                z_arm_hard_fault
 .text._reset_section
                0x0000000008002ccc       0x38 zephyr/arch/arch/arm/core/cortex_m/libarch__arm__core__cortex_m.a(reset.S.obj)
                0x0000000008002ccc                z_arm_reset
                0x0000000008002ccc                __start
 .text.z_impl_k_thread_abort
                0x0000000008002d04       0x34 zephyr/arch/arch/arm/core/cortex_m/libarch__arm__core__cortex_m.a(thread_abort.c.obj)
                0x0000000008002d04                z_impl_k_thread_abort
 .text.arch_swap
                0x0000000008002d38       0x34 zephyr/arch/arch/arm/core/cortex_m/libarch__arm__core__cortex_m.a(swap.c.obj)
                0x0000000008002d38                arch_swap
 .text.z_arm_pendsv_c
                0x0000000008002d6c       0x44 zephyr/arch/arch/arm/core/cortex_m/libarch__arm__core__cortex_m.a(swap.c.obj)
                0x0000000008002d6c                z_arm_pendsv_c
 .text.z_arm_pendsv
                0x0000000008002db0       0x48 zephyr/arch/arch/arm/core/cortex_m/libarch__arm__core__cortex_m.a(swap_helper.S.obj)
                0x0000000008002db0                z_arm_pendsv
 .text.z_arm_svc
                0x0000000008002df8       0x20 zephyr/arch/arch/arm/core/cortex_m/libarch__arm__core__cortex_m.a(swap_helper.S.obj)
                0x0000000008002df8                z_arm_svc
 .text.__NVIC_EnableIRQ
                0x0000000008002e18       0x1c zephyr/arch/arch/arm/core/cortex_m/libarch__arm__core__cortex_m.a(irq_manage.c.obj)
 .text.__NVIC_SetPriority
                0x0000000008002e34       0x28 zephyr/arch/arch/arm/core/cortex_m/libarch__arm__core__cortex_m.a(irq_manage.c.obj)
 .text.z_arm_irq_priority_set
                0x0000000008002e5c       0x48 zephyr/arch/arch/arm/core/cortex_m/libarch__arm__core__cortex_m.a(irq_manage.c.obj)
                0x0000000008002e5c                z_arm_irq_priority_set
 .text.z_prep_c
                0x0000000008002ea4       0x48 zephyr/arch/arch/arm/core/cortex_m/libarch__arm__core__cortex_m.a(prep_c.c.obj)
                0x0000000008002ea4                z_prep_c
 .text.arch_new_thread
                0x0000000008002eec       0x44 zephyr/arch/arch/arm/core/cortex_m/libarch__arm__core__cortex_m.a(thread.c.obj)
                0x0000000008002eec                arch_new_thread
 .text.z_check_thread_stack_fail
                0x0000000008002f30       0x48 zephyr/arch/arch/arm/core/cortex_m/libarch__arm__core__cortex_m.a(thread.c.obj)
                0x0000000008002f30                z_check_thread_stack_fail
 .text.arch_switch_to_main_thread
                0x0000000008002f78       0x44 zephyr/arch/arch/arm/core/cortex_m/libarch__arm__core__cortex_m.a(thread.c.obj)
                0x0000000008002f78                arch_switch_to_main_thread
 .text.z_arm_cpu_idle_init
                0x0000000008002fbc        0xc zephyr/arch/arch/arm/core/cortex_m/libarch__arm__core__cortex_m.a(cpu_idle.c.obj)
                0x0000000008002fbc                z_arm_cpu_idle_init
 .text.z_arm_interrupt_init
                0x0000000008002fc8       0x34 zephyr/arch/arch/arm/core/cortex_m/libarch__arm__core__cortex_m.a(irq_init.c.obj)
                0x0000000008002fc8                z_arm_interrupt_init
 .text._isr_wrapper
                0x0000000008002ffc       0x20 zephyr/arch/arch/arm/core/cortex_m/libarch__arm__core__cortex_m.a(isr_wrapper.c.obj)
                0x0000000008002ffc                _isr_wrapper
 .text.z_arm_configure_static_mpu_regions
                0x000000000800301c       0x1c zephyr/arch/arch/arm/core/mpu/libarch__arm__core__mpu.a(arm_core_mpu.c.obj)
                0x000000000800301c                z_arm_configure_static_mpu_regions
 .text.z_arm_configure_dynamic_mpu_regions
                0x0000000008003038       0x24 zephyr/arch/arch/arm/core/mpu/libarch__arm__core__mpu.a(arm_core_mpu.c.obj)
                0x0000000008003038                z_arm_configure_dynamic_mpu_regions
 .text.region_init
                0x000000000800305c       0x28 zephyr/arch/arch/arm/core/mpu/libarch__arm__core__mpu.a(arm_mpu.c.obj)
 .text.region_allocate_and_init
                0x0000000008003084       0x48 zephyr/arch/arch/arm/core/mpu/libarch__arm__core__mpu.a(arm_mpu.c.obj)
 .text.mpu_configure_regions
                0x00000000080030cc       0x70 zephyr/arch/arch/arm/core/mpu/libarch__arm__core__mpu.a(arm_mpu.c.obj)
 .text.mpu_configure_static_mpu_regions
                0x000000000800313c       0x14 zephyr/arch/arch/arm/core/mpu/libarch__arm__core__mpu.a(arm_mpu.c.obj)
 .text.mpu_configure_dynamic_mpu_regions
                0x0000000008003150       0x3c zephyr/arch/arch/arm/core/mpu/libarch__arm__core__mpu.a(arm_mpu.c.obj)
 .text.mpu_configure_regions_from_dt
                0x000000000800318c      0x1f0 zephyr/arch/arch/arm/core/mpu/libarch__arm__core__mpu.a(arm_mpu.c.obj)
 .text.arm_core_mpu_enable
                0x000000000800337c       0x18 zephyr/arch/arch/arm/core/mpu/libarch__arm__core__mpu.a(arm_mpu.c.obj)
                0x000000000800337c                arm_core_mpu_enable
 .text.arm_core_mpu_disable
                0x0000000008003394       0x14 zephyr/arch/arch/arm/core/mpu/libarch__arm__core__mpu.a(arm_mpu.c.obj)
                0x0000000008003394                arm_core_mpu_disable
 .text.arm_core_mpu_configure_static_mpu_regions
                0x00000000080033a8       0x44 zephyr/arch/arch/arm/core/mpu/libarch__arm__core__mpu.a(arm_mpu.c.obj)
                0x00000000080033a8                arm_core_mpu_configure_static_mpu_regions
 .text.arm_core_mpu_configure_dynamic_mpu_regions
                0x00000000080033ec       0x44 zephyr/arch/arch/arm/core/mpu/libarch__arm__core__mpu.a(arm_mpu.c.obj)
                0x00000000080033ec                arm_core_mpu_configure_dynamic_mpu_regions
 .text.z_arm_mpu_init
                0x0000000008003430      0x110 zephyr/arch/arch/arm/core/mpu/libarch__arm__core__mpu.a(arm_mpu.c.obj)
                0x0000000008003430                z_arm_mpu_init
 .text.malloc_prepare
                0x0000000008003540       0x48 zephyr/lib/libc/newlib/liblib__libc__newlib.a(libc-hooks.c.obj)
 .text.__stdout_hook_install
                0x0000000008003588        0xc zephyr/lib/libc/newlib/liblib__libc__newlib.a(libc-hooks.c.obj)
                0x0000000008003588                __stdout_hook_install
 .text.stm32_exti_isr
                0x0000000008003594       0x4c zephyr/drivers/interrupt_controller/libdrivers__interrupt_controller.a(intc_exti_stm32.c.obj)
 .text.stm32_fill_irq_table
                0x00000000080035e0       0x24 zephyr/drivers/interrupt_controller/libdrivers__interrupt_controller.a(intc_exti_stm32.c.obj)
 .text.stm32_exti_enable
                0x0000000008003604       0x24 zephyr/drivers/interrupt_controller/libdrivers__interrupt_controller.a(intc_exti_stm32.c.obj)
                0x0000000008003604                stm32_exti_enable
 .text.stm32_exti_disable
                0x0000000008003628       0x18 zephyr/drivers/interrupt_controller/libdrivers__interrupt_controller.a(intc_exti_stm32.c.obj)
                0x0000000008003628                stm32_exti_disable
 .text.stm32_exti_trigger
                0x0000000008003640       0x68 zephyr/drivers/interrupt_controller/libdrivers__interrupt_controller.a(intc_exti_stm32.c.obj)
                0x0000000008003640                stm32_exti_trigger
 .text.stm32_exti_set_callback
                0x00000000080036a8       0x3c zephyr/drivers/interrupt_controller/libdrivers__interrupt_controller.a(intc_exti_stm32.c.obj)
                0x00000000080036a8                stm32_exti_set_callback
 .text.stm32_exti_unset_callback
                0x00000000080036e4       0x14 zephyr/drivers/interrupt_controller/libdrivers__interrupt_controller.a(intc_exti_stm32.c.obj)
                0x00000000080036e4                stm32_exti_unset_callback
 .text.update_sample_pnt
                0x00000000080036f8      0x100 zephyr/drivers/can/libdrivers__can.a(can_common.c.obj)
 .text.sample_point_for_bitrate
                0x00000000080037f8       0x28 zephyr/drivers/can/libdrivers__can.a(can_common.c.obj)
 .text.can_msgq_put
                0x0000000008003820       0x60 zephyr/drivers/can/libdrivers__can.a(can_common.c.obj)
 .text.z_impl_can_send
                0x0000000008003880       0xdc zephyr/drivers/can/libdrivers__can.a(can_common.c.obj)
                0x0000000008003880                z_impl_can_send
 .text.z_impl_can_add_rx_filter_msgq
                0x000000000800395c       0x14 zephyr/drivers/can/libdrivers__can.a(can_common.c.obj)
                0x000000000800395c                z_impl_can_add_rx_filter_msgq
 .text.z_impl_can_calc_timing
                0x0000000008003970       0x2c zephyr/drivers/can/libdrivers__can.a(can_common.c.obj)
                0x0000000008003970                z_impl_can_calc_timing
 .text.z_impl_can_calc_timing_data
                0x000000000800399c       0x2c zephyr/drivers/can/libdrivers__can.a(can_common.c.obj)
                0x000000000800399c                z_impl_can_calc_timing_data
 .text.can_mcan_add_rx_filter_ext
                0x00000000080039c8      0x130 zephyr/drivers/can/libdrivers__can.a(can_mcan.c.obj)
 .text.can_mcan_read_reg
                0x0000000008003af8       0x3c zephyr/drivers/can/libdrivers__can.a(can_mcan.c.obj)
                0x0000000008003af8                can_mcan_read_reg
 .text.can_mcan_write_reg
                0x0000000008003b34       0x3c zephyr/drivers/can/libdrivers__can.a(can_mcan.c.obj)
                0x0000000008003b34                can_mcan_write_reg
 .text.can_mcan_tx_event_handler
                0x0000000008003b70       0xdc zephyr/drivers/can/libdrivers__can.a(can_mcan.c.obj)
 .text.can_mcan_get_message
                0x0000000008003c4c      0x234 zephyr/drivers/can/libdrivers__can.a(can_mcan.c.obj)
 .text.can_mcan_exit_sleep_mode
                0x0000000008003e80       0xa4 zephyr/drivers/can/libdrivers__can.a(can_mcan.c.obj)
 .text.can_mcan_set_timing
                0x0000000008003f24       0x64 zephyr/drivers/can/libdrivers__can.a(can_mcan.c.obj)
                0x0000000008003f24                can_mcan_set_timing
 .text.can_mcan_start
                0x0000000008003f88       0x88 zephyr/drivers/can/libdrivers__can.a(can_mcan.c.obj)
                0x0000000008003f88                can_mcan_start
 .text.can_mcan_set_mode
                0x0000000008004010       0xf4 zephyr/drivers/can/libdrivers__can.a(can_mcan.c.obj)
                0x0000000008004010                can_mcan_set_mode
 .text.can_mcan_line_1_isr
                0x0000000008004104       0xac zephyr/drivers/can/libdrivers__can.a(can_mcan.c.obj)
                0x0000000008004104                can_mcan_line_1_isr
 .text.can_mcan_line_0_isr
                0x00000000080041b0       0xd0 zephyr/drivers/can/libdrivers__can.a(can_mcan.c.obj)
                0x00000000080041b0                can_mcan_line_0_isr
 .text.can_mcan_send
                0x0000000008004280      0x30c zephyr/drivers/can/libdrivers__can.a(can_mcan.c.obj)
                0x0000000008004280                can_mcan_send
 .text.can_mcan_add_rx_filter_std
                0x000000000800458c      0x138 zephyr/drivers/can/libdrivers__can.a(can_mcan.c.obj)
                0x000000000800458c                can_mcan_add_rx_filter_std
 .text.can_mcan_add_rx_filter
                0x00000000080046c4       0x50 zephyr/drivers/can/libdrivers__can.a(can_mcan.c.obj)
                0x00000000080046c4                can_mcan_add_rx_filter
 .text.can_mcan_remove_rx_filter
                0x0000000008004714      0x108 zephyr/drivers/can/libdrivers__can.a(can_mcan.c.obj)
                0x0000000008004714                can_mcan_remove_rx_filter
 .text.can_mcan_stop
                0x000000000800481c       0xbc zephyr/drivers/can/libdrivers__can.a(can_mcan.c.obj)
                0x000000000800481c                can_mcan_stop
 .text.can_mcan_init
                0x00000000080048d8      0x3cc zephyr/drivers/can/libdrivers__can.a(can_mcan.c.obj)
                0x00000000080048d8                can_mcan_init
 .text.can_stm32fd_get_core_clock
                0x0000000008004ca4       0x58 zephyr/drivers/can/libdrivers__can.a(can_stm32_fdcan.c.obj)
 .text.can_mcan_sys_clear_mram
                0x0000000008004cfc       0xac zephyr/drivers/can/libdrivers__can.a(can_stm32_fdcan.c.obj)
 .text.can_mcan_sys_write_mram
                0x0000000008004da8       0xe0 zephyr/drivers/can/libdrivers__can.a(can_stm32_fdcan.c.obj)
 .text.can_mcan_sys_read_mram
                0x0000000008004e88       0xe0 zephyr/drivers/can/libdrivers__can.a(can_stm32_fdcan.c.obj)
 .text.can_stm32fd_remap_reg
                0x0000000008004f68       0xf4 zephyr/drivers/can/libdrivers__can.a(can_stm32_fdcan.c.obj)
 .text.can_stm32fd_clock_enable
                0x000000000800505c       0x90 zephyr/drivers/can/libdrivers__can.a(can_stm32_fdcan.c.obj)
 .text.can_stm32fd_init
                0x00000000080050ec       0xb4 zephyr/drivers/can/libdrivers__can.a(can_stm32_fdcan.c.obj)
 .text.stm32_clock_switch_to_hsi
                0x00000000080051a0       0x48 zephyr/drivers/clock_control/libdrivers__clock_control.a(clock_stm32_ll_common.c.obj)
 .text.set_up_fixed_clock_sources
                0x00000000080051e8       0x74 zephyr/drivers/clock_control/libdrivers__clock_control.a(clock_stm32_ll_common.c.obj)
 .text.set_up_plls
                0x000000000800525c       0x78 zephyr/drivers/clock_control/libdrivers__clock_control.a(clock_stm32_ll_common.c.obj)
 .text.get_pll_div_frequency
                0x00000000080052d4       0x38 zephyr/drivers/clock_control/libdrivers__clock_control.a(clock_stm32_ll_common.c.obj)
 .text.stm32_clock_control_get_subsys_rate
                0x000000000800530c      0x124 zephyr/drivers/clock_control/libdrivers__clock_control.a(clock_stm32_ll_common.c.obj)
 .text.stm32_clock_control_init
                0x0000000008005430       0x98 zephyr/drivers/clock_control/libdrivers__clock_control.a(clock_stm32_ll_common.c.obj)
                0x0000000008005430                stm32_clock_control_init
 .text.get_pllsrc_frequency
                0x00000000080054c8        0x8 zephyr/drivers/clock_control/libdrivers__clock_control.a(clock_stm32g4.c.obj)
                0x00000000080054c8                get_pllsrc_frequency
 .text.config_pll_sysclock
                0x00000000080054d0       0x40 zephyr/drivers/clock_control/libdrivers__clock_control.a(clock_stm32g4.c.obj)
                0x00000000080054d0                config_pll_sysclock
 .text.config_enable_default_clocks
                0x0000000008005510       0x20 zephyr/drivers/clock_control/libdrivers__clock_control.a(clock_stm32g4.c.obj)
                0x0000000008005510                config_enable_default_clocks
 .text.console_out
                0x0000000008005530       0x28 zephyr/drivers/console/libdrivers__console.a(uart_console.c.obj)
 .text.uart_console_hook_install
                0x0000000008005558       0x18 zephyr/drivers/console/libdrivers__console.a(uart_console.c.obj)
 .text.uart_console_init
                0x0000000008005570       0x1c zephyr/drivers/console/libdrivers__console.a(uart_console.c.obj)
 .text.gpio_stm32_clock_request
                0x000000000800558c       0x28 zephyr/drivers/gpio/libdrivers__gpio.a(gpio_stm32.c.obj)
 .text.LL_SYSCFG_SetEXTISource
                0x00000000080055b4       0x3c zephyr/drivers/gpio/libdrivers__gpio.a(gpio_stm32.c.obj)
 .text.gpio_stm32_enable_int
                0x00000000080055f0       0x3c zephyr/drivers/gpio/libdrivers__gpio.a(gpio_stm32.c.obj)
 .text.LL_SYSCFG_GetEXTISource
                0x000000000800562c       0x2c zephyr/drivers/gpio/libdrivers__gpio.a(gpio_stm32.c.obj)
 .text.gpio_manage_callback
                0x0000000008005658       0x94 zephyr/drivers/gpio/libdrivers__gpio.a(gpio_stm32.c.obj)
 .text.gpio_fire_callbacks
                0x00000000080056ec       0x70 zephyr/drivers/gpio/libdrivers__gpio.a(gpio_stm32.c.obj)
 .text.gpio_stm32_pin_interrupt_configure
                0x000000000800575c       0x98 zephyr/drivers/gpio/libdrivers__gpio.a(gpio_stm32.c.obj)
 .text.gpio_stm32_init
                0x00000000080057f4       0x2c zephyr/drivers/gpio/libdrivers__gpio.a(gpio_stm32.c.obj)
 .text.stm32_pin_configure
                0x0000000008005820       0x40 zephyr/drivers/pinctrl/libdrivers__pinctrl.a(pinctrl_stm32.c.obj)
 .text.pinctrl_configure_pins
                0x0000000008005860       0x88 zephyr/drivers/pinctrl/libdrivers__pinctrl.a(pinctrl_stm32.c.obj)
                0x0000000008005860                pinctrl_configure_pins
 .text.LL_LPUART_SetBaudRate
                0x00000000080058e8       0x44 zephyr/drivers/serial/libdrivers__serial.a(uart_stm32.c.obj)
 .text.uart_stm32_cfg2ll_stopbits
                0x000000000800592c       0x40 zephyr/drivers/serial/libdrivers__serial.a(uart_stm32.c.obj)
 .text.uart_stm32_poll_in
                0x000000000800596c       0x10 zephyr/drivers/serial/libdrivers__serial.a(uart_stm32.c.obj)
 .text.uart_stm32_poll_out
                0x000000000800597c       0x1c zephyr/drivers/serial/libdrivers__serial.a(uart_stm32.c.obj)
 .text.uart_stm32_clocks_enable
                0x0000000008005998       0x64 zephyr/drivers/serial/libdrivers__serial.a(uart_stm32.c.obj)
 .text.lpuartdiv_calc
                0x00000000080059fc       0x30 zephyr/drivers/serial/libdrivers__serial.a(uart_stm32.c.obj)
                0x00000000080059fc                lpuartdiv_calc
 .text.uart_stm32_set_baudrate
                0x0000000008005a2c      0x168 zephyr/drivers/serial/libdrivers__serial.a(uart_stm32.c.obj)
 .text.uart_stm32_configure
                0x0000000008005b94      0x15c zephyr/drivers/serial/libdrivers__serial.a(uart_stm32.c.obj)
 .text.uart_stm32_registers_configure
                0x0000000008005cf0      0x154 zephyr/drivers/serial/libdrivers__serial.a(uart_stm32.c.obj)
 .text.elapsed  0x0000000008005e44       0x48 zephyr/drivers/timer/libdrivers__timer.a(cortex_m_systick.c.obj)
 .text.sys_clock_driver_init
                0x0000000008005e8c       0x38 zephyr/drivers/timer/libdrivers__timer.a(cortex_m_systick.c.obj)
 .text.sys_clock_isr
                0x0000000008005ec4       0x5c zephyr/drivers/timer/libdrivers__timer.a(cortex_m_systick.c.obj)
                0x0000000008005ec4                sys_clock_isr
 .text.sys_clock_set_timeout
                0x0000000008005f20      0x190 zephyr/drivers/timer/libdrivers__timer.a(cortex_m_systick.c.obj)
                0x0000000008005f20                sys_clock_set_timeout
 .text.sys_clock_elapsed
                0x00000000080060b0       0xb4 zephyr/drivers/timer/libdrivers__timer.a(cortex_m_systick.c.obj)
                0x00000000080060b0                sys_clock_elapsed
 .text.sys_clock_cycle_get_32
                0x0000000008006164       0xa0 zephyr/drivers/timer/libdrivers__timer.a(cortex_m_systick.c.obj)
                0x0000000008006164                sys_clock_cycle_get_32
 .text.HAL_RCC_GetSysClockFreq
                0x0000000008006204       0x88 modules/stm32/stm32cube/lib..__modules__hal__stm32__stm32cube.a(stm32g4xx_hal_rcc.c.obj)
                0x0000000008006204                HAL_RCC_GetSysClockFreq
 .text.RCC_GetHCLKClockFreq
                0x000000000800628c       0x1c modules/stm32/stm32cube/lib..__modules__hal__stm32__stm32cube.a(stm32g4xx_ll_rcc.c.obj)
 .text.RCC_GetPCLK1ClockFreq
                0x00000000080062a8       0x1c modules/stm32/stm32cube/lib..__modules__hal__stm32__stm32cube.a(stm32g4xx_ll_rcc.c.obj)
 .text.RCC_PLL_GetFreqDomain_SYS
                0x00000000080062c4       0x48 modules/stm32/stm32cube/lib..__modules__hal__stm32__stm32cube.a(stm32g4xx_ll_rcc.c.obj)
 .text.RCC_GetSystemClockFreq
                0x000000000800630c       0x2c modules/stm32/stm32cube/lib..__modules__hal__stm32__stm32cube.a(stm32g4xx_ll_rcc.c.obj)
 .text.RCC_PLL_GetFreqDomain_48M
                0x0000000008006338       0x48 modules/stm32/stm32cube/lib..__modules__hal__stm32__stm32cube.a(stm32g4xx_ll_rcc.c.obj)
 .text.LL_RCC_GetFDCANClockFreq
                0x0000000008006380       0x5c modules/stm32/stm32cube/lib..__modules__hal__stm32__stm32cube.a(stm32g4xx_ll_rcc.c.obj)
                0x0000000008006380                LL_RCC_GetFDCANClockFreq
 .text.LL_SetFlashLatency
                0x00000000080063dc      0x120 modules/stm32/stm32cube/lib..__modules__hal__stm32__stm32cube.a(stm32g4xx_ll_utils.c.obj)
                0x00000000080063dc                LL_SetFlashLatency
 .text.z_device_state_init
                0x00000000080064fc       0x4c zephyr/kernel/libkernel.a(device.c.obj)
                0x00000000080064fc                z_device_state_init
 .text.reason_to_str
                0x0000000008006548       0x40 zephyr/kernel/libkernel.a(fatal.c.obj)
 .text.thread_name_get
                0x0000000008006588       0x20 zephyr/kernel/libkernel.a(fatal.c.obj)
 .text.k_sys_fatal_error_handler
                0x00000000080065a8       0x2c zephyr/kernel/libkernel.a(fatal.c.obj)
                0x00000000080065a8                k_sys_fatal_error_handler
 .text.z_fatal_error
                0x00000000080065d4       0xdc zephyr/kernel/libkernel.a(fatal.c.obj)
                0x00000000080065d4                z_fatal_error
 .text.z_sys_init_run_level
                0x00000000080066b0       0x34 zephyr/kernel/libkernel.a(init.c.obj)
 .text.init_idle_thread
                0x00000000080066e4       0x64 zephyr/kernel/libkernel.a(init.c.obj)
 .text.thread_schedule_new
                0x0000000008006748       0x1c zephyr/kernel/libkernel.a(init.c.obj)
 .text.z_init_static_threads
                0x0000000008006764       0xc4 zephyr/kernel/libkernel.a(init.c.obj)
 .text.bg_thread_main
                0x0000000008006828       0x38 zephyr/kernel/libkernel.a(init.c.obj)
 .text.switch_to_main_thread
                0x0000000008006860       0x14 zephyr/kernel/libkernel.a(init.c.obj)
 .text.z_bss_zero
                0x0000000008006874       0x18 zephyr/kernel/libkernel.a(init.c.obj)
                0x0000000008006874                z_bss_zero
 .text.z_init_cpu
                0x000000000800688c       0x54 zephyr/kernel/libkernel.a(init.c.obj)
                0x000000000800688c                z_init_cpu
 .text.prepare_multithreading
                0x00000000080068e0       0x60 zephyr/kernel/libkernel.a(init.c.obj)
 .text.z_cstart
                0x0000000008006940       0x90 zephyr/kernel/libkernel.a(init.c.obj)
                0x0000000008006940                z_cstart
 .text.__do_global_ctors_aux
                0x00000000080069d0       0x20 zephyr/kernel/libkernel.a(init_static.c.obj)
                0x00000000080069d0                __do_global_ctors_aux
 .text.__do_init_array_aux
                0x00000000080069f0       0x1c zephyr/kernel/libkernel.a(init_static.c.obj)
                0x00000000080069f0                __do_init_array_aux
 .text.idle     0x0000000008006a0c       0x48 zephyr/kernel/libkernel.a(idle.c.obj)
                0x0000000008006a0c                idle
 .text.arch_spin_relax
                0x0000000008006a54       0x44 zephyr/kernel/libkernel.a(idle.c.obj)
                0x0000000008006a54                arch_spin_relax
 .text.z_impl_k_msgq_put
                0x0000000008006a98      0x17c zephyr/kernel/libkernel.a(msg_q.c.obj)
                0x0000000008006a98                z_impl_k_msgq_put
 .text.z_impl_k_msgq_get
                0x0000000008006c14      0x194 zephyr/kernel/libkernel.a(msg_q.c.obj)
                0x0000000008006c14                z_impl_k_msgq_get
 .text.z_impl_k_mutex_lock
                0x0000000008006da8      0x230 zephyr/kernel/libkernel.a(mutex.c.obj)
                0x0000000008006da8                z_impl_k_mutex_lock
 .text.z_impl_k_mutex_unlock
                0x0000000008006fd8      0x138 zephyr/kernel/libkernel.a(mutex.c.obj)
                0x0000000008006fd8                z_impl_k_mutex_unlock
 .text.z_impl_k_sem_give
                0x0000000008007110       0xbc zephyr/kernel/libkernel.a(sem.c.obj)
                0x0000000008007110                z_impl_k_sem_give
 .text.z_impl_k_sem_take
                0x00000000080071cc      0x124 zephyr/kernel/libkernel.a(sem.c.obj)
                0x00000000080071cc                z_impl_k_sem_take
 .text.thread_schedule_new
                0x00000000080072f0       0x1c zephyr/kernel/libkernel.a(thread.c.obj)
 .text.z_setup_new_thread
                0x000000000800730c      0x1a0 zephyr/kernel/libkernel.a(thread.c.obj)
                0x000000000800730c                z_setup_new_thread
 .text.z_impl_k_thread_create
                0x00000000080074ac       0x7c zephyr/kernel/libkernel.a(thread.c.obj)
                0x00000000080074ac                z_impl_k_thread_create
 .text.z_thread_mark_switched_in
                0x0000000008007528       0x10 zephyr/kernel/libkernel.a(thread.c.obj)
                0x0000000008007528                z_thread_mark_switched_in
 .text.pended_on_thread
                0x0000000008007538       0x30 zephyr/kernel/libkernel.a(sched.c.obj)
 .text.z_sched_lock
                0x0000000008007568       0x68 zephyr/kernel/libkernel.a(sched.c.obj)
 .text.update_cache
                0x00000000080075d0       0x78 zephyr/kernel/libkernel.a(sched.c.obj)
 .text.unready_thread
                0x0000000008007648       0x64 zephyr/kernel/libkernel.a(sched.c.obj)
 .text.add_thread_timeout
                0x00000000080076ac       0x20 zephyr/kernel/libkernel.a(sched.c.obj)
 .text.ready_thread
                0x00000000080076cc       0xa4 zephyr/kernel/libkernel.a(sched.c.obj)
 .text.halt_thread
                0x0000000008007770       0xe4 zephyr/kernel/libkernel.a(sched.c.obj)
 .text.thread_halt_spin
                0x0000000008007854       0x94 zephyr/kernel/libkernel.a(sched.c.obj)
 .text.z_thread_halt
                0x00000000080078e8      0x138 zephyr/kernel/libkernel.a(sched.c.obj)
 .text.move_thread_to_end_of_prio_q
                0x0000000008007a20       0xd4 zephyr/kernel/libkernel.a(sched.c.obj)
                0x0000000008007a20                move_thread_to_end_of_prio_q
 .text.z_ready_thread
                0x0000000008007af4       0xa8 zephyr/kernel/libkernel.a(sched.c.obj)
                0x0000000008007af4                z_ready_thread
 .text.z_impl_k_thread_suspend
                0x0000000008007b9c       0xa8 zephyr/kernel/libkernel.a(sched.c.obj)
                0x0000000008007b9c                z_impl_k_thread_suspend
 .text.z_sched_wake_thread
                0x0000000008007c44       0xc4 zephyr/kernel/libkernel.a(sched.c.obj)
                0x0000000008007c44                z_sched_wake_thread
 .text.z_pend_curr
                0x0000000008007d08      0x100 zephyr/kernel/libkernel.a(sched.c.obj)
                0x0000000008007d08                z_pend_curr
 .text.z_unpend_first_thread
                0x0000000008007e08       0xb8 zephyr/kernel/libkernel.a(sched.c.obj)
                0x0000000008007e08                z_unpend_first_thread
 .text.z_thread_prio_set
                0x0000000008007ec0      0x154 zephyr/kernel/libkernel.a(sched.c.obj)
                0x0000000008007ec0                z_thread_prio_set
 .text.z_reschedule
                0x0000000008008014       0x90 zephyr/kernel/libkernel.a(sched.c.obj)
                0x0000000008008014                z_reschedule
 .text.z_sched_start
                0x00000000080080a4       0xac zephyr/kernel/libkernel.a(sched.c.obj)
                0x00000000080080a4                z_sched_start
 .text.z_reschedule_irqlock
                0x0000000008008150       0x2c zephyr/kernel/libkernel.a(sched.c.obj)
                0x0000000008008150                z_reschedule_irqlock
 .text.k_sched_lock
                0x000000000800817c       0x98 zephyr/kernel/libkernel.a(sched.c.obj)
                0x000000000800817c                k_sched_lock
 .text.k_sched_unlock
                0x0000000008008214      0x10c zephyr/kernel/libkernel.a(sched.c.obj)
                0x0000000008008214                k_sched_unlock
 .text.z_sched_init
                0x0000000008008320       0x10 zephyr/kernel/libkernel.a(sched.c.obj)
                0x0000000008008320                z_sched_init
 .text.z_impl_k_yield
                0x0000000008008330      0x17c zephyr/kernel/libkernel.a(sched.c.obj)
                0x0000000008008330                z_impl_k_yield
 .text.z_tick_sleep
                0x00000000080084ac      0x174 zephyr/kernel/libkernel.a(sched.c.obj)
 .text.z_impl_k_sleep
                0x0000000008008620       0x5c zephyr/kernel/libkernel.a(sched.c.obj)
                0x0000000008008620                z_impl_k_sleep
 .text.z_impl_k_sched_current_thread_query
                0x000000000800867c        0xc zephyr/kernel/libkernel.a(sched.c.obj)
                0x000000000800867c                z_impl_k_sched_current_thread_query
 .text.z_thread_abort
                0x0000000008008688      0x10c zephyr/kernel/libkernel.a(sched.c.obj)
                0x0000000008008688                z_thread_abort
 .text.slice_timeout
                0x0000000008008794       0x6c zephyr/kernel/libkernel.a(timeslicing.c.obj)
 .text.thread_is_sliceable
                0x0000000008008800       0x4c zephyr/kernel/libkernel.a(timeslicing.c.obj)
                0x0000000008008800                thread_is_sliceable
 .text.z_reset_time_slice
                0x000000000800884c       0x50 zephyr/kernel/libkernel.a(timeslicing.c.obj)
                0x000000000800884c                z_reset_time_slice
 .text.z_time_slice
                0x000000000800889c      0x10c zephyr/kernel/libkernel.a(timeslicing.c.obj)
                0x000000000800889c                z_time_slice
 .text.z_spin_lock_valid
                0x00000000080089a8       0x20 zephyr/kernel/libkernel.a(spinlock_validate.c.obj)
                0x00000000080089a8                z_spin_lock_valid
 .text.z_spin_unlock_valid
                0x00000000080089c8       0x34 zephyr/kernel/libkernel.a(spinlock_validate.c.obj)
                0x00000000080089c8                z_spin_unlock_valid
 .text.z_spin_lock_set_owner
                0x00000000080089fc       0x10 zephyr/kernel/libkernel.a(spinlock_validate.c.obj)
                0x00000000080089fc                z_spin_lock_set_owner
 .text.z_thread_monitor_exit
                0x0000000008008a0c       0xbc zephyr/kernel/libkernel.a(thread_monitor.c.obj)
                0x0000000008008a0c                z_thread_monitor_exit
 .text.z_data_copy
                0x0000000008008ac8       0x34 zephyr/kernel/libkernel.a(xip.c.obj)
                0x0000000008008ac8                z_data_copy
 .text.first    0x0000000008008afc       0x14 zephyr/kernel/libkernel.a(timeout.c.obj)
 .text.next     0x0000000008008b10       0x18 zephyr/kernel/libkernel.a(timeout.c.obj)
 .text.elapsed  0x0000000008008b28       0x18 zephyr/kernel/libkernel.a(timeout.c.obj)
 .text.z_add_timeout
                0x0000000008008b40      0x1a8 zephyr/kernel/libkernel.a(timeout.c.obj)
                0x0000000008008b40                z_add_timeout
 .text.z_abort_timeout
                0x0000000008008ce8       0xb4 zephyr/kernel/libkernel.a(timeout.c.obj)
                0x0000000008008ce8                z_abort_timeout
 .text.sys_clock_announce
                0x0000000008008d9c      0x190 zephyr/kernel/libkernel.a(timeout.c.obj)
                0x0000000008008d9c                sys_clock_announce
 .text.sys_clock_tick_get
                0x0000000008008f2c       0xb0 zephyr/kernel/libkernel.a(timeout.c.obj)
                0x0000000008008f2c                sys_clock_tick_get
 .text.z_sched_usage_start
                0x0000000008008fdc       0x10 zephyr/kernel/libkernel.a(usage.c.obj)
                0x0000000008008fdc                z_sched_usage_start
 .text.z_sched_usage_stop
                0x0000000008008fec       0xc0 zephyr/kernel/libkernel.a(usage.c.obj)
                0x0000000008008fec                z_sched_usage_stop
 .text.boot_banner
                0x00000000080090ac       0x10 zephyr/kernel/libkernel.a(banner.c.obj)
                0x00000000080090ac                boot_banner
 .text.statics_init
                0x00000000080090bc       0x58 zephyr/kernel/libkernel.a(kheap.c.obj)
 .text._OffsetAbsSyms
                0x0000000008009114        0x2 zephyr/CMakeFiles/offsets.dir/./arch/arm/core/offsets/offsets.c.obj
                0x0000000008009114                _OffsetAbsSyms
 .text.z_log_msg_runtime_create
                0x0000000008009116       0x1e app/libapp.a(main.cpp.obj)
 .text.gpio_pin_configure_dt
                0x0000000008009134       0x16 app/libapp.a(gpio_overlay.cpp.obj)
 .text.z_log_msg_runtime_create
                0x000000000800914a       0x1e app/libapp.a(alarm.cpp.obj)
 .text.free_list_add_bidx
                0x0000000008009168       0x4e zephyr/libzephyr.a(heap.c.obj)
 .text.free_list_add
                0x00000000080091b6       0x18 zephyr/libzephyr.a(heap.c.obj)
 .text.cbprintf_via_va_list
                0x00000000080091ce        0xe zephyr/libzephyr.a(cbprintf_packaged.c.obj)
 .text.cbpprintf_external
                0x00000000080091dc       0x60 zephyr/libzephyr.a(cbprintf_packaged.c.obj)
                0x00000000080091dc                cbpprintf_external
 .text.arch_printk_char_out
                0x000000000800923c        0x4 zephyr/libzephyr.a(printk.c.obj)
                0x000000000800923c                arch_printk_char_out
 .text.vprintk  0x0000000008009240        0x8 zephyr/libzephyr.a(printk.c.obj)
                0x0000000008009240                vprintk
 .text.printk   0x0000000008009248       0x1c zephyr/libzephyr.a(printk.c.obj)
                0x0000000008009248                printk
 .text.z_thread_entry
                0x0000000008009264       0x14 zephyr/libzephyr.a(thread_entry.c.obj)
                0x0000000008009264                z_thread_entry
 .text.extract_width
                0x0000000008009278       0x5e zephyr/libzephyr.a(cbprintf_complete.c.obj)
 .text.extract_prec
                0x00000000080092d6       0x64 zephyr/libzephyr.a(cbprintf_complete.c.obj)
 .text.extract_length
                0x000000000800933a       0xce zephyr/libzephyr.a(cbprintf_complete.c.obj)
 .text.extract_specifier
                0x0000000008009408      0x122 zephyr/libzephyr.a(cbprintf_complete.c.obj)
 .text.extract_conversion
                0x000000000800952a       0x44 zephyr/libzephyr.a(cbprintf_complete.c.obj)
 .text.conversion_radix
                0x000000000800956e       0x2a zephyr/libzephyr.a(cbprintf_complete.c.obj)
 .text.store_count
                0x0000000008009598       0x3e zephyr/libzephyr.a(cbprintf_complete.c.obj)
 .text.outs     0x00000000080095d6       0x30 zephyr/libzephyr.a(cbprintf_complete.c.obj)
 .text.assert_post_action
                0x0000000008009606       0x12 zephyr/libzephyr.a(assert.c.obj)
                0x0000000008009606                assert_post_action
 .text.assert_print
                0x0000000008009618       0x1c zephyr/libzephyr.a(assert.c.obj)
                0x0000000008009618                assert_print
 .text._ConfigAbsSyms
                0x0000000008009634        0x2 zephyr/libzephyr.a(configs.c.obj)
                0x0000000008009634                _ConfigAbsSyms
 .text.dummy_timestamp
                0x0000000008009636        0x4 zephyr/libzephyr.a(log_core.c.obj)
 .text.msg_filter_check
                0x000000000800963a        0x4 zephyr/libzephyr.a(log_core.c.obj)
 .text.msg_commit
                0x000000000800963e        0xa zephyr/libzephyr.a(log_core.c.obj)
 .text.default_lf_get_timestamp
                0x0000000008009648        0x8 zephyr/libzephyr.a(log_core.c.obj)
 .text.k_msleep
                0x0000000008009650        0xe zephyr/libzephyr.a(log_core.c.obj)
 .text.enable_logger
                0x000000000800965e        0xe zephyr/libzephyr.a(log_core.c.obj)
 .text.z_log_vprintk
                0x000000000800966c       0x1e zephyr/libzephyr.a(log_core.c.obj)
                0x000000000800966c                z_log_vprintk
 .text.z_log_get_tag
                0x000000000800968a        0x4 zephyr/libzephyr.a(log_core.c.obj)
                0x000000000800968a                z_log_get_tag
 .text.z_log_msg_finalize
                0x000000000800968e       0x2e zephyr/libzephyr.a(log_msg.c.obj)
                0x000000000800968e                z_log_msg_finalize
 .text.z_log_msg_runtime_create
                0x00000000080096bc       0x1e zephyr/libzephyr.a(log_msg.c.obj)
 .text.out_func
                0x00000000080096da       0x1e zephyr/libzephyr.a(log_output.c.obj)
 .text.cr_out_func
                0x00000000080096f8       0x1e zephyr/libzephyr.a(log_output.c.obj)
 .text.buffer_write
                0x0000000008009716       0x1e zephyr/libzephyr.a(log_output.c.obj)
 .text.cbvprintf
                0x0000000008009734       0x10 zephyr/libzephyr.a(log_output.c.obj)
 .text.color_prefix
                0x0000000008009744        0xc zephyr/libzephyr.a(log_output.c.obj)
 .text.color_postfix
                0x0000000008009750        0xc zephyr/libzephyr.a(log_output.c.obj)
 .text.postfix_print
                0x000000000800975c       0x18 zephyr/libzephyr.a(log_output.c.obj)
 .text.log_msg_hexdump
                0x0000000008009774       0x36 zephyr/libzephyr.a(log_output.c.obj)
 .text.log_output_flush
                0x00000000080097aa       0x1a zephyr/libzephyr.a(log_output.c.obj)
                0x00000000080097aa                log_output_flush
 .text.log_output_msg_process
                0x00000000080097c4       0x66 zephyr/libzephyr.a(log_output.c.obj)
                0x00000000080097c4                log_output_msg_process
 .text.format_set
                0x000000000800982a        0xc zephyr/libzephyr.a(log_backend_uart.c.obj)
 .text.panic    0x0000000008009836       0x14 zephyr/libzephyr.a(log_backend_uart.c.obj)
 .text.process  0x000000000800984a       0x1c zephyr/libzephyr.a(log_backend_uart.c.obj)
 .text.z_log_msg_runtime_create
                0x0000000008009866       0x1e zephyr/arch/arch/arm/core/libarch__arm__core.a(fatal.c.obj)
 .text.z_do_kernel_oops
                0x0000000008009884        0xc zephyr/arch/arch/arm/core/libarch__arm__core.a(fatal.c.obj)
                0x0000000008009884                z_do_kernel_oops
 .text.memory_fault_recoverable
                0x0000000008009890        0x4 zephyr/arch/arch/arm/core/cortex_m/libarch__arm__core__cortex_m.a(fault.c.obj)
 .text.z_log_msg_runtime_create
                0x0000000008009894       0x1e zephyr/arch/arch/arm/core/cortex_m/libarch__arm__core__cortex_m.a(fault.c.obj)
 .text.fault_handle
                0x00000000080098b2       0x4a zephyr/arch/arch/arm/core/cortex_m/libarch__arm__core__cortex_m.a(fault.c.obj)
 .text.arch_irq_enable
                0x00000000080098fc        0xa zephyr/arch/arch/arm/core/cortex_m/libarch__arm__core__cortex_m.a(irq_manage.c.obj)
                0x00000000080098fc                arch_irq_enable
 .text.z_irq_spurious
                0x0000000008009906        0xc zephyr/arch/arch/arm/core/cortex_m/libarch__arm__core__cortex_m.a(irq_manage.c.obj)
                0x0000000008009906                z_irq_spurious
 .text.arch_irq_unlock_outlined
                0x0000000008009912        0xe zephyr/arch/arch/arm/core/cortex_m/libarch__arm__core__cortex_m.a(thread.c.obj)
                0x0000000008009912                arch_irq_unlock_outlined
 .text.arch_cpu_idle
                0x0000000008009920       0x1a zephyr/arch/arch/arm/core/cortex_m/libarch__arm__core__cortex_m.a(cpu_idle.c.obj)
                0x0000000008009920                arch_cpu_idle
 .text.mpu_partition_is_valid
                0x000000000800993a       0x22 zephyr/arch/arch/arm/core/mpu/libarch__arm__core__mpu.a(arm_mpu.c.obj)
 .text.z_log_msg_runtime_create
                0x000000000800995c       0x1e zephyr/arch/arch/arm/core/mpu/libarch__arm__core__mpu.a(arm_mpu.c.obj)
 .text.mpu_configure_region
                0x000000000800997a       0x3e zephyr/arch/arch/arm/core/mpu/libarch__arm__core__mpu.a(arm_mpu.c.obj)
 .text._stdout_hook_default
                0x00000000080099b8        0x6 zephyr/lib/libc/newlib/liblib__libc__newlib.a(libc-hooks.c.obj)
 .text.stm32_exti_init
                0x00000000080099be       0x92 zephyr/drivers/interrupt_controller/libdrivers__interrupt_controller.a(intc_exti_stm32.c.obj)
 .text.can_calc_timing_internal
                0x0000000008009a50      0x10e zephyr/drivers/can/libdrivers__can.a(can_common.c.obj)
 .text.check_timing_in_range
                0x0000000008009b5e       0xae zephyr/drivers/can/libdrivers__can.a(can_common.c.obj)
 .text.can_tx_default_cb
                0x0000000008009c0c        0xc zephyr/drivers/can/libdrivers__can.a(can_common.c.obj)
 .text.z_log_msg_runtime_create
                0x0000000008009c18       0x1e zephyr/drivers/can/libdrivers__can.a(can_common.c.obj)
 .text.z_impl_can_set_timing
                0x0000000008009c36       0x22 zephyr/drivers/can/libdrivers__can.a(can_common.c.obj)
                0x0000000008009c36                z_impl_can_set_timing
 .text.z_impl_can_set_timing_data
                0x0000000008009c58       0x2a zephyr/drivers/can/libdrivers__can.a(can_common.c.obj)
                0x0000000008009c58                z_impl_can_set_timing_data
 .text.z_log_msg_runtime_create
                0x0000000008009c82       0x1e zephyr/drivers/can/libdrivers__can.a(can_mcan.c.obj)
 .text.can_mcan_read_psr
                0x0000000008009ca0        0xc zephyr/drivers/can/libdrivers__can.a(can_mcan.c.obj)
 .text.can_mcan_leave_init_mode
                0x0000000008009cac       0x9c zephyr/drivers/can/libdrivers__can.a(can_mcan.c.obj)
 .text.can_mcan_enter_init_mode
                0x0000000008009d48       0xb2 zephyr/drivers/can/libdrivers__can.a(can_mcan.c.obj)
 .text.can_mcan_set_timing_data
                0x0000000008009dfa       0x98 zephyr/drivers/can/libdrivers__can.a(can_mcan.c.obj)
                0x0000000008009dfa                can_mcan_set_timing_data
 .text.can_mcan_get_capabilities
                0x0000000008009e92        0xc zephyr/drivers/can/libdrivers__can.a(can_mcan.c.obj)
                0x0000000008009e92                can_mcan_get_capabilities
 .text.can_mcan_get_state
                0x0000000008009e9e       0x6a zephyr/drivers/can/libdrivers__can.a(can_mcan.c.obj)
                0x0000000008009e9e                can_mcan_get_state
 .text.can_mcan_state_change_handler
                0x0000000008009f08       0xa4 zephyr/drivers/can/libdrivers__can.a(can_mcan.c.obj)
 .text.can_mcan_get_max_filters
                0x0000000008009fac        0xe zephyr/drivers/can/libdrivers__can.a(can_mcan.c.obj)
                0x0000000008009fac                can_mcan_get_max_filters
 .text.can_mcan_set_state_change_callback
                0x0000000008009fba        0x8 zephyr/drivers/can/libdrivers__can.a(can_mcan.c.obj)
                0x0000000008009fba                can_mcan_set_state_change_callback
 .text.can_mcan_enable_configuration_change
                0x0000000008009fc2       0x40 zephyr/drivers/can/libdrivers__can.a(can_mcan.c.obj)
                0x0000000008009fc2                can_mcan_enable_configuration_change
 .text.z_log_msg_runtime_create
                0x000000000800a002       0x1e zephyr/drivers/can/libdrivers__can.a(can_stm32_fdcan.c.obj)
 .text.config_can_0_irq
                0x000000000800a020       0x24 zephyr/drivers/can/libdrivers__can.a(can_stm32_fdcan.c.obj)
 .text.can_stm32fd_clear_mram
                0x000000000800a044        0xe zephyr/drivers/can/libdrivers__can.a(can_stm32_fdcan.c.obj)
 .text.can_stm32fd_write_mram
                0x000000000800a052        0xe zephyr/drivers/can/libdrivers__can.a(can_stm32_fdcan.c.obj)
 .text.can_stm32fd_read_mram
                0x000000000800a060        0xe zephyr/drivers/can/libdrivers__can.a(can_stm32_fdcan.c.obj)
 .text.can_stm32fd_write_reg
                0x000000000800a06e       0x82 zephyr/drivers/can/libdrivers__can.a(can_stm32_fdcan.c.obj)
 .text.can_stm32fd_read_reg
                0x000000000800a0f0       0x9a zephyr/drivers/can/libdrivers__can.a(can_stm32_fdcan.c.obj)
 .text.pinctrl_apply_state
                0x000000000800a18a       0x20 zephyr/drivers/can/libdrivers__can.a(can_stm32_fdcan.c.obj)
 .text.get_bus_clock
                0x000000000800a1aa        0x6 zephyr/drivers/clock_control/libdrivers__clock_control.a(clock_stm32_ll_common.c.obj)
 .text.get_msi_frequency
                0x000000000800a1b0        0x4 zephyr/drivers/clock_control/libdrivers__clock_control.a(clock_stm32_ll_common.c.obj)
 .text.enabled_clock
                0x000000000800a1b4       0x20 zephyr/drivers/clock_control/libdrivers__clock_control.a(clock_stm32_ll_common.c.obj)
 .text.stm32_clock_control_on
                0x000000000800a1d4       0x38 zephyr/drivers/clock_control/libdrivers__clock_control.a(clock_stm32_ll_common.c.obj)
 .text.stm32_clock_control_off
                0x000000000800a20c       0x26 zephyr/drivers/clock_control/libdrivers__clock_control.a(clock_stm32_ll_common.c.obj)
 .text.stm32_clock_control_configure
                0x000000000800a232       0x54 zephyr/drivers/clock_control/libdrivers__clock_control.a(clock_stm32_ll_common.c.obj)
 .text.stm32_clock_control_get_status
                0x000000000800a286       0x32 zephyr/drivers/clock_control/libdrivers__clock_control.a(clock_stm32_ll_common.c.obj)
 .text.config_regulator_voltage
                0x000000000800a2b8        0x2 zephyr/drivers/clock_control/libdrivers__clock_control.a(clock_stm32_ll_common.c.obj)
                0x000000000800a2b8                config_regulator_voltage
 .text.get_pll_source
                0x000000000800a2ba        0x4 zephyr/drivers/clock_control/libdrivers__clock_control.a(clock_stm32g4.c.obj)
 .text.sys_slist_remove
                0x000000000800a2be       0x26 zephyr/drivers/gpio/libdrivers__gpio.a(gpio_stm32.c.obj)
 .text.sys_slist_find_and_remove
                0x000000000800a2e4       0x20 zephyr/drivers/gpio/libdrivers__gpio.a(gpio_stm32.c.obj)
 .text.gpio_stm32_flags_to_conf
                0x000000000800a304       0x7e zephyr/drivers/gpio/libdrivers__gpio.a(gpio_stm32.c.obj)
 .text.gpio_stm32_port_get_raw
                0x000000000800a382        0xc zephyr/drivers/gpio/libdrivers__gpio.a(gpio_stm32.c.obj)
 .text.gpio_stm32_port_set_masked_raw
                0x000000000800a38e       0x12 zephyr/drivers/gpio/libdrivers__gpio.a(gpio_stm32.c.obj)
 .text.gpio_stm32_port_set_bits_raw
                0x000000000800a3a0        0xa zephyr/drivers/gpio/libdrivers__gpio.a(gpio_stm32.c.obj)
 .text.gpio_stm32_port_clear_bits_raw
                0x000000000800a3aa        0xa zephyr/drivers/gpio/libdrivers__gpio.a(gpio_stm32.c.obj)
 .text.gpio_stm32_port_toggle_bits
                0x000000000800a3b4        0xe zephyr/drivers/gpio/libdrivers__gpio.a(gpio_stm32.c.obj)
 .text.LL_GPIO_SetPinMode
                0x000000000800a3c2       0x3a zephyr/drivers/gpio/libdrivers__gpio.a(gpio_stm32.c.obj)
 .text.LL_GPIO_SetPinSpeed
                0x000000000800a3fc       0x3a zephyr/drivers/gpio/libdrivers__gpio.a(gpio_stm32.c.obj)
 .text.LL_GPIO_SetPinPull
                0x000000000800a436       0x3a zephyr/drivers/gpio/libdrivers__gpio.a(gpio_stm32.c.obj)
 .text.LL_GPIO_SetAFPin_0_7
                0x000000000800a470       0x3a zephyr/drivers/gpio/libdrivers__gpio.a(gpio_stm32.c.obj)
 .text.LL_GPIO_SetAFPin_8_15
                0x000000000800a4aa       0x3c zephyr/drivers/gpio/libdrivers__gpio.a(gpio_stm32.c.obj)
 .text.gpio_stm32_configure_raw
                0x000000000800a4e6       0x70 zephyr/drivers/gpio/libdrivers__gpio.a(gpio_stm32.c.obj)
 .text.gpio_stm32_config
                0x000000000800a556       0x52 zephyr/drivers/gpio/libdrivers__gpio.a(gpio_stm32.c.obj)
 .text.gpio_stm32_set_exti_source
                0x000000000800a5a8       0x2e zephyr/drivers/gpio/libdrivers__gpio.a(gpio_stm32.c.obj)
 .text.gpio_stm32_get_exti_source
                0x000000000800a5d6       0x2e zephyr/drivers/gpio/libdrivers__gpio.a(gpio_stm32.c.obj)
 .text.gpio_stm32_manage_callback
                0x000000000800a604        0xc zephyr/drivers/gpio/libdrivers__gpio.a(gpio_stm32.c.obj)
 .text.gpio_stm32_isr
                0x000000000800a610       0x14 zephyr/drivers/gpio/libdrivers__gpio.a(gpio_stm32.c.obj)
 .text.gpio_stm32_configure
                0x000000000800a624       0x38 zephyr/drivers/gpio/libdrivers__gpio.a(gpio_stm32.c.obj)
                0x000000000800a624                gpio_stm32_configure
 .text.pinctrl_lookup_state
                0x000000000800a65c       0x32 zephyr/drivers/pinctrl/libdrivers__pinctrl.a(common.c.obj)
                0x000000000800a65c                pinctrl_lookup_state
 .text.reset_stm32_status
                0x000000000800a68e       0x20 zephyr/drivers/reset/libdrivers__reset.a(reset_stm32.c.obj)
 .text.reset_stm32_line_assert
                0x000000000800a6ae       0x1e zephyr/drivers/reset/libdrivers__reset.a(reset_stm32.c.obj)
 .text.reset_stm32_line_deassert
                0x000000000800a6cc       0x20 zephyr/drivers/reset/libdrivers__reset.a(reset_stm32.c.obj)
 .text.reset_stm32_line_toggle
                0x000000000800a6ec       0x16 zephyr/drivers/reset/libdrivers__reset.a(reset_stm32.c.obj)
 .text.reset_line_toggle
                0x000000000800a702       0x12 zephyr/drivers/serial/libdrivers__serial.a(uart_stm32.c.obj)
 .text.uart_stm32_set_driver_enable
                0x000000000800a714       0x1c zephyr/drivers/serial/libdrivers__serial.a(uart_stm32.c.obj)
 .text.uart_stm32_ll2cfg_databits
                0x000000000800a730       0x2a zephyr/drivers/serial/libdrivers__serial.a(uart_stm32.c.obj)
 .text.uart_stm32_config_get
                0x000000000800a75a       0x9a zephyr/drivers/serial/libdrivers__serial.a(uart_stm32.c.obj)
 .text.uart_stm32_poll_in_visitor
                0x000000000800a7f4       0x26 zephyr/drivers/serial/libdrivers__serial.a(uart_stm32.c.obj)
 .text.uart_stm32_poll_out_visitor
                0x000000000800a81a       0x3a zephyr/drivers/serial/libdrivers__serial.a(uart_stm32.c.obj)
 .text.poll_in_u8
                0x000000000800a854        0x6 zephyr/drivers/serial/libdrivers__serial.a(uart_stm32.c.obj)
 .text.poll_out_u8
                0x000000000800a85a        0x6 zephyr/drivers/serial/libdrivers__serial.a(uart_stm32.c.obj)
 .text.uart_stm32_err_check
                0x000000000800a860       0x74 zephyr/drivers/serial/libdrivers__serial.a(uart_stm32.c.obj)
 .text.z_log_msg_runtime_create
                0x000000000800a8d4       0x1e zephyr/drivers/serial/libdrivers__serial.a(uart_stm32.c.obj)
 .text.pinctrl_apply_state
                0x000000000800a8f2       0x20 zephyr/drivers/serial/libdrivers__serial.a(uart_stm32.c.obj)
 .text.uart_stm32_parameters_set
                0x000000000800a912      0x154 zephyr/drivers/serial/libdrivers__serial.a(uart_stm32.c.obj)
 .text.uart_stm32_init
                0x000000000800aa66       0x28 zephyr/drivers/serial/libdrivers__serial.a(uart_stm32.c.obj)
 .text.z_impl_device_is_ready
                0x000000000800aa8e       0x20 zephyr/kernel/libkernel.a(device.c.obj)
                0x000000000800aa8e                z_impl_device_is_ready
 .text.z_log_msg_runtime_create
                0x000000000800aaae       0x1e zephyr/kernel/libkernel.a(fatal.c.obj)
 .text.arch_system_halt
                0x000000000800aacc       0x10 zephyr/kernel/libkernel.a(fatal.c.obj)
                0x000000000800aacc                arch_system_halt
 .text.do_device_init
                0x000000000800aadc       0x30 zephyr/kernel/libkernel.a(init.c.obj)
 .text.z_early_memset
                0x000000000800ab0c        0x8 zephyr/kernel/libkernel.a(init.c.obj)
                0x000000000800ab0c                z_early_memset
 .text.z_early_memcpy
                0x000000000800ab14        0x8 zephyr/kernel/libkernel.a(init.c.obj)
                0x000000000800ab14                z_early_memcpy
 .text.z_init_static
                0x000000000800ab1c        0xc zephyr/kernel/libkernel.a(init_static.c.obj)
                0x000000000800ab1c                z_init_static
 .text.new_prio_for_inheritance
                0x000000000800ab28       0x16 zephyr/kernel/libkernel.a(mutex.c.obj)
 .text.adjust_owner_prio
                0x000000000800ab3e       0x16 zephyr/kernel/libkernel.a(mutex.c.obj)
 .text.z_impl_k_mutex_init
                0x000000000800ab54        0xe zephyr/kernel/libkernel.a(mutex.c.obj)
                0x000000000800ab54                z_impl_k_mutex_init
 .text.z_impl_k_sem_init
                0x000000000800ab62       0x1e zephyr/kernel/libkernel.a(sem.c.obj)
                0x000000000800ab62                z_impl_k_sem_init
 .text.setup_thread_stack
                0x000000000800ab80       0x4a zephyr/kernel/libkernel.a(thread.c.obj)
 .text.k_thread_name_get
                0x000000000800abca        0x4 zephyr/kernel/libkernel.a(thread.c.obj)
                0x000000000800abca                k_thread_name_get
 .text.z_impl_k_thread_start
                0x000000000800abce        0x8 zephyr/kernel/libkernel.a(thread.c.obj)
                0x000000000800abce                z_impl_k_thread_start
 .text.z_init_thread_base
                0x000000000800abd6       0x16 zephyr/kernel/libkernel.a(thread.c.obj)
                0x000000000800abd6                z_init_thread_base
 .text.z_thread_mark_switched_out
                0x000000000800abec        0x8 zephyr/kernel/libkernel.a(thread.c.obj)
                0x000000000800abec                z_thread_mark_switched_out
 .text.thread_active_elsewhere
                0x000000000800abf4        0x4 zephyr/kernel/libkernel.a(sched.c.obj)
 .text.unpend_thread_no_timeout
                0x000000000800abf8       0x22 zephyr/kernel/libkernel.a(sched.c.obj)
 .text.z_swap_irqlock
                0x000000000800ac1a        0x8 zephyr/kernel/libkernel.a(sched.c.obj)
 .text.z_sched_prio_cmp
                0x000000000800ac22       0x14 zephyr/kernel/libkernel.a(sched.c.obj)
                0x000000000800ac22                z_sched_prio_cmp
 .text.unpend_all
                0x000000000800ac36       0x36 zephyr/kernel/libkernel.a(sched.c.obj)
 .text.add_to_waitq_locked
                0x000000000800ac6c       0x56 zephyr/kernel/libkernel.a(sched.c.obj)
 .text.pend_locked
                0x000000000800acc2       0x18 zephyr/kernel/libkernel.a(sched.c.obj)
 .text.z_thread_timeout
                0x000000000800acda        0xc zephyr/kernel/libkernel.a(sched.c.obj)
                0x000000000800acda                z_thread_timeout
 .text.z_reschedule_unlocked
                0x000000000800ace6       0x16 zephyr/kernel/libkernel.a(sched.c.obj)
 .text.init_ready_q
                0x000000000800acfc        0x8 zephyr/kernel/libkernel.a(sched.c.obj)
                0x000000000800acfc                init_ready_q
 .text.remove_timeout
                0x000000000800ad04       0x2e zephyr/kernel/libkernel.a(timeout.c.obj)
 .text.next_timeout
                0x000000000800ad32       0x3a zephyr/kernel/libkernel.a(timeout.c.obj)
 .text.sys_clock_tick_get_32
                0x000000000800ad6c        0x8 zephyr/kernel/libkernel.a(timeout.c.obj)
                0x000000000800ad6c                sys_clock_tick_get_32
 .text.z_impl_k_uptime_ticks
                0x000000000800ad74        0x8 zephyr/kernel/libkernel.a(timeout.c.obj)
                0x000000000800ad74                z_impl_k_uptime_ticks
 .text.sched_cpu_update_usage
                0x000000000800ad7c       0x24 zephyr/kernel/libkernel.a(usage.c.obj)
 .text.sched_thread_update_usage
                0x000000000800ada0       0x10 zephyr/kernel/libkernel.a(usage.c.obj)
 .text.usage_now
                0x000000000800adb0        0xc zephyr/kernel/libkernel.a(usage.c.obj)
 .text.k_heap_init
                0x000000000800adbc       0x10 zephyr/kernel/libkernel.a(kheap.c.obj)
                0x000000000800adbc                k_heap_init
 .text.memcpy   0x000000000800adcc       0x1c /home/babu-inc-5831/zephyr-sdk-0.17.2/arm-zephyr-eabi/arm-zephyr-eabi/lib/thumb/v7e-m/nofp/libc_nano.a(lib_a-memcpy-stub.o)
                0x000000000800adcc                memcpy
 .text.memset   0x000000000800ade8       0x10 /home/babu-inc-5831/zephyr-sdk-0.17.2/arm-zephyr-eabi/arm-zephyr-eabi/lib/thumb/v7e-m/nofp/libc_nano.a(lib_a-memset.o)
                0x000000000800ade8                memset
 .text.strncpy  0x000000000800adf8       0x26 /home/babu-inc-5831/zephyr-sdk-0.17.2/arm-zephyr-eabi/arm-zephyr-eabi/lib/thumb/v7e-m/nofp/libc_nano.a(lib_a-strncpy.o)
                0x000000000800adf8                strncpy
 .text.strnlen  0x000000000800ae1e       0x18 /home/babu-inc-5831/zephyr-sdk-0.17.2/arm-zephyr-eabi/arm-zephyr-eabi/lib/thumb/v7e-m/nofp/libc_nano.a(lib_a-strnlen.o)
                0x000000000800ae1e                strnlen
 *(SORT_BY_ALIGNMENT(.TEXT.*))
 *(SORT_BY_ALIGNMENT(.gnu.linkonce.t.*))
 *(SORT_BY_ALIGNMENT(.glue_7t))
 .glue_7t       0x000000000800ae36        0x0 linker stubs
 *(SORT_BY_ALIGNMENT(.glue_7))
 .glue_7        0x000000000800ae36        0x0 linker stubs
 *(SORT_BY_ALIGNMENT(.vfp11_veneer))
 .vfp11_veneer  0x000000000800ae36        0x0 linker stubs
 *(SORT_BY_ALIGNMENT(.v4_bx))
 .v4_bx         0x000000000800ae36        0x0 linker stubs
                0x000000000800ae38                . = ALIGN (0x4)
 *fill*         0x000000000800ae36        0x2 
                0x000000000800ae38                __text_region_end = .

.ARM.extab
 *(SORT_BY_ALIGNMENT(.ARM.extab*) SORT_BY_ALIGNMENT(.gnu.linkonce.armextab.*))

.ARM.exidx      0x000000000800ae38        0x8
                0x000000000800ae38                __exidx_start = .
 *(SORT_BY_ALIGNMENT(.ARM.exidx*) SORT_BY_ALIGNMENT(gnu.linkonce.armexidx.*))
 .ARM.exidx     0x000000000800ae38        0x8 /home/babu-inc-5831/zephyr-sdk-0.17.2/arm-zephyr-eabi/bin/../lib/gcc/arm-zephyr-eabi/12.2.0/thumb/v7e-m/nofp/libgcc.a(_udivmoddi4.o)
                0x000000000800ae40                __exidx_end = .
                0x000000000800ae40                __rodata_region_start = .

initlevel       0x000000000800ae40       0xa0
                0x000000000800ae40                __init_start = .
                0x000000000800ae40                __init_EARLY_start = .
 *(SORT_BY_NAME(SORT_BY_ALIGNMENT(.z_init_EARLY?_*)))
 *(SORT_BY_NAME(SORT_BY_ALIGNMENT(.z_init_EARLY??_*)))
                0x000000000800ae40                __init_PRE_KERNEL_1_start = .
 *(SORT_BY_NAME(SORT_BY_ALIGNMENT(.z_init_PRE_KERNEL_1?_*)))
 .z_init_PRE_KERNEL_10_0_
                0x000000000800ae40        0x8 zephyr/libzephyr.a(soc.c.obj)
 .z_init_PRE_KERNEL_11_00009_
                0x000000000800ae48        0x8 zephyr/drivers/clock_control/libdrivers__clock_control.a(clock_stm32_ll_common.c.obj)
 .z_init_PRE_KERNEL_11_0_
                0x000000000800ae50        0x8 zephyr/libzephyr.a(soc_config.c.obj)
 *(SORT_BY_NAME(SORT_BY_ALIGNMENT(.z_init_PRE_KERNEL_1??_*)))
 .z_init_PRE_KERNEL_130_0_
                0x000000000800ae58        0x8 zephyr/kernel/libkernel.a(kheap.c.obj)
 .z_init_PRE_KERNEL_135_00043_
                0x000000000800ae60        0x8 zephyr/drivers/reset/libdrivers__reset.a(reset_stm32.c.obj)
 .z_init_PRE_KERNEL_140_00036_
                0x000000000800ae68        0x8 zephyr/drivers/gpio/libdrivers__gpio.a(gpio_stm32.c.obj)
 .z_init_PRE_KERNEL_140_00039_
                0x000000000800ae70        0x8 zephyr/drivers/gpio/libdrivers__gpio.a(gpio_stm32.c.obj)
 .z_init_PRE_KERNEL_140_00066_
                0x000000000800ae78        0x8 zephyr/drivers/interrupt_controller/libdrivers__interrupt_controller.a(intc_exti_stm32.c.obj)
 .z_init_PRE_KERNEL_140_00091_
                0x000000000800ae80        0x8 zephyr/drivers/gpio/libdrivers__gpio.a(gpio_stm32.c.obj)
 .z_init_PRE_KERNEL_140_00113_
                0x000000000800ae88        0x8 zephyr/drivers/gpio/libdrivers__gpio.a(gpio_stm32.c.obj)
 .z_init_PRE_KERNEL_140_00114_
                0x000000000800ae90        0x8 zephyr/drivers/gpio/libdrivers__gpio.a(gpio_stm32.c.obj)
 .z_init_PRE_KERNEL_140_00115_
                0x000000000800ae98        0x8 zephyr/drivers/gpio/libdrivers__gpio.a(gpio_stm32.c.obj)
 .z_init_PRE_KERNEL_140_00116_
                0x000000000800aea0        0x8 zephyr/drivers/gpio/libdrivers__gpio.a(gpio_stm32.c.obj)
 .z_init_PRE_KERNEL_150_00077_
                0x000000000800aea8        0x8 zephyr/drivers/serial/libdrivers__serial.a(uart_stm32.c.obj)
 .z_init_PRE_KERNEL_150_00080_
                0x000000000800aeb0        0x8 zephyr/drivers/serial/libdrivers__serial.a(uart_stm32.c.obj)
 .z_init_PRE_KERNEL_160_0_
                0x000000000800aeb8        0x8 zephyr/drivers/console/libdrivers__console.a(uart_console.c.obj)
                0x000000000800aec0                __init_PRE_KERNEL_2_start = .
 *(SORT_BY_NAME(SORT_BY_ALIGNMENT(.z_init_PRE_KERNEL_2?_*)))
 .z_init_PRE_KERNEL_20_0_
                0x000000000800aec0        0x8 zephyr/drivers/timer/libdrivers__timer.a(cortex_m_systick.c.obj)
 *(SORT_BY_NAME(SORT_BY_ALIGNMENT(.z_init_PRE_KERNEL_2??_*)))
                0x000000000800aec8                __init_POST_KERNEL_start = .
 *(SORT_BY_NAME(SORT_BY_ALIGNMENT(.z_init_POST_KERNEL?_*)))
 .z_init_POST_KERNEL0_0_
                0x000000000800aec8        0x8 zephyr/libzephyr.a(log_core.c.obj)
 *(SORT_BY_NAME(SORT_BY_ALIGNMENT(.z_init_POST_KERNEL??_*)))
 .z_init_POST_KERNEL35_0_
                0x000000000800aed0        0x8 zephyr/lib/libc/newlib/liblib__libc__newlib.a(libc-hooks.c.obj)
 .z_init_POST_KERNEL80_00055_
                0x000000000800aed8        0x8 zephyr/drivers/can/libdrivers__can.a(can_stm32_fdcan.c.obj)
                0x000000000800aee0                __init_APPLICATION_start = .
 *(SORT_BY_NAME(SORT_BY_ALIGNMENT(.z_init_APPLICATION?_*)))
 *(SORT_BY_NAME(SORT_BY_ALIGNMENT(.z_init_APPLICATION??_*)))
                0x000000000800aee0                __init_SMP_start = .
 *(SORT_BY_NAME(SORT_BY_ALIGNMENT(.z_init_SMP?_*)))
 *(SORT_BY_NAME(SORT_BY_ALIGNMENT(.z_init_SMP??_*)))
                0x000000000800aee0                __init_end = .
                0x000000000800aee0                __deferred_init_list_start = .
 *(SORT_BY_ALIGNMENT(.z_deferred_init*))
                0x000000000800aee0                __deferred_init_list_end = .

device_area     0x000000000800aee0      0x104
                0x000000000800aee0                _device_list_start = .
 *(SORT_BY_NAME(SORT_BY_ALIGNMENT(._device.static.*_?_*)))
 ._device.static.1_1_
                0x000000000800aee0       0x14 zephyr/drivers/clock_control/libdrivers__clock_control.a(clock_stm32_ll_common.c.obj)
                0x000000000800aee0                __device_dts_ord_9
 *(SORT_BY_NAME(SORT_BY_ALIGNMENT(._device.static.*_??_*)))
 ._device.static.1_35_
                0x000000000800aef4       0x14 zephyr/drivers/reset/libdrivers__reset.a(reset_stm32.c.obj)
                0x000000000800aef4                __device_dts_ord_43
 ._device.static.1_40_
                0x000000000800af08       0x14 zephyr/drivers/interrupt_controller/libdrivers__interrupt_controller.a(intc_exti_stm32.c.obj)
                0x000000000800af08                __device_dts_ord_66
 ._device.static.1_40_
                0x000000000800af1c       0x8c zephyr/drivers/gpio/libdrivers__gpio.a(gpio_stm32.c.obj)
                0x000000000800af1c                __device_dts_ord_116
                0x000000000800af30                __device_dts_ord_115
                0x000000000800af44                __device_dts_ord_114
                0x000000000800af58                __device_dts_ord_113
                0x000000000800af6c                __device_dts_ord_36
                0x000000000800af80                __device_dts_ord_91
                0x000000000800af94                __device_dts_ord_39
 ._device.static.1_50_
                0x000000000800afa8       0x28 zephyr/drivers/serial/libdrivers__serial.a(uart_stm32.c.obj)
                0x000000000800afa8                __device_dts_ord_77
                0x000000000800afbc                __device_dts_ord_80
 ._device.static.3_80_
                0x000000000800afd0       0x14 zephyr/drivers/can/libdrivers__can.a(can_stm32_fdcan.c.obj)
                0x000000000800afd0                __device_dts_ord_55
                0x000000000800afe4                _device_list_end = .

sw_isr_table    0x000000000800afe4      0x330
                0x000000000800afe4                . = ALIGN (0x4)
 *(SORT_BY_ALIGNMENT(.gnu.linkonce.sw_isr_table*))
 .gnu.linkonce.sw_isr_table
                0x000000000800afe4      0x330 zephyr/CMakeFiles/zephyr_final.dir/isr_tables.c.obj
                0x000000000800afe4                _sw_isr_table

initlevel_error
                0x000000000800ae40        0x0
 *(SORT_BY_NAME(SORT_BY_ALIGNMENT(.z_init_[_A-Z0-9]*)))
                0x0000000000000001                ASSERT ((SIZEOF (initlevel_error) == 0x0), Undefined initialization levels used.)

app_shmem_regions
                0x000000000800b314        0x0
                0x000000000800b314                __app_shmem_regions_start = .
 *(SORT_BY_NAME(SORT_BY_ALIGNMENT(.app_regions.*)))
                0x000000000800b314                __app_shmem_regions_end = .

k_p4wq_initparam_area
                0x000000000800b314        0x0
                0x000000000800b314                _k_p4wq_initparam_list_start = .
 *(SORT_BY_NAME(SORT_BY_ALIGNMENT(._k_p4wq_initparam.static.*)))
                0x000000000800b314                _k_p4wq_initparam_list_end = .

_static_thread_data_area
                0x000000000800b314        0x0
                0x000000000800b314                __static_thread_data_list_start = .
 *(SORT_BY_NAME(SORT_BY_ALIGNMENT(.__static_thread_data.static.*)))
                0x000000000800b314                __static_thread_data_list_end = .

device_deps     0x000000000800b314        0x0
                0x000000000800b314                __device_deps_start = .
 *(SORT_BY_NAME(SORT_BY_ALIGNMENT(.__device_deps_pass2*)))
                0x000000000800b314                __device_deps_end = .

ztest           0x000000000800b314        0x0
                0x000000000800b314                _ztest_expected_result_entry_list_start = .
 *(SORT_BY_NAME(SORT_BY_ALIGNMENT(._ztest_expected_result_entry.static.*)))
                0x000000000800b314                _ztest_expected_result_entry_list_end = .
                0x000000000800b314                _ztest_suite_node_list_start = .
 *(SORT_BY_NAME(SORT_BY_ALIGNMENT(._ztest_suite_node.static.*)))
                0x000000000800b314                _ztest_suite_node_list_end = .
                0x000000000800b314                _ztest_unit_test_list_start = .
 *(SORT_BY_NAME(SORT_BY_ALIGNMENT(._ztest_unit_test.static.*)))
                0x000000000800b314                _ztest_unit_test_list_end = .
                0x000000000800b314                _ztest_test_rule_list_start = .
 *(SORT_BY_NAME(SORT_BY_ALIGNMENT(._ztest_test_rule.static.*)))
                0x000000000800b314                _ztest_test_rule_list_end = .

ctors           0x000000000800b314        0xc
                0x000000000800b314                . = ALIGN (0x4)
                0x000000000800b314                __ZEPHYR_CTOR_LIST__ = .
                0x000000000800b314        0x4 LONG 0x0 (((__ZEPHYR_CTOR_END__ - __ZEPHYR_CTOR_LIST__) / 0x4) - 0x2)
 *(SORT_BY_NAME(SORT_BY_ALIGNMENT(.ctors*)))
                0x000000000800b318                __CTOR_LIST__ = .
                0x000000000800b318        0x4 LONG 0x0
                0x000000000800b31c                __ZEPHYR_CTOR_END__ = .
                0x000000000800b31c        0x4 LONG 0x0
                0x000000000800b320                __CTOR_END__ = .

init_array      0x000000000800b320        0x0
                0x000000000800b320                . = ALIGN (0x4)
                0x000000000800b320                __init_array_start = .
                0x000000000800b320                __init_array_end = .
                0x000000000800b320                __zephyr_init_array_start = .
 *(SORT_BY_NAME(SORT_BY_ALIGNMENT(.init_array*)))
                0x000000000800b320                __zephyr_init_array_end = .

bt_l2cap_fixed_chan_area
                0x000000000800b320        0x0
                0x000000000800b320                _bt_l2cap_fixed_chan_list_start = .
 *(SORT_BY_NAME(SORT_BY_ALIGNMENT(._bt_l2cap_fixed_chan.static.*)))
                0x000000000800b320                _bt_l2cap_fixed_chan_list_end = .

bt_gatt_service_static_area
                0x000000000800b320        0x0
                0x000000000800b320                _bt_gatt_service_static_list_start = .
 *(SORT_BY_NAME(SORT_BY_ALIGNMENT(._bt_gatt_service_static.static.*)))
                0x000000000800b320                _bt_gatt_service_static_list_end = .

log_strings_area
                0x000000000800b320        0x0
                0x000000000800b320                _log_strings_list_start = .
 *(SORT_BY_NAME(SORT_BY_ALIGNMENT(._log_strings.static.*)))
                0x000000000800b320                _log_strings_list_end = .

log_const_area  0x000000000800b320       0x68
                0x000000000800b320                _log_const_list_start = .
 *(SORT_BY_NAME(SORT_BY_ALIGNMENT(._log_const.static.*)))
 ._log_const.static.log_const_alarm_module_
                0x000000000800b320        0x8 app/libapp.a(alarm.cpp.obj)
                0x000000000800b320                log_const_alarm_module
 ._log_const.static.log_const_can_common_
                0x000000000800b328        0x8 zephyr/drivers/can/libdrivers__can.a(can_common.c.obj)
                0x000000000800b328                log_const_can_common
 ._log_const.static.log_const_can_mcan_
                0x000000000800b330        0x8 zephyr/drivers/can/libdrivers__can.a(can_mcan.c.obj)
                0x000000000800b330                log_const_can_mcan
 ._log_const.static.log_const_can_stm32fd_
                0x000000000800b338        0x8 zephyr/drivers/can/libdrivers__can.a(can_stm32_fdcan.c.obj)
                0x000000000800b338                log_const_can_stm32fd
 ._log_const.static.log_const_cbprintf_package_
                0x000000000800b340        0x8 zephyr/libzephyr.a(cbprintf_packaged.c.obj)
                0x000000000800b340                log_const_cbprintf_package
 ._log_const.static.log_const_log_
                0x000000000800b348        0x8 zephyr/libzephyr.a(log_core.c.obj)
                0x000000000800b348                log_const_log
 ._log_const.static.log_const_log_mgmt_
                0x000000000800b350        0x8 zephyr/libzephyr.a(log_mgmt.c.obj)
                0x000000000800b350                log_const_log_mgmt
 ._log_const.static.log_const_log_uart_
                0x000000000800b358        0x8 zephyr/libzephyr.a(log_backend_uart.c.obj)
                0x000000000800b358                log_const_log_uart
 ._log_const.static.log_const_mpu_
                0x000000000800b360        0x8 zephyr/arch/arch/arm/core/mpu/libarch__arm__core__mpu.a(arm_core_mpu.c.obj)
                0x000000000800b360                log_const_mpu
 ._log_const.static.log_const_os_
                0x000000000800b368        0x8 zephyr/kernel/libkernel.a(init.c.obj)
                0x000000000800b368                log_const_os
 ._log_const.static.log_const_stm32_
                0x000000000800b370        0x8 zephyr/drivers/gpio/libdrivers__gpio.a(gpio_stm32.c.obj)
                0x000000000800b370                log_const_stm32
 ._log_const.static.log_const_supervisor_node_
                0x000000000800b378        0x8 app/libapp.a(main.cpp.obj)
                0x000000000800b378                log_const_supervisor_node
 ._log_const.static.log_const_uart_stm32_
                0x000000000800b380        0x8 zephyr/drivers/serial/libdrivers__serial.a(uart_stm32.c.obj)
                0x000000000800b380                log_const_uart_stm32
                0x000000000800b388                _log_const_list_end = .

log_backend_area
                0x000000000800b388       0x10
                0x000000000800b388                _log_backend_list_start = .
 *(SORT_BY_NAME(SORT_BY_ALIGNMENT(._log_backend.static.*)))
 ._log_backend.static.log_backend_uart_
                0x000000000800b388       0x10 zephyr/libzephyr.a(log_backend_uart.c.obj)
                0x000000000800b398                _log_backend_list_end = .

log_link_area   0x000000000800b398        0x0
                0x000000000800b398                _log_link_list_start = .
 *(SORT_BY_NAME(SORT_BY_ALIGNMENT(._log_link.static.*)))
                0x000000000800b398                _log_link_list_end = .

tracing_backend_area
                0x000000000800b398        0x0
                0x000000000800b398                _tracing_backend_list_start = .
 *(SORT_BY_NAME(SORT_BY_ALIGNMENT(._tracing_backend.static.*)))
                0x000000000800b398                _tracing_backend_list_end = .

zephyr_dbg_info
 *(SORT_BY_ALIGNMENT(.dbg_thread_info))

intc_table_area
                0x000000000800b398        0x0
                0x000000000800b398                _intc_table_list_start = .
 *(SORT_BY_NAME(SORT_BY_ALIGNMENT(._intc_table.static.*)))
                0x000000000800b398                _intc_table_list_end = .

symbol_to_keep  0x000000000800b398        0x0
                0x000000000800b398                __symbol_to_keep_start = .
 *(SORT_BY_NAME(SORT_BY_ALIGNMENT(.symbol_to_keep*)))
                0x000000000800b398                __symbol_to_keep_end = .

shell_area      0x000000000800b398        0x0
                0x000000000800b398                _shell_list_start = .
 *(SORT_BY_NAME(SORT_BY_ALIGNMENT(._shell.static.*)))
                0x000000000800b398                _shell_list_end = .

shell_root_cmds_area
                0x000000000800b398        0x0
                0x000000000800b398                _shell_root_cmds_list_start = .
 *(SORT_BY_NAME(SORT_BY_ALIGNMENT(._shell_root_cmds.static.*)))
                0x000000000800b398                _shell_root_cmds_list_end = .

shell_subcmds_area
                0x000000000800b398        0x0
                0x000000000800b398                _shell_subcmds_list_start = .
 *(SORT_BY_NAME(SORT_BY_ALIGNMENT(._shell_subcmds.static.*)))
                0x000000000800b398                _shell_subcmds_list_end = .

shell_dynamic_subcmds_area
                0x000000000800b398        0x0
                0x000000000800b398                _shell_dynamic_subcmds_list_start = .
 *(SORT_BY_NAME(SORT_BY_ALIGNMENT(._shell_dynamic_subcmds.static.*)))
                0x000000000800b398                _shell_dynamic_subcmds_list_end = .

cfb_font_area   0x000000000800b398        0x0
                0x000000000800b398                _cfb_font_list_start = .
 *(SORT_BY_NAME(SORT_BY_ALIGNMENT(._cfb_font.static.*)))
                0x000000000800b398                _cfb_font_list_end = .

rodata          0x000000000800b398     0x305c
 *(SORT_BY_ALIGNMENT(.rodata))
 .rodata        0x000000000800b398        0x8 zephyr/drivers/gpio/libdrivers__gpio.a(gpio_stm32.c.obj)
 *(SORT_BY_ALIGNMENT(.rodata.*))
 .rodata._ZL9CanThreadv.str1.4
                0x000000000800b3a0       0x13 app/libapp.a(main.cpp.obj)
 *fill*         0x000000000800b3b3        0x1 
 .rodata._ZL15HeartbeatThreadv.str1.4
                0x000000000800b3b4       0x19 app/libapp.a(main.cpp.obj)
 *fill*         0x000000000800b3cd        0x3 
 .rodata._ZL12SafetyThreadv.str1.4
                0x000000000800b3d0       0x3c app/libapp.a(main.cpp.obj)
 .rodata.main.str1.4
                0x000000000800b40c       0x6c app/libapp.a(main.cpp.obj)
 .rodata.str1.4
                0x000000000800b478       0x10 app/libapp.a(main.cpp.obj)
 .rodata.z_impl_gpio_pin_configure.str1.4
                0x000000000800b488      0x366 app/libapp.a(gpio_overlay.cpp.obj)
 *fill*         0x000000000800b7ee        0x2 
 .rodata._ZN5Alarm7TriggerEv.str1.4
                0x000000000800b7f0       0x36 app/libapp.a(alarm.cpp.obj)
 *fill*         0x000000000800b826        0x2 
 .rodata.str1.4
                0x000000000800b828        0xd app/libapp.a(alarm.cpp.obj)
 *fill*         0x000000000800b835        0x3 
 .rodata.sys_heap_free.str1.4
                0x000000000800b838       0xd4 zephyr/libzephyr.a(heap.c.obj)