Archive member included to satisfy reference by file (symbol)

app/libapp.a(main.cpp.obj)    (--whole-archive)
app/libapp.a(gpio_overlay.cpp.obj)
                              (--whole-archive)
app/libapp.a(pressure_sensor.cpp.obj)
                              (--whole-archive)
app/libapp.a(flow_sensor.cpp.obj)
                              (--whole-archive)
app/libapp.a(sensor_manager.cpp.obj)
                              (--whole-archive)
app/libapp.a(lcd_display.cpp.obj)
                              (--whole-archive)
app/libapp.a(canfd.cpp.obj)   (--whole-archive)
app/libapp.a(heartbeat.cpp.obj)
                              (--whole-archive)
zephyr/libzephyr.a(cpp_dtors.c.obj)
                              (--whole-archive)
zephyr/libzephyr.a(cpp_virtual.c.obj)
                              (--whole-archive)
zephyr/libzephyr.a(cpp_vtable.cpp.obj)
                              (--whole-archive)
zephyr/libzephyr.a(cpp_new.cpp.obj)
                              (--whole-archive)
zephyr/libzephyr.a(heap.c.obj)
                              (--whole-archive)
zephyr/libzephyr.a(cbprintf_packaged.c.obj)
                              (--whole-archive)
zephyr/libzephyr.a(printk.c.obj)
                              (--whole-archive)
zephyr/libzephyr.a(sem.c.obj)
                              (--whole-archive)
zephyr/libzephyr.a(thread_entry.c.obj)
                              (--whole-archive)
zephyr/libzephyr.a(cbprintf_complete.c.obj)
                              (--whole-archive)
zephyr/libzephyr.a(cbprintf.c.obj)
                              (--whole-archive)
zephyr/libzephyr.a(assert.c.obj)
                              (--whole-archive)
zephyr/libzephyr.a(mpsc_pbuf.c.obj)
                              (--whole-archive)
zephyr/libzephyr.a(reboot.c.obj)
                              (--whole-archive)
zephyr/libzephyr.a(dec.c.obj)
                              (--whole-archive)
zephyr/libzephyr.a(hex.c.obj)
                              (--whole-archive)
zephyr/libzephyr.a(rb.c.obj)  (--whole-archive)
zephyr/libzephyr.a(timeutil.c.obj)
                              (--whole-archive)
zephyr/libzephyr.a(bitarray.c.obj)
                              (--whole-archive)
zephyr/libzephyr.a(configs.c.obj)
                              (--whole-archive)
zephyr/libzephyr.a(stm32cube_hal.c.obj)
                              (--whole-archive)
zephyr/libzephyr.a(soc_config.c.obj)
                              (--whole-archive)
zephyr/libzephyr.a(soc.c.obj)
                              (--whole-archive)
zephyr/libzephyr.a(thread_analyzer.c.obj)
                              (--whole-archive)
zephyr/libzephyr.a(log_core.c.obj)
                              (--whole-archive)
zephyr/libzephyr.a(log_mgmt.c.obj)
                              (--whole-archive)
zephyr/libzephyr.a(log_cache.c.obj)
                              (--whole-archive)
zephyr/libzephyr.a(log_msg.c.obj)
                              (--whole-archive)
zephyr/libzephyr.a(log_output.c.obj)
                              (--whole-archive)
zephyr/libzephyr.a(log_backend_uart.c.obj)
                              (--whole-archive)
zephyr/libzephyr.a(mem_attr.c.obj)
                              (--whole-archive)
zephyr/libzephyr.a(tracing_none.c.obj)
                              (--whole-archive)
zephyr/arch/common/libarch__common.a(sw_isr_common.c.obj)
                              (--whole-archive)
zephyr/arch/arch/arm/core/libarch__arm__core.a(fatal.c.obj)
                              (--whole-archive)
zephyr/arch/arch/arm/core/libarch__arm__core.a(nmi.c.obj)
                              (--whole-archive)
zephyr/arch/arch/arm/core/libarch__arm__core.a(nmi_on_reset.S.obj)
                              (--whole-archive)
zephyr/arch/arch/arm/core/libarch__arm__core.a(__aeabi_atexit.c.obj)
                              (--whole-archive)
zephyr/arch/arch/arm/core/cortex_m/libarch__arm__core__cortex_m.a(exc_exit.c.obj)
                              (--whole-archive)
zephyr/arch/arch/arm/core/cortex_m/libarch__arm__core__cortex_m.a(fault.c.obj)
                              (--whole-archive)
zephyr/arch/arch/arm/core/cortex_m/libarch__arm__core__cortex_m.a(fault_s.S.obj)
                              (--whole-archive)
zephyr/arch/arch/arm/core/cortex_m/libarch__arm__core__cortex_m.a(fpu.c.obj)
                              (--whole-archive)
zephyr/arch/arch/arm/core/cortex_m/libarch__arm__core__cortex_m.a(reset.S.obj)
                              (--whole-archive)
zephyr/arch/arch/arm/core/cortex_m/libarch__arm__core__cortex_m.a(scb.c.obj)
                              (--whole-archive)
zephyr/arch/arch/arm/core/cortex_m/libarch__arm__core__cortex_m.a(thread_abort.c.obj)
                              (--whole-archive)
zephyr/arch/arch/arm/core/cortex_m/libarch__arm__core__cortex_m.a(vector_table.S.obj)
                              (--whole-archive)
zephyr/arch/arch/arm/core/cortex_m/libarch__arm__core__cortex_m.a(swap.c.obj)
[...]
Memory Configuration

Name             Origin             Length             Attributes
FLASH            0x0000000008000000 0x0000000000080000 xr
RAM              0x0000000020000000 0x0000000000020000 xw
IDT_LIST         0x00000000ffff7fff 0x0000000000008000 xw
*default*        0x0000000000000000 0xffffffffffffffff

Linker script and memory map

LOAD zephyr/CMakeFiles/zephyr_final.dir/misc/empty_file.c.obj
LOAD zephyr/CMakeFiles/zephyr_final.dir/isr_tables.c.obj
LOAD zephyr/CMakeFiles/offsets.dir/./arch/arm/core/offsets/offsets.c.obj
LOAD app/libapp.a
LOAD zephyr/libzephyr.a
LOAD zephyr/arch/common/libarch__common.a
LOAD zephyr/arch/arch/arm/core/libarch__arm__core.a
LOAD zephyr/arch/arch/arm/core/cortex_m/libarch__arm__core__cortex_m.a
LOAD zephyr/arch/arch/arm/core/mpu/libarch__arm__core__mpu.a
LOAD zephyr/lib/libc/newlib/liblib__libc__newlib.a
LOAD zephyr/lib/libc/common/liblib__libc__common.a
LOAD zephyr/drivers/interrupt_controller/libdrivers__interrupt_controller.a
LOAD zephyr/drivers/adc/libdrivers__adc.a
LOAD zephyr/drivers/can/libdrivers__can.a
LOAD zephyr/drivers/clock_control/libdrivers__clock_control.a
LOAD zephyr/drivers/console/libdrivers__console.a
LOAD zephyr/drivers/gpio/libdrivers__gpio.a
LOAD zephyr/drivers/i2c/libdrivers__i2c.a
LOAD zephyr/drivers/pinctrl/libdrivers__pinctrl.a
LOAD zephyr/drivers/reset/libdrivers__reset.a
LOAD zephyr/drivers/serial/libdrivers__serial.a
LOAD zephyr/drivers/timer/libdrivers__timer.a
LOAD modules/stm32/stm32cube/lib..__modules__hal__stm32__stm32cube.a
LOAD zephyr/kernel/libkernel.a
LOAD /home/babu-inc-5831/zephyr-sdk-0.17.2/arm-zephyr-eabi/bin/../lib/gcc/arm-zephyr-eabi/12.2.0/thumb/v7e-m/nofp/libgcc.a
LOAD zephyr/arch/common/libisr_tables.a
LOAD /home/babu-inc-5831/zephyr-sdk-0.17.2/arm-zephyr-eabi/arm-zephyr-eabi/lib/thumb/v7e-m/nofp/libm.a
LOAD /home/babu-inc-5831/zephyr-sdk-0.17.2/arm-zephyr-eabi/arm-zephyr-eabi/lib/thumb/v7e-m/nofp/libc.a
LOAD /home/babu-inc-5831/zephyr-sdk-0.17.2/arm-zephyr-eabi/bin/../lib/gcc/arm-zephyr-eabi/12.2.0/thumb/v7e-m/nofp/libgcc.a
LOAD /home/babu-inc-5831/zephyr-sdk-0.17.2/arm-zephyr-eabi/arm-zephyr-eabi/lib/thumb/v7e-m/nofp/libc.a
                0x0000000000000020                _region_min_align = 0x20

.rel.plt        0x0000000008000000        0x0
 *(SORT_BY_ALIGNMENT(.rel.plt))
                [!provide]                        PROVIDE (__rel_iplt_start = .)
 *(SORT_BY_ALIGNMENT(.rel.iplt))
 .rel.iplt      0x0000000008000000        0x0 zephyr/CMakeFiles/zephyr_final.dir/isr_tables.c.obj
                [!provide]                        PROVIDE (__rel_iplt_end = .)

.rela.plt       0x0000000000000000        0x0
 *(SORT_BY_ALIGNMENT(.rela.plt))
                [!provide]                        PROVIDE (__rela_iplt_start = .)
 *(SORT_BY_ALIGNMENT(.rela.iplt))
                [!provide]                        PROVIDE (__rela_iplt_end = .)

.rel.dyn
 *(SORT_BY_ALIGNMENT(.rel.*))

.rela.dyn
 *(SORT_BY_ALIGNMENT(.rela.*))

/DISCARD/
 *(SORT_BY_ALIGNMENT(.plt))

/DISCARD/
 *(SORT_BY_ALIGNMENT(.iplt))
                0x0000000008000000                __rom_region_start = 0x8000000

rom_start       0x0000000008000000      0x1d8
                0x0000000008000000                __rom_start_address = .
 FILL mask 0x00
                0x0000000008000000                . = (. + (0x0 - (. - __rom_start_address)))
                0x0000000008000000                . = ALIGN (0x4)
                0x0000000008000000                . = ALIGN (0x80)
                0x0000000008000000                . = ALIGN (0x200)
                0x0000000008000000                _vector_start = .
 *(SORT_BY_ALIGNMENT(.exc_vector_table))
 *(SORT_BY_ALIGNMENT(.exc_vector_table.*))
 .exc_vector_table._vector_table_section
                0x0000000008000000       0x40 zephyr/arch/arch/arm/core/cortex_m/libarch__arm__core__cortex_m.a(vector_table.S.obj)
                0x0000000008000000                _vector_table
 *(SORT_BY_ALIGNMENT(.vectors))
                0x00000000080001d8                _vector_end = .
                0x0000000008000040                . = ALIGN (0x4)
 *(SORT_BY_ALIGNMENT(.gnu.linkonce.irq_vector_table*))
 .gnu.linkonce.irq_vector_table
                0x0000000008000040      0x198 zephyr/CMakeFiles/zephyr_final.dir/isr_tables.c.obj
                0x0000000008000040                _irq_vector_table
                0x00000000080001d8                _vector_end = .

text            0x0000000008000200     0xb658
                0x0000000008000200                __text_region_start = .
 *(SORT_BY_ALIGNMENT(.text))
 .text          0x0000000008000200       0xdc /home/babu-inc-5831/zephyr-sdk-0.17.2/arm-zephyr-eabi/arm-zephyr-eabi/lib/thumb/v7e-m/nofp/libc.a(lib_a-strlen.o)
                0x0000000008000200                strlen
 .text          0x00000000080002dc       0x30 /home/babu-inc-5831/zephyr-sdk-0.17.2/arm-zephyr-eabi/bin/../lib/gcc/arm-zephyr-eabi/12.2.0/thumb/v7e-m/nofp/libgcc.a(_aeabi_uldivmod.o)
                0x00000000080002dc                __aeabi_uldivmod
 .text          0x000000000800030c        0x4 /home/babu-inc-5831/zephyr-sdk-0.17.2/arm-zephyr-eabi/bin/../lib/gcc/arm-zephyr-eabi/12.2.0/thumb/v7e-m/nofp/libgcc.a(_dvmd_tls.o)
                0x000000000800030c                __aeabi_ldiv0
                0x000000000800030c                __aeabi_idiv0
 .text          0x0000000008000310      0x134 /home/babu-inc-5831/zephyr-sdk-0.17.2/arm-zephyr-eabi/arm-zephyr-eabi/lib/thumb/v7e-m/nofp/libc.a(lib_a-memcpy.o)
                0x0000000008000310                memcpy
 .text          0x0000000008000444       0x26 /home/babu-inc-5831/zephyr-sdk-0.17.2/arm-zephyr-eabi/bin/../lib/gcc/arm-zephyr-eabi/12.2.0/thumb/v7e-m/nofp/libgcc.a(_popcountsi2.o)
                0x0000000008000444                __popcountsi2
 .text          0x000000000800046a      0x2a0 /home/babu-inc-5831/zephyr-sdk-0.17.2/arm-zephyr-eabi/bin/../lib/gcc/arm-zephyr-eabi/12.2.0/thumb/v7e-m/nofp/libgcc.a(_udivmoddi4.o)
                0x000000000800046a                __udivmoddi4
 *(SORT_BY_ALIGNMENT(.text.*))
 *fill*         0x000000000800070a        0x2 
 .text._ZN12_GLOBAL__N_110fatalErrorEPKc
                0x000000000800070c       0x1c app/libapp.a(main.cpp.obj)
 .text.main     0x0000000008000728       0x6c app/libapp.a(main.cpp.obj)
                0x0000000008000728                main
 .text.z_impl_gpio_pin_configure
                0x0000000008000794      0x164 app/libapp.a(gpio_overlay.cpp.obj)
 .text.flowIsr  0x00000000080008f8       0x20 app/libapp.a(gpio_overlay.cpp.obj)
                0x00000000080008f8                flowIsr
 .text._ZN12_GLOBAL__N_112lcdWriteByteEh.isra.0
                0x0000000008000918       0x2c app/libapp.a(gpio_overlay.cpp.obj)
 .text._ZN12_GLOBAL__N_117heartbeatLedWriteEb
                0x0000000008000944       0x6c app/libapp.a(gpio_overlay.cpp.obj)
 .text._ZN11sensor_node11GpioOverlay4initEv
                0x00000000080009b0       0xd8 app/libapp.a(gpio_overlay.cpp.obj)
                0x00000000080009b0                sensor_node::GpioOverlay::init()
 .text._ZN11sensor_node11GpioOverlay7canInitEv
                0x0000000008000a88       0x3c app/libapp.a(gpio_overlay.cpp.obj)
                0x0000000008000a88                sensor_node::GpioOverlay::canInit()
 .text._ZN11sensor_node11GpioOverlay7lcdInitEv
                0x0000000008000ac4       0x80 app/libapp.a(gpio_overlay.cpp.obj)
                0x0000000008000ac4                sensor_node::GpioOverlay::lcdInit()
 .text._ZN11sensor_node11GpioOverlay18readPressureAdcRawEv
                0x0000000008000b44       0x24 app/libapp.a(gpio_overlay.cpp.obj)
                0x0000000008000b44                sensor_node::GpioOverlay::readPressureAdcRaw()
 .text._ZN11sensor_node11GpioOverlay25getAndResetFlowPulseCountEv
                0x0000000008000b68       0x20 app/libapp.a(gpio_overlay.cpp.obj)
                0x0000000008000b68                sensor_node::GpioOverlay::getAndResetFlowPulseCount()
 .text._ZN11sensor_node11GpioOverlay11canTransmitEjPKhh
                0x0000000008000b88       0x50 app/libapp.a(gpio_overlay.cpp.obj)
                0x0000000008000b88                sensor_node::GpioOverlay::canTransmit(unsigned int, unsigned char const*, unsigned char)
 .text._ZN11sensor_node11GpioOverlay17heartbeatLedPulseEv
                0x0000000008000bd8       0x2c app/libapp.a(gpio_overlay.cpp.obj)
                0x0000000008000bd8                sensor_node::GpioOverlay::heartbeatLedPulse()
 .text._ZN11sensor_node13SensorManager6updateEv
                0x0000000008000c04       0x24 app/libapp.a(sensor_manager.cpp.obj)
                0x0000000008000c04                sensor_node::SensorManager::update()
 .text._ZN11sensor_node13SensorManager15getPressureMmHgEv
                0x0000000008000c28        0xc app/libapp.a(sensor_manager.cpp.obj)
                0x0000000008000c28                sensor_node::SensorManager::getPressureMmHg()
 .text._ZN11sensor_node13SensorManager12getFlowMlMinEv
                0x0000000008000c34        0xc app/libapp.a(sensor_manager.cpp.obj)
                0x0000000008000c34                sensor_node::SensorManager::getFlowMlMin()
 .text._ZN11sensor_node10LcdDisplay6updateEv
                0x0000000008000c40       0x68 app/libapp.a(lcd_display.cpp.obj)
                0x0000000008000c40                sensor_node::LcdDisplay::update()
 .text._ZN11sensor_node10LcdDisplay11showMessageEPKc
                0x0000000008000ca8       0x3c app/libapp.a(lcd_display.cpp.obj)
                0x0000000008000ca8                sensor_node::LcdDisplay::showMessage(char const*)
 .text._ZN11sensor_node5CanFd13sendHeartbeatEv
                0x0000000008000ce4       0x10 app/libapp.a(canfd.cpp.obj)
                0x0000000008000ce4                sensor_node::CanFd::sendHeartbeat()
 .text._ZN11sensor_node5CanFd22processReceivedMessageEjPKhh
                0x0000000008000cf4       0x18 app/libapp.a(canfd.cpp.obj)
                0x0000000008000cf4                sensor_node::CanFd::processReceivedMessage(unsigned int, unsigned char const*, unsigned char)
 .text.sys_heap_init
                0x0000000008000d0c      0x11c zephyr/libzephyr.a(heap.c.obj)
                0x0000000008000d0c                sys_heap_init
 .text.cbvprintf_package
                0x0000000008000e28      0x42c zephyr/libzephyr.a(cbprintf_packaged.c.obj)
                0x0000000008000e28                cbvprintf_package
 .text.cbprintf_package_convert
                0x0000000008001254      0x468 zephyr/libzephyr.a(cbprintf_packaged.c.obj)
                0x0000000008001254                cbprintf_package_convert
 .text.__printk_hook_install
                0x00000000080016bc        0xc zephyr/libzephyr.a(printk.c.obj)
                0x00000000080016bc                __printk_hook_install
 .text.vsnprintk
                0x00000000080016c8       0x2c zephyr/libzephyr.a(printk.c.obj)
                0x00000000080016c8                vsnprintk
 .text.extract_decimal
                0x00000000080016f4       0x2c zephyr/libzephyr.a(cbprintf_complete.c.obj)
 .text.encode_uint
                0x0000000008001720       0x9c zephyr/libzephyr.a(cbprintf_complete.c.obj)
 .text.z_cbvprintf_impl
                0x00000000080017bc      0x76c zephyr/libzephyr.a(cbprintf_complete.c.obj)
                0x00000000080017bc                z_cbvprintf_impl
 .text.mpsc_pbuf_init
                0x0000000008001f28       0x64 zephyr/libzephyr.a(mpsc_pbuf.c.obj)
                0x0000000008001f28                mpsc_pbuf_init
 .text.mpsc_pbuf_alloc
                0x0000000008001f8c      0x184 zephyr/libzephyr.a(mpsc_pbuf.c.obj)
                0x0000000008001f8c                mpsc_pbuf_alloc
 .text.mpsc_pbuf_commit
                0x0000000008002110       0xb0 zephyr/libzephyr.a(mpsc_pbuf.c.obj)
                0x0000000008002110                mpsc_pbuf_commit
 .text.mpsc_pbuf_claim
                0x00000000080021c0      0x110 zephyr/libzephyr.a(mpsc_pbuf.c.obj)
                0x00000000080021c0                mpsc_pbuf_claim
 .text.mpsc_pbuf_free
                0x00000000080022d0       0xe4 zephyr/libzephyr.a(mpsc_pbuf.c.obj)
                0x00000000080022d0                mpsc_pbuf_free
 .text.st_stm32_common_config
                0x00000000080023b4       0x14 zephyr/libzephyr.a(soc_config.c.obj)
 .text.stm32g4_init
                0x00000000080023c8       0x68 zephyr/libzephyr.a(soc.c.obj)
 .text.thread_print_cb
                0x0000000008002430       0x3c zephyr/libzephyr.a(thread_analyzer.c.obj)
 .text.thread_analyze_cb
                0x000000000800246c       0x8c zephyr/libzephyr.a(thread_analyzer.c.obj)
 .text.thread_analyzer_run
                0x00000000080024f8       0x50 zephyr/libzephyr.a(thread_analyzer.c.obj)
                0x00000000080024f8                thread_analyzer_run
 .text.thread_analyzer_print
                0x0000000008002548       0x1c zephyr/libzephyr.a(thread_analyzer.c.obj)
                0x0000000008002548                thread_analyzer_print
 .text.thread_analyzer_auto
                0x0000000008002564       0x18 zephyr/libzephyr.a(thread_analyzer.c.obj)
                0x0000000008002564                thread_analyzer_auto
 .text.enable_logger
                0x000000000800257c       0x5c zephyr/libzephyr.a(log_core.c.obj)
 .text.activate_foreach_backend
                0x00000000080025d8       0x64 zephyr/libzephyr.a(log_core.c.obj)
 .text.z_log_init
                0x000000000800263c       0xdc zephyr/libzephyr.a(log_core.c.obj)
 .text.log_process_thread_timer_expiry_fn
                0x0000000008002718        0xc zephyr/libzephyr.a(log_core.c.obj)
 .text.log_format_func_t_get
                0x0000000008002724        0xc zephyr/libzephyr.a(log_core.c.obj)
                0x0000000008002724                log_format_func_t_get
 .text.log_set_timestamp_func
                0x0000000008002730       0x20 zephyr/libzephyr.a(log_core.c.obj)
                0x0000000008002730                log_set_timestamp_func
 .text.z_log_notify_backend_enabled
                0x0000000008002750       0x1c zephyr/libzephyr.a(log_core.c.obj)
                0x0000000008002750                z_log_notify_backend_enabled
 .text.z_log_dropped
                0x000000000800276c       0x30 zephyr/libzephyr.a(log_core.c.obj)
                0x000000000800276c                z_log_dropped
 .text.z_log_dropped_read_and_clear
                0x000000000800279c       0x20 zephyr/libzephyr.a(log_core.c.obj)
                0x000000000800279c                z_log_dropped_read_and_clear
 .text.dropped_notify
                0x00000000080027bc       0x60 zephyr/libzephyr.a(log_core.c.obj)
                0x00000000080027bc                dropped_notify
 .text.z_log_msg_init
                0x000000000800281c       0x20 zephyr/libzephyr.a(log_core.c.obj)
                0x000000000800281c                z_log_msg_init
 .text.log_core_init
                0x000000000800283c       0x34 zephyr/libzephyr.a(log_core.c.obj)
                0x000000000800283c                log_core_init
 .text.z_log_msg_alloc
                0x0000000008002870       0x10 zephyr/libzephyr.a(log_core.c.obj)
                0x0000000008002870                z_log_msg_alloc
 .text.z_log_msg_local_claim
                0x0000000008002880        0xc zephyr/libzephyr.a(log_core.c.obj)
                0x0000000008002880                z_log_msg_local_claim
 .text.z_log_msg_free
                0x000000000800288c       0x10 zephyr/libzephyr.a(log_core.c.obj)
                0x000000000800288c                z_log_msg_free
 .text.z_log_msg_pending
                0x000000000800289c        0xc zephyr/libzephyr.a(log_core.c.obj)
                0x000000000800289c                z_log_msg_pending
 .text.z_impl_log_process
                0x00000000080028a8       0xe0 zephyr/libzephyr.a(log_core.c.obj)
                0x00000000080028a8                z_impl_log_process
 .text.z_impl_log_panic
                0x0000000008002988       0x74 zephyr/libzephyr.a(log_core.c.obj)
                0x0000000008002988                z_impl_log_panic
 .text.log_process_thread_func
                0x00000000080029fc       0xec zephyr/libzephyr.a(log_core.c.obj)
 .text.z_log_msg_post_finalize
                0x0000000008002ae8       0xe4 zephyr/libzephyr.a(log_core.c.obj)
 .text.z_log_msg_commit
                0x0000000008002bcc       0x24 zephyr/libzephyr.a(log_core.c.obj)
                0x0000000008002bcc                z_log_msg_commit
 .text.log_source_name_get
                0x0000000008002bf0       0x1c zephyr/libzephyr.a(log_mgmt.c.obj)
                0x0000000008002bf0                log_source_name_get
 .text.log_backend_enable
                0x0000000008002c0c       0x4c zephyr/libzephyr.a(log_mgmt.c.obj)
                0x0000000008002c0c                log_backend_enable
 .text.z_impl_z_log_msg_static_create
                0x0000000008002c58      0x12c zephyr/libzephyr.a(log_msg.c.obj)
                0x0000000008002c58                z_impl_z_log_msg_static_create
 .text.z_log_msg_runtime_vcreate
                0x0000000008002d84       0xe0 zephyr/libzephyr.a(log_msg.c.obj)
                0x0000000008002d84                z_log_msg_runtime_vcreate
 .text.log_msg_get_source_id
                0x0000000008002e64       0x18 zephyr/libzephyr.a(log_msg.c.obj)
                0x0000000008002e64                log_msg_get_source_id
 .text.print_formatted
                0x0000000008002e7c       0x24 zephyr/libzephyr.a(log_output.c.obj)
 .text.newline_print
                0x0000000008002ea0       0x1c zephyr/libzephyr.a(log_output.c.obj)
 .text.out_func
                0x0000000008002ebc       0x60 zephyr/libzephyr.a(log_output.c.obj)
 .text.log_output_process
                0x0000000008002f1c      0x324 zephyr/libzephyr.a(log_output.c.obj)
                0x0000000008002f1c                log_output_process
 .text.log_output_dropped_process
                0x0000000008003240       0x58 zephyr/libzephyr.a(log_output.c.obj)
                0x0000000008003240                log_output_dropped_process
 .text.log_output_timestamp_freq_set
                0x0000000008003298       0x2c zephyr/libzephyr.a(log_output.c.obj)
                0x0000000008003298                log_output_timestamp_freq_set
 .text.char_out
                0x00000000080032c4       0x24 zephyr/libzephyr.a(log_backend_uart.c.obj)
 .text.log_backend_uart_init
                0x00000000080032e8       0x3c zephyr/libzephyr.a(log_backend_uart.c.obj)
 .text.mem_attr_get_regions
                0x0000000008003324        0xc zephyr/libzephyr.a(mem_attr.c.obj)
                0x0000000008003324                mem_attr_get_regions
 .text.z_arm_fatal_error
                0x0000000008003330       0xb8 zephyr/arch/arch/arm/core/libarch__arm__core.a(fatal.c.obj)
                0x0000000008003330                z_arm_fatal_error
 .text.z_arm_nmi
                0x00000000080033e8       0x14 zephyr/arch/arch/arm/core/libarch__arm__core.a(nmi.c.obj)
                0x00000000080033e8                z_arm_nmi
 .text.z_SysNmiOnReset
                0x00000000080033fc        0x8 zephyr/arch/arch/arm/core/libarch__arm__core.a(nmi_on_reset.S.obj)
                0x00000000080033fc                z_SysNmiOnReset
 .text._HandlerModeExit
                0x0000000008003404       0x28 zephyr/arch/arch/arm/core/cortex_m/libarch__arm__core__cortex_m.a(exc_exit.c.obj)
                0x0000000008003404                z_arm_exc_exit
                0x0000000008003404                z_arm_int_exit
 .text.bus_fault.constprop.0
                0x000000000800342c       0xd0 zephyr/arch/arch/arm/core/cortex_m/libarch__arm__core__cortex_m.a(fault.c.obj)
 .text.usage_fault.constprop.0
                0x00000000080034fc       0xa8 zephyr/arch/arch/arm/core/cortex_m/libarch__arm__core__cortex_m.a(fault.c.obj)
 .text.mem_manage_fault
                0x00000000080035a4      0x138 zephyr/arch/arch/arm/core/cortex_m/libarch__arm__core__cortex_m.a(fault.c.obj)
 .text.z_arm_fault
                0x00000000080036dc      0x238 zephyr/arch/arch/arm/core/cortex_m/libarch__arm__core__cortex_m.a(fault.c.obj)
                0x00000000080036dc                z_arm_fault
 .text.z_arm_fault_init
                0x0000000008003914       0x10 zephyr/arch/arch/arm/core/cortex_m/libarch__arm__core__cortex_m.a(fault.c.obj)
                0x0000000008003914                z_arm_fault_init
 .text.__fault  0x0000000008003924       0x14 zephyr/arch/arch/arm/core/cortex_m/libarch__arm__core__cortex_m.a(fault_s.S.obj)
                0x0000000008003924                z_arm_bus_fault
                0x0000000008003924                z_arm_usage_fault
                0x0000000008003924                z_arm_mpu_fault
                0x0000000008003924                z_arm_exc_spurious
                0x0000000008003924                z_arm_debug_monitor
                0x0000000008003924                z_arm_hard_fault
 .text._reset_section
                0x0000000008003938       0x38 zephyr/arch/arch/arm/core/cortex_m/libarch__arm__core__cortex_m.a(reset.S.obj)
                0x0000000008003938                z_arm_reset
                0x0000000008003938                __start
 .text.z_impl_k_thread_abort
                0x0000000008003970       0x2c zephyr/arch/arch/arm/core/cortex_m/libarch__arm__core__cortex_m.a(thread_abort.c.obj)
                0x0000000008003970                z_impl_k_thread_abort
 .text.arch_swap
                0x000000000800399c       0x34 zephyr/arch/arch/arm/core/cortex_m/libarch__arm__core__cortex_m.a(swap.c.obj)
                0x000000000800399c                arch_swap
 .text.z_arm_pendsv_c
                0x00000000080039d0       0x44 zephyr/arch/arch/arm/core/cortex_m/libarch__arm__core__cortex_m.a(swap.c.obj)
                0x00000000080039d0                z_arm_pendsv_c
 .text.z_arm_pendsv
                0x0000000008003a14       0x48 zephyr/arch/arch/arm/core/cortex_m/libarch__arm__core__cortex_m.a(swap_helper.S.obj)
                0x0000000008003a14                z_arm_pendsv
 .text.z_arm_svc
                0x0000000008003a5c       0x20 zephyr/arch/arch/arm/core/cortex_m/libarch__arm__core__cortex_m.a(swap_helper.S.obj)
                0x0000000008003a5c                z_arm_svc
 .text.arch_irq_enable
                0x0000000008003a7c       0x1c zephyr/arch/arch/arm/core/cortex_m/libarch__arm__core__cortex_m.a(irq_manage.c.obj)
                0x0000000008003a7c                arch_irq_enable
 .text.z_arm_irq_priority_set
                0x0000000008003a98       0x68 zephyr/arch/arch/arm/core/cortex_m/libarch__arm__core__cortex_m.a(irq_manage.c.obj)
                0x0000000008003a98                z_arm_irq_priority_set
 .text.z_prep_c
                0x0000000008003b00       0x48 zephyr/arch/arch/arm/core/cortex_m/libarch__arm__core__cortex_m.a(prep_c.c.obj)
                0x0000000008003b00                z_prep_c
 .text.arch_new_thread
                0x0000000008003b48       0x38 zephyr/arch/arch/arm/core/cortex_m/libarch__arm__core__cortex_m.a(thread.c.obj)
                0x0000000008003b48                arch_new_thread
 .text.z_check_thread_stack_fail
                0x0000000008003b80       0x30 zephyr/arch/arch/arm/core/cortex_m/libarch__arm__core__cortex_m.a(thread.c.obj)
                0x0000000008003b80                z_check_thread_stack_fail
 .text.arch_switch_to_main_thread
                0x0000000008003bb0       0x44 zephyr/arch/arch/arm/core/cortex_m/libarch__arm__core__cortex_m.a(thread.c.obj)
                0x0000000008003bb0                arch_switch_to_main_thread
 .text.z_arm_cpu_idle_init
                0x0000000008003bf4        0xc zephyr/arch/arch/arm/core/cortex_m/libarch__arm__core__cortex_m.a(cpu_idle.c.obj)
                0x0000000008003bf4                z_arm_cpu_idle_init
 .text.z_arm_interrupt_init
                0x0000000008003c00       0x18 zephyr/arch/arch/arm/core/cortex_m/libarch__arm__core__cortex_m.a(irq_init.c.obj)
                0x0000000008003c00                z_arm_interrupt_init
 .text._isr_wrapper
                0x0000000008003c18       0x24 zephyr/arch/arch/arm/core/cortex_m/libarch__arm__core__cortex_m.a(isr_wrapper.c.obj)
                0x0000000008003c18                _isr_wrapper
 .text.z_arm_configure_static_mpu_regions
                0x0000000008003c3c       0x18 zephyr/arch/arch/arm/core/mpu/libarch__arm__core__mpu.a(arm_core_mpu.c.obj)
                0x0000000008003c3c                z_arm_configure_static_mpu_regions
 .text.z_arm_configure_dynamic_mpu_regions
                0x0000000008003c54       0x24 zephyr/arch/arch/arm/core/mpu/libarch__arm__core__mpu.a(arm_core_mpu.c.obj)
                0x0000000008003c54                z_arm_configure_dynamic_mpu_regions
 .text.region_allocate_and_init
                0x0000000008003c78       0x54 zephyr/arch/arch/arm/core/mpu/libarch__arm__core__mpu.a(arm_mpu.c.obj)
 .text.mpu_configure_regions
                0x0000000008003ccc       0x68 zephyr/arch/arch/arm/core/mpu/libarch__arm__core__mpu.a(arm_mpu.c.obj)
 .text.arm_core_mpu_enable
                0x0000000008003d34       0x18 zephyr/arch/arch/arm/core/mpu/libarch__arm__core__mpu.a(arm_mpu.c.obj)
                0x0000000008003d34                arm_core_mpu_enable
 .text.arm_core_mpu_disable
                0x0000000008003d4c       0x14 zephyr/arch/arch/arm/core/mpu/libarch__arm__core__mpu.a(arm_mpu.c.obj)
                0x0000000008003d4c                arm_core_mpu_disable
 .text.arm_core_mpu_configure_static_mpu_regions
                0x0000000008003d60       0x4c zephyr/arch/arch/arm/core/mpu/libarch__arm__core__mpu.a(arm_mpu.c.obj)
                0x0000000008003d60                arm_core_mpu_configure_static_mpu_regions
 .text.arm_core_mpu_configure_dynamic_mpu_regions
                0x0000000008003dac       0x6c zephyr/arch/arch/arm/core/mpu/libarch__arm__core__mpu.a(arm_mpu.c.obj)
                0x0000000008003dac                arm_core_mpu_configure_dynamic_mpu_regions
 .text.z_arm_mpu_init
                0x0000000008003e18      0x230 zephyr/arch/arch/arm/core/mpu/libarch__arm__core__mpu.a(arm_mpu.c.obj)
                0x0000000008003e18                z_arm_mpu_init
 .text.malloc_prepare
                0x0000000008004048       0x44 zephyr/lib/libc/newlib/liblib__libc__newlib.a(libc-hooks.c.obj)
 .text.__stdout_hook_install
                0x000000000800408c        0xc zephyr/lib/libc/newlib/liblib__libc__newlib.a(libc-hooks.c.obj)
                0x000000000800408c                __stdout_hook_install
 .text.stm32_exti_isr
                0x0000000008004098       0x4c zephyr/drivers/interrupt_controller/libdrivers__interrupt_controller.a(intc_exti_stm32.c.obj)
 .text.stm32_fill_irq_table
                0x00000000080040e4       0x18 zephyr/drivers/interrupt_controller/libdrivers__interrupt_controller.a(intc_exti_stm32.c.obj)
 .text.stm32_exti_enable
                0x00000000080040fc       0x24 zephyr/drivers/interrupt_controller/libdrivers__interrupt_controller.a(intc_exti_stm32.c.obj)
                0x00000000080040fc                stm32_exti_enable
 .text.stm32_exti_disable
                0x0000000008004120       0x18 zephyr/drivers/interrupt_controller/libdrivers__interrupt_controller.a(intc_exti_stm32.c.obj)
                0x0000000008004120                stm32_exti_disable
 .text.stm32_exti_trigger
                0x0000000008004138       0x60 zephyr/drivers/interrupt_controller/libdrivers__interrupt_controller.a(intc_exti_stm32.c.obj)
                0x0000000008004138                stm32_exti_trigger
 .text.stm32_exti_set_callback
                0x0000000008004198       0x30 zephyr/drivers/interrupt_controller/libdrivers__interrupt_controller.a(intc_exti_stm32.c.obj)
                0x0000000008004198                stm32_exti_set_callback
 .text.stm32_exti_unset_callback
                0x00000000080041c8       0x14 zephyr/drivers/interrupt_controller/libdrivers__interrupt_controller.a(intc_exti_stm32.c.obj)
                0x00000000080041c8                stm32_exti_unset_callback
 .text.adc_stm32_channel_setup
                0x00000000080041dc       0xe0 zephyr/drivers/adc/libdrivers__adc.a(adc_stm32.c.obj)
 .text.adc_stm32_isr_18
                0x00000000080042bc       0xc8 zephyr/drivers/adc/libdrivers__adc.a(adc_stm32.c.obj)
 .text.adc_stm32_calibrate.isra.0
                0x0000000008004384       0x70 zephyr/drivers/adc/libdrivers__adc.a(adc_stm32.c.obj)
 .text.adc_stm32_init
                0x00000000080043f4      0x104 zephyr/drivers/adc/libdrivers__adc.a(adc_stm32.c.obj)
 .text.adc_stm32_read
                0x00000000080044f8      0x2cc zephyr/drivers/adc/libdrivers__adc.a(adc_stm32.c.obj)
 .text.can_calc_timing_internal
                0x00000000080047c4      0x1c0 zephyr/drivers/can/libdrivers__can.a(can_common.c.obj)
 .text.z_impl_can_send
                0x0000000008004984       0xdc zephyr/drivers/can/libdrivers__can.a(can_common.c.obj)
                0x0000000008004984                z_impl_can_send
 .text.can_add_rx_filter
                0x0000000008004a60       0x90 zephyr/drivers/can/libdrivers__can.a(can_common.c.obj)
                0x0000000008004a60                can_add_rx_filter
 .text.z_impl_can_calc_timing
                0x0000000008004af0       0x2c zephyr/drivers/can/libdrivers__can.a(can_common.c.obj)
                0x0000000008004af0                z_impl_can_calc_timing
 .text.z_impl_can_calc_timing_data
                0x0000000008004b1c       0x2c zephyr/drivers/can/libdrivers__can.a(can_common.c.obj)
                0x0000000008004b1c                z_impl_can_calc_timing_data
 .text.can_mcan_read_reg
                0x0000000008004b48       0x2c zephyr/drivers/can/libdrivers__can.a(can_mcan.c.obj)
                0x0000000008004b48                can_mcan_read_reg
 .text.can_mcan_write_reg
                0x0000000008004b74       0x2c zephyr/drivers/can/libdrivers__can.a(can_mcan.c.obj)
                0x0000000008004b74                can_mcan_write_reg
 .text.can_mcan_get_message
                0x0000000008004ba0      0x1bc zephyr/drivers/can/libdrivers__can.a(can_mcan.c.obj)
 .text.can_mcan_exit_sleep_mode
                0x0000000008004d5c       0xa0 zephyr/drivers/can/libdrivers__can.a(can_mcan.c.obj)
 .text.can_mcan_set_timing
                0x0000000008004dfc       0x64 zephyr/drivers/can/libdrivers__can.a(can_mcan.c.obj)
                0x0000000008004dfc                can_mcan_set_timing
 .text.can_mcan_start
                0x0000000008004e60      0x100 zephyr/drivers/can/libdrivers__can.a(can_mcan.c.obj)
                0x0000000008004e60                can_mcan_start
 .text.can_mcan_set_mode
                0x0000000008004f60       0xc8 zephyr/drivers/can/libdrivers__can.a(can_mcan.c.obj)
                0x0000000008004f60                can_mcan_set_mode
 .text.can_mcan_line_1_isr
                0x0000000008005028       0x94 zephyr/drivers/can/libdrivers__can.a(can_mcan.c.obj)
                0x0000000008005028                can_mcan_line_1_isr
 .text.can_mcan_line_0_isr
                0x00000000080050bc      0x1e8 zephyr/drivers/can/libdrivers__can.a(can_mcan.c.obj)
                0x00000000080050bc                can_mcan_line_0_isr
 .text.can_mcan_send
                0x00000000080052a4      0x25c zephyr/drivers/can/libdrivers__can.a(can_mcan.c.obj)
                0x00000000080052a4                can_mcan_send
 .text.can_mcan_add_rx_filter_std
                0x0000000008005500       0xf8 zephyr/drivers/can/libdrivers__can.a(can_mcan.c.obj)
                0x0000000008005500                can_mcan_add_rx_filter_std
 .text.can_mcan_add_rx_filter
                0x00000000080055f8      0x138 zephyr/drivers/can/libdrivers__can.a(can_mcan.c.obj)
                0x00000000080055f8                can_mcan_add_rx_filter
 .text.can_mcan_remove_rx_filter
                0x0000000008005730       0xbc zephyr/drivers/can/libdrivers__can.a(can_mcan.c.obj)
                0x0000000008005730                can_mcan_remove_rx_filter
 .text.can_mcan_stop
                0x00000000080057ec       0xa8 zephyr/drivers/can/libdrivers__can.a(can_mcan.c.obj)
                0x00000000080057ec                can_mcan_stop
 .text.can_mcan_init
                0x0000000008005894      0x2c4 zephyr/drivers/can/libdrivers__can.a(can_mcan.c.obj)
                0x0000000008005894                can_mcan_init
 .text.can_stm32fd_clear_mram
                0x0000000008005b58       0xa0 zephyr/drivers/can/libdrivers__can.a(can_stm32_fdcan.c.obj)
 .text.can_stm32fd_write_mram
                0x0000000008005bf8       0xcc zephyr/drivers/can/libdrivers__can.a(can_stm32_fdcan.c.obj)
 .text.can_stm32fd_read_mram
                0x0000000008005cc4       0xcc zephyr/drivers/can/libdrivers__can.a(can_stm32_fdcan.c.obj)
 .text.can_stm32fd_remap_reg
                0x0000000008005d90       0xd0 zephyr/drivers/can/libdrivers__can.a(can_stm32_fdcan.c.obj)
 .text.can_stm32fd_get_core_clock.part.0
                0x0000000008005e60       0x1c zephyr/drivers/can/libdrivers__can.a(can_stm32_fdcan.c.obj)
 .text.can_stm32fd_get_core_clock
                0x0000000008005e7c       0x34 zephyr/drivers/can/libdrivers__can.a(can_stm32_fdcan.c.obj)
 .text.can_stm32fd_init
                0x0000000008005eb0      0x114 zephyr/drivers/can/libdrivers__can.a(can_stm32_fdcan.c.obj)
 .text.stm32_clock_control_get_subsys_rate
                0x0000000008005fc4       0x94 zephyr/drivers/clock_control/libdrivers__clock_control.a(clock_stm32_ll_common.c.obj)
 .text.stm32_clock_control_init
                0x0000000008006058      0x144 zephyr/drivers/clock_control/libdrivers__clock_control.a(clock_stm32_ll_common.c.obj)
                0x0000000008006058                stm32_clock_control_init
 .text.get_pllsrc_frequency
                0x000000000800619c        0x8 zephyr/drivers/clock_control/libdrivers__clock_control.a(clock_stm32g4.c.obj)
                0x000000000800619c                get_pllsrc_frequency
 .text.config_pll_sysclock
                0x00000000080061a4       0x34 zephyr/drivers/clock_control/libdrivers__clock_control.a(clock_stm32g4.c.obj)
                0x00000000080061a4                config_pll_sysclock
 .text.config_enable_default_clocks
                0x00000000080061d8       0x20 zephyr/drivers/clock_control/libdrivers__clock_control.a(clock_stm32g4.c.obj)
                0x00000000080061d8                config_enable_default_clocks
 .text.uart_console_init
                0x00000000080061f8       0x28 zephyr/drivers/console/libdrivers__console.a(uart_console.c.obj)
 .text.console_out
                0x0000000008006220       0x28 zephyr/drivers/console/libdrivers__console.a(uart_console.c.obj)
 .text.gpio_stm32_manage_callback
                0x0000000008006248       0xa0 zephyr/drivers/gpio/libdrivers__gpio.a(gpio_stm32.c.obj)
 .text.gpio_stm32_init
                0x00000000080062e8       0x30 zephyr/drivers/gpio/libdrivers__gpio.a(gpio_stm32.c.obj)
 .text.gpio_stm32_isr
                0x0000000008006318       0x58 zephyr/drivers/gpio/libdrivers__gpio.a(gpio_stm32.c.obj)
 .text.gpio_stm32_pin_interrupt_configure
                0x0000000008006370      0x118 zephyr/drivers/gpio/libdrivers__gpio.a(gpio_stm32.c.obj)
 .text.msg_init
                0x0000000008006488       0x9c zephyr/drivers/i2c/libdrivers__i2c.a(i2c_ll_stm32_v2.c.obj)
 .text.stm32_i2c_configure_timing
                0x0000000008006524      0x158 zephyr/drivers/i2c/libdrivers__i2c.a(i2c_ll_stm32_v2.c.obj)
                0x0000000008006524                stm32_i2c_configure_timing
 .text.i2c_stm32_get_config.part.0
                0x000000000800667c       0x1c zephyr/drivers/i2c/libdrivers__i2c.a(i2c_ll_stm32.c.obj)
 .text.i2c_stm32_set_smbus_mode
                0x0000000008006698       0x54 zephyr/drivers/i2c/libdrivers__i2c.a(i2c_ll_stm32.c.obj)
                0x0000000008006698                i2c_stm32_set_smbus_mode
 .text.i2c_stm32_runtime_configure
                0x00000000080066ec       0x88 zephyr/drivers/i2c/libdrivers__i2c.a(i2c_ll_stm32.c.obj)
                0x00000000080066ec                i2c_stm32_runtime_configure
 .text.i2c_stm32_init
                0x0000000008006774      0x138 zephyr/drivers/i2c/libdrivers__i2c.a(i2c_ll_stm32.c.obj)
 .text.pinctrl_configure_pins
                0x00000000080068ac       0xb0 zephyr/drivers/pinctrl/libdrivers__pinctrl.a(pinctrl_stm32.c.obj)
                0x00000000080068ac                pinctrl_configure_pins
 .text.uart_stm32_cfg2ll_stopbits
                0x000000000800695c       0x38 zephyr/drivers/serial/libdrivers__serial.a(uart_stm32.c.obj)
 .text.lpuartdiv_calc
                0x0000000008006994       0x30 zephyr/drivers/serial/libdrivers__serial.a(uart_stm32.c.obj)
                0x0000000008006994                lpuartdiv_calc
 .text.uart_stm32_set_baudrate
                0x00000000080069c4      0x184 zephyr/drivers/serial/libdrivers__serial.a(uart_stm32.c.obj)
 .text.uart_stm32_configure
                0x0000000008006b48      0x100 zephyr/drivers/serial/libdrivers__serial.a(uart_stm32.c.obj)
 .text.uart_stm32_init
                0x0000000008006c48      0x1bc zephyr/drivers/serial/libdrivers__serial.a(uart_stm32.c.obj)
 .text.elapsed  0x0000000008006e04       0x4c zephyr/drivers/timer/libdrivers__timer.a(cortex_m_systick.c.obj)
 .text.sys_clock_driver_init
                0x0000000008006e50       0x38 zephyr/drivers/timer/libdrivers__timer.a(cortex_m_systick.c.obj)
 .text.sys_clock_isr
                0x0000000008006e88       0x54 zephyr/drivers/timer/libdrivers__timer.a(cortex_m_systick.c.obj)
                0x0000000008006e88                sys_clock_isr
 .text.sys_clock_set_timeout
                0x0000000008006edc      0x164 zephyr/drivers/timer/libdrivers__timer.a(cortex_m_systick.c.obj)
                0x0000000008006edc                sys_clock_set_timeout
 .text.sys_clock_elapsed
                0x0000000008007040       0xa4 zephyr/drivers/timer/libdrivers__timer.a(cortex_m_systick.c.obj)
                0x0000000008007040                sys_clock_elapsed
 .text.sys_clock_cycle_get_32
                0x00000000080070e4       0x94 zephyr/drivers/timer/libdrivers__timer.a(cortex_m_systick.c.obj)
                0x00000000080070e4                sys_clock_cycle_get_32
 .text.HAL_RCC_GetSysClockFreq
                0x0000000008007178       0x6c modules/stm32/stm32cube/lib..__modules__hal__stm32__stm32cube.a(stm32g4xx_hal_rcc.c.obj)
                0x0000000008007178                HAL_RCC_GetSysClockFreq
 .text.LL_RCC_PLL_IsReady
                0x00000000080071e4       0x10 modules/stm32/stm32cube/lib..__modules__hal__stm32__stm32cube.a(stm32g4xx_ll_rcc.c.obj)
 .text.LL_RCC_PLL_IsEnabledDomain_48M
                0x00000000080071f4       0x10 modules/stm32/stm32cube/lib..__modules__hal__stm32__stm32cube.a(stm32g4xx_ll_rcc.c.obj)
 .text.RCC_GetHCLKClockFreq
                0x0000000008007204       0x1c modules/stm32/stm32cube/lib..__modules__hal__stm32__stm32cube.a(stm32g4xx_ll_rcc.c.obj)
 .text.RCC_GetPCLK1ClockFreq
                0x0000000008007220       0x1c modules/stm32/stm32cube/lib..__modules__hal__stm32__stm32cube.a(stm32g4xx_ll_rcc.c.obj)
 .text.RCC_GetSystemClockFreq
                0x000000000800723c       0x58 modules/stm32/stm32cube/lib..__modules__hal__stm32__stm32cube.a(stm32g4xx_ll_rcc.c.obj)
 .text.RCC_PLL_GetFreqDomain_48M
                0x0000000008007294       0x44 modules/stm32/stm32cube/lib..__modules__hal__stm32__stm32cube.a(stm32g4xx_ll_rcc.c.obj)
 .text.LL_RCC_GetFDCANClockFreq
                0x00000000080072d8       0x5c modules/stm32/stm32cube/lib..__modules__hal__stm32__stm32cube.a(stm32g4xx_ll_rcc.c.obj)
                0x00000000080072d8                LL_RCC_GetFDCANClockFreq
 .text.LL_SetFlashLatency
                0x0000000008007334       0xdc modules/stm32/stm32cube/lib..__modules__hal__stm32__stm32cube.a(stm32g4xx_ll_utils.c.obj)
                0x0000000008007334                LL_SetFlashLatency
 .text.z_device_state_init
                0x0000000008007410       0x44 zephyr/kernel/libkernel.a(device.c.obj)
                0x0000000008007410                z_device_state_init
 .text.k_sys_fatal_error_handler
                0x0000000008007454       0x20 zephyr/kernel/libkernel.a(fatal.c.obj)
                0x0000000008007454                k_sys_fatal_error_handler
 .text.z_fatal_error
                0x0000000008007474      0x114 zephyr/kernel/libkernel.a(fatal.c.obj)
                0x0000000008007474                z_fatal_error
 .text.z_sys_init_run_level
                0x0000000008007588       0x2c zephyr/kernel/libkernel.a(init.c.obj)
 .text.bg_thread_main
                0x00000000080075b4      0x10c zephyr/kernel/libkernel.a(init.c.obj)
 .text.z_bss_zero
                0x00000000080076c0       0x18 zephyr/kernel/libkernel.a(init.c.obj)
                0x00000000080076c0                z_bss_zero
 .text.z_init_cpu
                0x00000000080076d8       0x88 zephyr/kernel/libkernel.a(init.c.obj)
                0x00000000080076d8                z_init_cpu
 .text.z_cstart
                0x0000000008007760       0xdc zephyr/kernel/libkernel.a(init.c.obj)
                0x0000000008007760                z_cstart
 .text.__do_global_ctors_aux
                0x000000000800783c       0x1c zephyr/kernel/libkernel.a(init_static.c.obj)
                0x000000000800783c                __do_global_ctors_aux
 .text.__do_init_array_aux
                0x0000000008007858       0x1c zephyr/kernel/libkernel.a(init_static.c.obj)
                0x0000000008007858                __do_init_array_aux
 .text.idle     0x0000000008007874       0x48 zephyr/kernel/libkernel.a(idle.c.obj)
                0x0000000008007874                idle
 .text.z_impl_k_mutex_lock
                0x00000000080078bc      0x1a0 zephyr/kernel/libkernel.a(mutex.c.obj)
                0x00000000080078bc                z_impl_k_mutex_lock
 .text.z_impl_k_mutex_unlock
                0x0000000008007a5c      0x120 zephyr/kernel/libkernel.a(mutex.c.obj)
                0x0000000008007a5c                z_impl_k_mutex_unlock
 .text.z_impl_k_sem_give
                0x0000000008007b7c       0xb0 zephyr/kernel/libkernel.a(sem.c.obj)
                0x0000000008007b7c                z_impl_k_sem_give
 .text.z_impl_k_sem_take
                0x0000000008007c2c       0xf4 zephyr/kernel/libkernel.a(sem.c.obj)
                0x0000000008007c2c                z_impl_k_sem_take
 .text.z_setup_new_thread
                0x0000000008007d20      0x18c zephyr/kernel/libkernel.a(thread.c.obj)
                0x0000000008007d20                z_setup_new_thread
 .text.z_impl_k_thread_create
                0x0000000008007eac       0x8c zephyr/kernel/libkernel.a(thread.c.obj)
                0x0000000008007eac                z_impl_k_thread_create
 .text.z_thread_mark_switched_in
                0x0000000008007f38        0xc zephyr/kernel/libkernel.a(thread.c.obj)
                0x0000000008007f38                z_thread_mark_switched_in
 .text.update_cache
                0x0000000008007f44       0x68 zephyr/kernel/libkernel.a(sched.c.obj)
 .text.unready_thread
                0x0000000008007fac       0x58 zephyr/kernel/libkernel.a(sched.c.obj)
 .text.unpend_thread_no_timeout
                0x0000000008008004       0x3c zephyr/kernel/libkernel.a(sched.c.obj)
 .text.ready_thread
                0x0000000008008040       0x94 zephyr/kernel/libkernel.a(sched.c.obj)
 .text.z_thread_halt
                0x00000000080080d4      0x198 zephyr/kernel/libkernel.a(sched.c.obj)
 .text.move_thread_to_end_of_prio_q
                0x000000000800826c       0xb0 zephyr/kernel/libkernel.a(sched.c.obj)
                0x000000000800826c                move_thread_to_end_of_prio_q
 .text.z_ready_thread
                0x000000000800831c       0x8c zephyr/kernel/libkernel.a(sched.c.obj)
                0x000000000800831c                z_ready_thread
 .text.z_impl_k_thread_suspend
                0x00000000080083a8       0xa0 zephyr/kernel/libkernel.a(sched.c.obj)
                0x00000000080083a8                z_impl_k_thread_suspend
 .text.z_unpend_thread_no_timeout
                0x0000000008008448       0x90 zephyr/kernel/libkernel.a(sched.c.obj)
                0x0000000008008448                z_unpend_thread_no_timeout
 .text.z_sched_wake_thread
                0x00000000080084d8       0xb0 zephyr/kernel/libkernel.a(sched.c.obj)
                0x00000000080084d8                z_sched_wake_thread
 .text.z_pend_curr
                0x0000000008008588      0x10c zephyr/kernel/libkernel.a(sched.c.obj)
                0x0000000008008588                z_pend_curr
 .text.z_unpend1_no_timeout
                0x0000000008008694       0x9c zephyr/kernel/libkernel.a(sched.c.obj)
                0x0000000008008694                z_unpend1_no_timeout
 .text.z_unpend_first_thread
                0x0000000008008730       0xa4 zephyr/kernel/libkernel.a(sched.c.obj)
                0x0000000008008730                z_unpend_first_thread
 .text.z_thread_prio_set
                0x00000000080087d4      0x124 zephyr/kernel/libkernel.a(sched.c.obj)
                0x00000000080087d4                z_thread_prio_set
 .text.z_reschedule
                0x00000000080088f8       0x8c zephyr/kernel/libkernel.a(sched.c.obj)
                0x00000000080088f8                z_reschedule
 .text.z_sched_start
                0x0000000008008984       0xa4 zephyr/kernel/libkernel.a(sched.c.obj)
                0x0000000008008984                z_sched_start
 .text.z_reschedule_irqlock
                0x0000000008008a28       0x28 zephyr/kernel/libkernel.a(sched.c.obj)
                0x0000000008008a28                z_reschedule_irqlock
 .text.k_sched_lock
                0x0000000008008a50       0xdc zephyr/kernel/libkernel.a(sched.c.obj)
                0x0000000008008a50                k_sched_lock
 .text.k_sched_unlock
                0x0000000008008b2c       0xf8 zephyr/kernel/libkernel.a(sched.c.obj)
                0x0000000008008b2c                k_sched_unlock
 .text.z_sched_init
                0x0000000008008c24       0x10 zephyr/kernel/libkernel.a(sched.c.obj)
                0x0000000008008c24                z_sched_init
 .text.z_impl_k_yield
                0x0000000008008c34      0x144 zephyr/kernel/libkernel.a(sched.c.obj)
                0x0000000008008c34                z_impl_k_yield
 .text.z_tick_sleep
                0x0000000008008d78      0x144 zephyr/kernel/libkernel.a(sched.c.obj)
 .text.z_impl_k_sleep
                0x0000000008008ebc       0x70 zephyr/kernel/libkernel.a(sched.c.obj)
                0x0000000008008ebc                z_impl_k_sleep
 .text.z_impl_k_sched_current_thread_query
                0x0000000008008f2c        0xc zephyr/kernel/libkernel.a(sched.c.obj)
                0x0000000008008f2c                z_impl_k_sched_current_thread_query
 .text.z_thread_abort
                0x0000000008008f38       0xdc zephyr/kernel/libkernel.a(sched.c.obj)
                0x0000000008008f38                z_thread_abort
 .text.slice_timeout
                0x0000000008009014       0x5c zephyr/kernel/libkernel.a(timeslicing.c.obj)
 .text.thread_is_sliceable
                0x0000000008009070       0x3c zephyr/kernel/libkernel.a(timeslicing.c.obj)
                0x0000000008009070                thread_is_sliceable
 .text.z_reset_time_slice
                0x00000000080090ac       0x50 zephyr/kernel/libkernel.a(timeslicing.c.obj)
                0x00000000080090ac                z_reset_time_slice
 .text.z_time_slice
                0x00000000080090fc       0xc8 zephyr/kernel/libkernel.a(timeslicing.c.obj)
                0x00000000080090fc                z_time_slice
 .text.z_spin_lock_valid
                0x00000000080091c4       0x1c zephyr/kernel/libkernel.a(spinlock_validate.c.obj)
                0x00000000080091c4                z_spin_lock_valid
 .text.z_spin_unlock_valid
                0x00000000080091e0       0x2c zephyr/kernel/libkernel.a(spinlock_validate.c.obj)
                0x00000000080091e0                z_spin_unlock_valid
 .text.z_spin_lock_set_owner
                0x000000000800920c       0x10 zephyr/kernel/libkernel.a(spinlock_validate.c.obj)
                0x000000000800920c                z_spin_lock_set_owner
 .text.z_thread_monitor_exit
                0x000000000800921c       0xb0 zephyr/kernel/libkernel.a(thread_monitor.c.obj)
                0x000000000800921c                z_thread_monitor_exit
 .text.k_thread_foreach_unlocked
                0x00000000080092cc       0xf8 zephyr/kernel/libkernel.a(thread_monitor.c.obj)
                0x00000000080092cc                k_thread_foreach_unlocked
 .text.z_data_copy
                0x00000000080093c4       0x34 zephyr/kernel/libkernel.a(xip.c.obj)
                0x00000000080093c4                z_data_copy
 .text.elapsed  0x00000000080093f8       0x14 zephyr/kernel/libkernel.a(timeout.c.obj)
 .text.remove_timeout
                0x000000000800940c       0x38 zephyr/kernel/libkernel.a(timeout.c.obj)
 .text.next_timeout
                0x0000000008009444       0x40 zephyr/kernel/libkernel.a(timeout.c.obj)
 .text.z_add_timeout
                0x0000000008009484      0x18c zephyr/kernel/libkernel.a(timeout.c.obj)
                0x0000000008009484                z_add_timeout
 .text.z_abort_timeout
                0x0000000008009610       0x9c zephyr/kernel/libkernel.a(timeout.c.obj)
                0x0000000008009610                z_abort_timeout
 .text.sys_clock_announce
                0x00000000080096ac      0x15c zephyr/kernel/libkernel.a(timeout.c.obj)
                0x00000000080096ac                sys_clock_announce
 .text.sys_clock_tick_get
                0x0000000008009808       0x9c zephyr/kernel/libkernel.a(timeout.c.obj)
                0x0000000008009808                sys_clock_tick_get
 .text.z_timer_expiration_handler
                0x00000000080098a4      0x170 zephyr/kernel/libkernel.a(timer.c.obj)
                0x00000000080098a4                z_timer_expiration_handler
 .text.z_impl_k_timer_start
                0x0000000008009a14       0xe0 zephyr/kernel/libkernel.a(timer.c.obj)
                0x0000000008009a14                z_impl_k_timer_start
 .text.z_sched_usage_start
                0x0000000008009af4       0x18 zephyr/kernel/libkernel.a(usage.c.obj)
                0x0000000008009af4                z_sched_usage_start
 .text.z_sched_usage_stop
                0x0000000008009b0c       0xc0 zephyr/kernel/libkernel.a(usage.c.obj)
                0x0000000008009b0c                z_sched_usage_stop
 .text.z_sched_cpu_usage
                0x0000000008009bcc       0xf0 zephyr/kernel/libkernel.a(usage.c.obj)
                0x0000000008009bcc                z_sched_cpu_usage
 .text.z_sched_thread_usage
                0x0000000008009cbc       0xe0 zephyr/kernel/libkernel.a(usage.c.obj)
                0x0000000008009cbc                z_sched_thread_usage
 .text.boot_banner
                0x0000000008009d9c        0xc zephyr/kernel/libkernel.a(banner.c.obj)
                0x0000000008009d9c                boot_banner
 .text.statics_init
                0x0000000008009da8       0x50 zephyr/kernel/libkernel.a(kheap.c.obj)
 .text.memset   0x0000000008009df8       0xa4 /home/babu-inc-5831/zephyr-sdk-0.17.2/arm-zephyr-eabi/arm-zephyr-eabi/lib/thumb/v7e-m/nofp/libc.a(lib_a-memset.o)
                0x0000000008009df8                memset
 .text.strnlen  0x0000000008009e9c       0x24 /home/babu-inc-5831/zephyr-sdk-0.17.2/arm-zephyr-eabi/arm-zephyr-eabi/lib/thumb/v7e-m/nofp/libc.a(lib_a-strnlen.o)
                0x0000000008009e9c                strnlen
 .text._OffsetAbsSyms
                0x0000000008009ec0        0x2 zephyr/CMakeFiles/offsets.dir/./arch/arm/core/offsets/offsets.c.obj
                0x0000000008009ec0                _OffsetAbsSyms
 .text.canRxCallback
                0x0000000008009ec2       0x10 app/libapp.a(gpio_overlay.cpp.obj)
                0x0000000008009ec2                canRxCallback
 .text.k_sleep.isra.0
                0x0000000008009ed2        0x4 app/libapp.a(gpio_overlay.cpp.obj)
 .text._ZN12_GLOBAL__N_113lcdWrite4BitsEh
                0x0000000008009ed6       0x2e app/libapp.a(gpio_overlay.cpp.obj)
 .text._ZN12_GLOBAL__N_111lcdSendByteEhb
                0x0000000008009f04       0x26 app/libapp.a(gpio_overlay.cpp.obj)
 .text._ZN11sensor_node11GpioOverlay8lcdClearEv
                0x0000000008009f2a       0x16 app/libapp.a(gpio_overlay.cpp.obj)
                0x0000000008009f2a                sensor_node::GpioOverlay::lcdClear()
 .text._ZN11sensor_node11GpioOverlay12lcdSetCursorEhh
                0x0000000008009f40       0x14 app/libapp.a(gpio_overlay.cpp.obj)
                0x0000000008009f40                sensor_node::GpioOverlay::lcdSetCursor(unsigned char, unsigned char)
 .text._ZN11sensor_node11GpioOverlay8lcdPrintEPKc
                0x0000000008009f54       0x16 app/libapp.a(gpio_overlay.cpp.obj)
                0x0000000008009f54                sensor_node::GpioOverlay::lcdPrint(char const*)
 .text._ZN11sensor_node14PressureSensor16readPressureMmHgEv
                0x0000000008009f6a       0x34 app/libapp.a(pressure_sensor.cpp.obj)
                0x0000000008009f6a                sensor_node::PressureSensor::readPressureMmHg()
 .text._ZN11sensor_node10FlowSensor13readFlowMlMinEv
                0x0000000008009f9e       0x2c app/libapp.a(flow_sensor.cpp.obj)
                0x0000000008009f9e                sensor_node::FlowSensor::readFlowMlMin()
 .text._ZN11sensor_node10LcdDisplay4initEv
                0x0000000008009fca        0x4 app/libapp.a(lcd_display.cpp.obj)
                0x0000000008009fca                sensor_node::LcdDisplay::init()
 .text._ZN11sensor_node5CanFd4initEv
                0x0000000008009fce        0x4 app/libapp.a(canfd.cpp.obj)
                0x0000000008009fce                sensor_node::CanFd::init()
 .text._ZN11sensor_node5CanFd14sendSensorDataEv
                0x0000000008009fd2       0x30 app/libapp.a(canfd.cpp.obj)
                0x0000000008009fd2                sensor_node::CanFd::sendSensorData()
 .text._ZN11sensor_node9Heartbeat4initEv
                0x000000000800a002        0x4 app/libapp.a(heartbeat.cpp.obj)
                0x000000000800a002                sensor_node::Heartbeat::init()
 .text._ZN11sensor_node9Heartbeat6updateEv
                0x000000000800a006        0xe app/libapp.a(heartbeat.cpp.obj)
                0x000000000800a006                sensor_node::Heartbeat::update()
 .text.chunk_size
                0x000000000800a014        0xa zephyr/libzephyr.a(heap.c.obj)
 .text.free_list_add
                0x000000000800a01e       0x4e zephyr/libzephyr.a(heap.c.obj)
 .text.cbpprintf_external
                0x000000000800a06c       0x62 zephyr/libzephyr.a(cbprintf_packaged.c.obj)
                0x000000000800a06c                cbpprintf_external
 .text.is_ptr   0x000000000800a0ce       0x4a zephyr/libzephyr.a(cbprintf_packaged.c.obj)
                0x000000000800a0ce                is_ptr
 .text.arch_printk_char_out
                0x000000000800a118        0x4 zephyr/libzephyr.a(printk.c.obj)
                0x000000000800a118                arch_printk_char_out
 .text.str_out  0x000000000800a11c       0x24 zephyr/libzephyr.a(printk.c.obj)
 .text.vprintk  0x000000000800a140        0x4 zephyr/libzephyr.a(printk.c.obj)
                0x000000000800a140                vprintk
 .text.printk   0x000000000800a144       0x1a zephyr/libzephyr.a(printk.c.obj)
                0x000000000800a144                printk
 .text.snprintk
                0x000000000800a15e       0x1a zephyr/libzephyr.a(printk.c.obj)
                0x000000000800a15e                snprintk
 .text.z_thread_entry
                0x000000000800a178       0x14 zephyr/libzephyr.a(thread_entry.c.obj)
                0x000000000800a178                z_thread_entry
 .text.outs     0x000000000800a18c       0x2e zephyr/libzephyr.a(cbprintf_complete.c.obj)
 .text.assert_post_action
                0x000000000800a1ba       0x12 zephyr/libzephyr.a(assert.c.obj)
                0x000000000800a1ba                assert_post_action
 .text.assert_print
                0x000000000800a1cc       0x1a zephyr/libzephyr.a(assert.c.obj)
                0x000000000800a1cc                assert_print
 .text.free_space
                0x000000000800a1e6       0x26 zephyr/libzephyr.a(mpsc_pbuf.c.obj)
 .text.get_usage
                0x000000000800a20c       0x22 zephyr/libzephyr.a(mpsc_pbuf.c.obj)
 .text.idx_inc  0x000000000800a22e       0x1c zephyr/libzephyr.a(mpsc_pbuf.c.obj)
 .text.rd_idx_inc
                0x000000000800a24a       0x18 zephyr/libzephyr.a(mpsc_pbuf.c.obj)
 .text.add_skip_item
                0x000000000800a262       0x3a zephyr/libzephyr.a(mpsc_pbuf.c.obj)
 .text.drop_item_locked
                0x000000000800a29c       0xee zephyr/libzephyr.a(mpsc_pbuf.c.obj)
 .text.post_drop_action
                0x000000000800a38a       0x36 zephyr/libzephyr.a(mpsc_pbuf.c.obj)
 .text.max_utilization_update
                0x000000000800a3c0       0x1a zephyr/libzephyr.a(mpsc_pbuf.c.obj)
 .text.mpsc_pbuf_is_pending
                0x000000000800a3da       0x1a zephyr/libzephyr.a(mpsc_pbuf.c.obj)
                0x000000000800a3da                mpsc_pbuf_is_pending
 .text._ConfigAbsSyms
                0x000000000800a3f4        0x2 zephyr/libzephyr.a(configs.c.obj)
                0x000000000800a3f4                _ConfigAbsSyms
 .text.log_msg_generic_get_wlen
                0x000000000800a3f6       0x20 zephyr/libzephyr.a(log_core.c.obj)
 .text.dummy_timestamp
                0x000000000800a416        0x4 zephyr/libzephyr.a(log_core.c.obj)
 .text.atomic_inc
                0x000000000800a41a       0x1a zephyr/libzephyr.a(log_core.c.obj)
 .text.default_lf_get_timestamp
                0x000000000800a434       0x10 zephyr/libzephyr.a(log_core.c.obj)
 .text.z_log_vprintk
                0x000000000800a444       0x1c zephyr/libzephyr.a(log_core.c.obj)
                0x000000000800a444                z_log_vprintk
 .text.z_log_notify_drop
                0x000000000800a460        0x6 zephyr/libzephyr.a(log_core.c.obj)
 .text.z_log_get_tag
                0x000000000800a466        0x4 zephyr/libzephyr.a(log_core.c.obj)
                0x000000000800a466                z_log_get_tag
 .text.z_cbprintf_cpy
                0x000000000800a46a       0x2c zephyr/libzephyr.a(log_msg.c.obj)
 .text.z_log_msg_finalize
                0x000000000800a496       0x32 zephyr/libzephyr.a(log_msg.c.obj)
                0x000000000800a496                z_log_msg_finalize
 .text.z_log_msg_simple_create
                0x000000000800a4c8       0x6e zephyr/libzephyr.a(log_msg.c.obj)
 .text.z_impl_z_log_msg_simple_create_0
                0x000000000800a536       0x12 zephyr/libzephyr.a(log_msg.c.obj)
                0x000000000800a536                z_impl_z_log_msg_simple_create_0
 .text.z_impl_z_log_msg_simple_create_1
                0x000000000800a548       0x14 zephyr/libzephyr.a(log_msg.c.obj)
                0x000000000800a548                z_impl_z_log_msg_simple_create_1
 .text.z_impl_z_log_msg_simple_create_2
                0x000000000800a55c       0x18 zephyr/libzephyr.a(log_msg.c.obj)
                0x000000000800a55c                z_impl_z_log_msg_simple_create_2
 .text.buffer_write
                0x000000000800a574       0x1c zephyr/libzephyr.a(log_output.c.obj)
 .text.cbvprintf
                0x000000000800a590        0xe zephyr/libzephyr.a(log_output.c.obj)
 .text.log_output_flush
                0x000000000800a59e       0x1a zephyr/libzephyr.a(log_output.c.obj)
                0x000000000800a59e                log_output_flush
 .text.cr_out_func
                0x000000000800a5b8       0x1c zephyr/libzephyr.a(log_output.c.obj)
 .text.log_output_msg_process
                0x000000000800a5d4       0x6a zephyr/libzephyr.a(log_output.c.obj)
                0x000000000800a5d4                log_output_msg_process
 .text.format_set
                0x000000000800a63e        0xc zephyr/libzephyr.a(log_backend_uart.c.obj)
 .text.panic    0x000000000800a64a       0x10 zephyr/libzephyr.a(log_backend_uart.c.obj)
 .text.dropped  0x000000000800a65a        0xa zephyr/libzephyr.a(log_backend_uart.c.obj)
 .text.process  0x000000000800a664       0x1e zephyr/libzephyr.a(log_backend_uart.c.obj)
 .text.z_do_kernel_oops
                0x000000000800a682        0x8 zephyr/arch/arch/arm/core/libarch__arm__core.a(fatal.c.obj)
                0x000000000800a682                z_do_kernel_oops
 .text.z_log_msg_simple_create_0.constprop.0
                0x000000000800a68a        0x8 zephyr/arch/arch/arm/core/cortex_m/libarch__arm__core__cortex_m.a(fault.c.obj)
 .text.z_irq_spurious
                0x000000000800a692        0x8 zephyr/arch/arch/arm/core/cortex_m/libarch__arm__core__cortex_m.a(irq_manage.c.obj)
                0x000000000800a692                z_irq_spurious
 .text.arch_irq_unlock_outlined
                0x000000000800a69a        0xe zephyr/arch/arch/arm/core/cortex_m/libarch__arm__core__cortex_m.a(thread.c.obj)
                0x000000000800a69a                arch_irq_unlock_outlined
 .text.arch_cpu_idle
                0x000000000800a6a8       0x1a zephyr/arch/arch/arm/core/cortex_m/libarch__arm__core__cortex_m.a(cpu_idle.c.obj)
                0x000000000800a6a8                arch_cpu_idle
 .text.size_to_mpu_rasr_size
                0x000000000800a6c2       0x20 zephyr/arch/arch/arm/core/mpu/libarch__arm__core__mpu.a(arm_mpu.c.obj)
 .text._stdout_hook_default
                0x000000000800a6e2        0x6 zephyr/lib/libc/newlib/liblib__libc__newlib.a(libc-hooks.c.obj)
 .text.stm32_exti_init
                0x000000000800a6e8       0x92 zephyr/drivers/interrupt_controller/libdrivers__interrupt_controller.a(intc_exti_stm32.c.obj)
 .text.adc_stm32_isr_18_init
                0x000000000800a77a       0x16 zephyr/drivers/adc/libdrivers__adc.a(adc_stm32.c.obj)
 .text.z_log_msg_simple_create_0.constprop.0
                0x000000000800a790        0x8 zephyr/drivers/adc/libdrivers__adc.a(adc_stm32.c.obj)
 .text.adc_context_start_sampling
                0x000000000800a798       0x1e zephyr/drivers/adc/libdrivers__adc.a(adc_stm32.c.obj)
 .text.adc_context_on_timer_expired
                0x000000000800a7b6       0x2e zephyr/drivers/adc/libdrivers__adc.a(adc_stm32.c.obj)
 .text.adc_stm32_enable.isra.0
                0x000000000800a7e4       0x32 zephyr/drivers/adc/libdrivers__adc.a(adc_stm32.c.obj)
 .text.adc_stm32_disable
                0x000000000800a816       0x56 zephyr/drivers/adc/libdrivers__adc.a(adc_stm32.c.obj)
 .text.check_timing_in_range
                0x000000000800a86c       0x5e zephyr/drivers/can/libdrivers__can.a(can_common.c.obj)
 .text.can_tx_default_cb
                0x000000000800a8ca        0x8 zephyr/drivers/can/libdrivers__can.a(can_common.c.obj)
 .text.z_impl_can_set_timing
                0x000000000800a8d2       0x26 zephyr/drivers/can/libdrivers__can.a(can_common.c.obj)
                0x000000000800a8d2                z_impl_can_set_timing
 .text.z_impl_can_set_timing_data
                0x000000000800a8f8       0x2e zephyr/drivers/can/libdrivers__can.a(can_common.c.obj)
                0x000000000800a8f8                z_impl_can_set_timing_data
 .text.can_mcan_read_mram
                0x000000000800a926        0xe zephyr/drivers/can/libdrivers__can.a(can_mcan.c.obj)
 .text.can_mcan_write_mram
                0x000000000800a934        0xe zephyr/drivers/can/libdrivers__can.a(can_mcan.c.obj)
 .text.can_mcan_clear_mram
                0x000000000800a942        0x8 zephyr/drivers/can/libdrivers__can.a(can_mcan.c.obj)
 .text.z_log_msg_simple_create_0
                0x000000000800a94a        0x4 zephyr/drivers/can/libdrivers__can.a(can_mcan.c.obj)
 .text.z_log_msg_simple_create_1.constprop.0
                0x000000000800a94e        0xa zephyr/drivers/can/libdrivers__can.a(can_mcan.c.obj)
 .text.k_mutex_lock.constprop.0.isra.0
                0x000000000800a958        0x4 zephyr/drivers/can/libdrivers__can.a(can_mcan.c.obj)
 .text.k_mutex_unlock.isra.0
                0x000000000800a95c        0x4 zephyr/drivers/can/libdrivers__can.a(can_mcan.c.obj)
 .text.can_mcan_enter_init_mode.constprop.0
                0x000000000800a960       0xa4 zephyr/drivers/can/libdrivers__can.a(can_mcan.c.obj)
 .text.can_mcan_set_timing_data
                0x000000000800aa04       0x8e zephyr/drivers/can/libdrivers__can.a(can_mcan.c.obj)
                0x000000000800aa04                can_mcan_set_timing_data
 .text.can_mcan_get_capabilities
                0x000000000800aa92        0x8 zephyr/drivers/can/libdrivers__can.a(can_mcan.c.obj)
                0x000000000800aa92                can_mcan_get_capabilities
 .text.can_mcan_get_state
                0x000000000800aa9a       0x5c zephyr/drivers/can/libdrivers__can.a(can_mcan.c.obj)
                0x000000000800aa9a                can_mcan_get_state
 .text.can_mcan_get_max_filters
                0x000000000800aaf6        0xe zephyr/drivers/can/libdrivers__can.a(can_mcan.c.obj)
                0x000000000800aaf6                can_mcan_get_max_filters
 .text.can_mcan_set_state_change_callback
                0x000000000800ab04        0x8 zephyr/drivers/can/libdrivers__can.a(can_mcan.c.obj)
                0x000000000800ab04                can_mcan_set_state_change_callback
 .text.can_mcan_enable_configuration_change
                0x000000000800ab0c       0x3c zephyr/drivers/can/libdrivers__can.a(can_mcan.c.obj)
                0x000000000800ab0c                can_mcan_enable_configuration_change
 .text.config_can_0_irq
                0x000000000800ab48       0x26 zephyr/drivers/can/libdrivers__can.a(can_stm32_fdcan.c.obj)
 .text.can_stm32fd_write_reg
                0x000000000800ab6e       0x8a zephyr/drivers/can/libdrivers__can.a(can_stm32_fdcan.c.obj)
 .text.can_stm32fd_read_reg
                0x000000000800abf8       0x7a zephyr/drivers/can/libdrivers__can.a(can_stm32_fdcan.c.obj)
 .text.enabled_clock
                0x000000000800ac72       0x1e zephyr/drivers/clock_control/libdrivers__clock_control.a(clock_stm32_ll_common.c.obj)
 .text.stm32_clock_control_on
                0x000000000800ac90       0x38 zephyr/drivers/clock_control/libdrivers__clock_control.a(clock_stm32_ll_common.c.obj)
 .text.stm32_clock_control_off
                0x000000000800acc8       0x24 zephyr/drivers/clock_control/libdrivers__clock_control.a(clock_stm32_ll_common.c.obj)
 .text.stm32_clock_control_configure
                0x000000000800acec       0x50 zephyr/drivers/clock_control/libdrivers__clock_control.a(clock_stm32_ll_common.c.obj)
 .text.stm32_clock_control_get_status
                0x000000000800ad3c       0x30 zephyr/drivers/clock_control/libdrivers__clock_control.a(clock_stm32_ll_common.c.obj)
 .text.config_regulator_voltage
                0x000000000800ad6c        0x2 zephyr/drivers/clock_control/libdrivers__clock_control.a(clock_stm32_ll_common.c.obj)
                0x000000000800ad6c                config_regulator_voltage
 .text.gpio_stm32_port_get_raw
                0x000000000800ad6e        0xc zephyr/drivers/gpio/libdrivers__gpio.a(gpio_stm32.c.obj)
 .text.gpio_stm32_port_set_masked_raw
                0x000000000800ad7a       0x12 zephyr/drivers/gpio/libdrivers__gpio.a(gpio_stm32.c.obj)
 .text.gpio_stm32_port_set_bits_raw
                0x000000000800ad8c        0xa zephyr/drivers/gpio/libdrivers__gpio.a(gpio_stm32.c.obj)
 .text.gpio_stm32_port_clear_bits_raw
                0x000000000800ad96        0xa zephyr/drivers/gpio/libdrivers__gpio.a(gpio_stm32.c.obj)
 .text.gpio_stm32_port_toggle_bits
                0x000000000800ada0        0xe zephyr/drivers/gpio/libdrivers__gpio.a(gpio_stm32.c.obj)
 .text.gpio_stm32_configure_raw.isra.0
                0x000000000800adae      0x106 zephyr/drivers/gpio/libdrivers__gpio.a(gpio_stm32.c.obj)
 .text.gpio_stm32_config
                0x000000000800aeb4       0x72 zephyr/drivers/gpio/libdrivers__gpio.a(gpio_stm32.c.obj)
 .text.gpio_stm32_configure
                0x000000000800af26       0x2a zephyr/drivers/gpio/libdrivers__gpio.a(gpio_stm32.c.obj)
                0x000000000800af26                gpio_stm32_configure
 .text.stm32_i2c_disable_transfer_interrupts
                0x000000000800af50       0x3e zephyr/drivers/i2c/libdrivers__i2c.a(i2c_ll_stm32_v2.c.obj)
 .text.stm32_i2c_enable_transfer_interrupts.isra.0
                0x000000000800af8e       0x24 zephyr/drivers/i2c/libdrivers__i2c.a(i2c_ll_stm32_v2.c.obj)
 .text.stm32_i2c_master_mode_end
                0x000000000800afb2       0x32 zephyr/drivers/i2c/libdrivers__i2c.a(i2c_ll_stm32_v2.c.obj)
 .text.stm32_i2c_event_isr
                0x000000000800afe4       0x8c zephyr/drivers/i2c/libdrivers__i2c.a(i2c_ll_stm32_v2.c.obj)
                0x000000000800afe4                stm32_i2c_event_isr
 .text.stm32_i2c_error_isr
                0x000000000800b070       0x32 zephyr/drivers/i2c/libdrivers__i2c.a(i2c_ll_stm32_v2.c.obj)
                0x000000000800b070                stm32_i2c_error_isr
 .text.stm32_i2c_transaction
                0x000000000800b0a2      0x14e zephyr/drivers/i2c/libdrivers__i2c.a(i2c_ll_stm32_v2.c.obj)
                0x000000000800b0a2                stm32_i2c_transaction
 .text.i2c_stm32_irq_config_func_0
                0x000000000800b1f0       0x26 zephyr/drivers/i2c/libdrivers__i2c.a(i2c_ll_stm32.c.obj)
 .text.i2c_stm32_transfer
                0x000000000800b216       0x94 zephyr/drivers/i2c/libdrivers__i2c.a(i2c_ll_stm32.c.obj)
 .text.i2c_stm32_get_config
                0x000000000800b2aa       0x14 zephyr/drivers/i2c/libdrivers__i2c.a(i2c_ll_stm32.c.obj)
                0x000000000800b2aa                i2c_stm32_get_config
 .text.pinctrl_lookup_state
                0x000000000800b2be       0x26 zephyr/drivers/pinctrl/libdrivers__pinctrl.a(common.c.obj)
                0x000000000800b2be                pinctrl_lookup_state
 .text.reset_stm32_status
                0x000000000800b2e4       0x20 zephyr/drivers/reset/libdrivers__reset.a(reset_stm32.c.obj)
 .text.reset_stm32_line_assert
                0x000000000800b304       0x1c zephyr/drivers/reset/libdrivers__reset.a(reset_stm32.c.obj)
 .text.reset_stm32_line_deassert
                0x000000000800b320       0x1e zephyr/drivers/reset/libdrivers__reset.a(reset_stm32.c.obj)
 .text.reset_stm32_line_toggle
                0x000000000800b33e       0x16 zephyr/drivers/reset/libdrivers__reset.a(reset_stm32.c.obj)
 .text.uart_stm32_ll2cfg_databits
                0x000000000800b354       0x2a zephyr/drivers/serial/libdrivers__serial.a(uart_stm32.c.obj)
 .text.uart_stm32_err_check
                0x000000000800b37e       0x5a zephyr/drivers/serial/libdrivers__serial.a(uart_stm32.c.obj)
 .text.uart_stm32_poll_out
                0x000000000800b3d8       0x36 zephyr/drivers/serial/libdrivers__serial.a(uart_stm32.c.obj)
 .text.uart_stm32_poll_in
                0x000000000800b40e       0x20 zephyr/drivers/serial/libdrivers__serial.a(uart_stm32.c.obj)
 .text.uart_stm32_config_get
                0x000000000800b42e       0x92 zephyr/drivers/serial/libdrivers__serial.a(uart_stm32.c.obj)
 .text.uart_stm32_parameters_set
                0x000000000800b4c0      0x136 zephyr/drivers/serial/libdrivers__serial.a(uart_stm32.c.obj)
 .text.z_impl_k_busy_wait
                0x000000000800b5f6       0x1c zephyr/kernel/libkernel.a(busy_wait.c.obj)
                0x000000000800b5f6                z_impl_k_busy_wait
 .text.z_impl_device_is_ready
                0x000000000800b612       0x16 zephyr/kernel/libkernel.a(device.c.obj)
                0x000000000800b612                z_impl_device_is_ready
 .text.arch_system_halt
                0x000000000800b628       0x10 zephyr/kernel/libkernel.a(fatal.c.obj)
                0x000000000800b628                arch_system_halt
 .text.do_device_init
                0x000000000800b638       0x30 zephyr/kernel/libkernel.a(init.c.obj)
 .text.z_early_memset
                0x000000000800b668        0x4 zephyr/kernel/libkernel.a(init.c.obj)
                0x000000000800b668                z_early_memset
 .text.z_early_memcpy
                0x000000000800b66c        0x4 zephyr/kernel/libkernel.a(init.c.obj)
                0x000000000800b66c                z_early_memcpy
 .text.z_init_static
                0x000000000800b670        0xe zephyr/kernel/libkernel.a(init_static.c.obj)
                0x000000000800b670                z_init_static
 .text.adjust_owner_prio.isra.0
                0x000000000800b67e       0x10 zephyr/kernel/libkernel.a(mutex.c.obj)
 .text.z_impl_k_mutex_init
                0x000000000800b68e        0xe zephyr/kernel/libkernel.a(mutex.c.obj)
                0x000000000800b68e                z_impl_k_mutex_init
 .text.z_impl_k_sem_init
                0x000000000800b69c       0x18 zephyr/kernel/libkernel.a(sem.c.obj)
                0x000000000800b69c                z_impl_k_sem_init
 .text.k_is_in_isr
                0x000000000800b6b4        0xc zephyr/kernel/libkernel.a(thread.c.obj)
                0x000000000800b6b4                k_is_in_isr
 .text.z_impl_k_thread_name_set
                0x000000000800b6c0        0x6 zephyr/kernel/libkernel.a(thread.c.obj)
                0x000000000800b6c0                z_impl_k_thread_name_set
 .text.k_thread_name_get
                0x000000000800b6c6        0x4 zephyr/kernel/libkernel.a(thread.c.obj)
                0x000000000800b6c6                k_thread_name_get
 .text.z_impl_k_thread_start
                0x000000000800b6ca        0x4 zephyr/kernel/libkernel.a(thread.c.obj)
                0x000000000800b6ca                z_impl_k_thread_start
 .text.z_stack_space_get
                0x000000000800b6ce       0x18 zephyr/kernel/libkernel.a(thread.c.obj)
                0x000000000800b6ce                z_stack_space_get
 .text.z_impl_k_thread_stack_space_get
                0x000000000800b6e6        0xa zephyr/kernel/libkernel.a(thread.c.obj)
                0x000000000800b6e6                z_impl_k_thread_stack_space_get
 .text.z_thread_mark_switched_out
                0x000000000800b6f0        0x4 zephyr/kernel/libkernel.a(thread.c.obj)
                0x000000000800b6f0                z_thread_mark_switched_out
 .text.k_thread_runtime_stats_get
                0x000000000800b6f4       0x14 zephyr/kernel/libkernel.a(thread.c.obj)
                0x000000000800b6f4                k_thread_runtime_stats_get
 .text.k_thread_runtime_stats_all_get
                0x000000000800b708       0x5a zephyr/kernel/libkernel.a(thread.c.obj)
                0x000000000800b708                k_thread_runtime_stats_all_get
 .text.sys_dlist_remove
                0x000000000800b762       0x10 zephyr/kernel/libkernel.a(sched.c.obj)
 .text.add_to_waitq_locked
                0x000000000800b772       0x50 zephyr/kernel/libkernel.a(sched.c.obj)
 .text.z_thread_timeout
                0x000000000800b7c2        0x8 zephyr/kernel/libkernel.a(sched.c.obj)
                0x000000000800b7c2                z_thread_timeout
 .text.sys_clock_tick_get_32
                0x000000000800b7ca        0x8 zephyr/kernel/libkernel.a(timeout.c.obj)
                0x000000000800b7ca                sys_clock_tick_get_32
 .text.z_impl_k_uptime_ticks
                0x000000000800b7d2        0x4 zephyr/kernel/libkernel.a(timeout.c.obj)
                0x000000000800b7d2                z_impl_k_uptime_ticks
 .text.k_timer_init
                0x000000000800b7d6       0x18 zephyr/kernel/libkernel.a(timer.c.obj)
                0x000000000800b7d6                k_timer_init
 .text.z_impl_k_timer_stop
                0x000000000800b7ee       0x38 zephyr/kernel/libkernel.a(timer.c.obj)
                0x000000000800b7ee                z_impl_k_timer_stop
 .text.sched_cpu_update_usage
                0x000000000800b826       0x20 zephyr/kernel/libkernel.a(usage.c.obj)
 .text.k_heap_init
                0x000000000800b846       0x10 zephyr/kernel/libkernel.a(kheap.c.obj)
                0x000000000800b846                k_heap_init
 *(SORT_BY_ALIGNMENT(.TEXT.*))
 *(SORT_BY_ALIGNMENT(.gnu.linkonce.t.*))
 *(SORT_BY_ALIGNMENT(.glue_7t))
 .glue_7t       0x000000000800b856        0x0 linker stubs
 *(SORT_BY_ALIGNMENT(.glue_7))
 .glue_7        0x000000000800b856        0x0 linker stubs
 *(SORT_BY_ALIGNMENT(.vfp11_veneer))
 .vfp11_veneer  0x000000000800b856        0x0 linker stubs
 *(SORT_BY_ALIGNMENT(.v4_bx))
 .v4_bx         0x000000000800b856        0x0 linker stubs
                0x000000000800b858                . = ALIGN (0x4)
 *fill*         0x000000000800b856        0x2 
                0x000000000800b858                __text_region_end = .

.ARM.extab
 *(SORT_BY_ALIGNMENT(.ARM.extab*) SORT_BY_ALIGNMENT(.gnu.linkonce.armextab.*))

.ARM.exidx      0x000000000800b858        0x8
                0x000000000800b858                __exidx_start = .
 *(SORT_BY_ALIGNMENT(.ARM.exidx*) SORT_BY_ALIGNMENT(gnu.linkonce.armexidx.*))
 .ARM.exidx     0x000000000800b858        0x8 /home/babu-inc-5831/zephyr-sdk-0.17.2/arm-zephyr-eabi/bin/../lib/gcc/arm-zephyr-eabi/12.2.0/thumb/v7e-m/nofp/libgcc.a(_udivmoddi4.o)
                0x000000000800b860                __exidx_end = .
                0x000000000800b860                __rodata_region_start = .

initlevel       0x000000000800b860       0xb0
                0x000000000800b860                __init_start = .
                0x000000000800b860                __init_EARLY_start = .
 *(SORT_BY_NAME(SORT_BY_ALIGNMENT(.z_init_EARLY?_*)))
 *(SORT_BY_NAME(SORT_BY_ALIGNMENT(.z_init_EARLY??_*)))
                0x000000000800b860                __init_PRE_KERNEL_1_start = .
 *(SORT_BY_NAME(SORT_BY_ALIGNMENT(.z_init_PRE_KERNEL_1?_*)))
 .z_init_PRE_KERNEL_10_0_
                0x000000000800b860        0x8 zephyr/libzephyr.a(soc.c.obj)
 .z_init_PRE_KERNEL_11_00009_
                0x000000000800b868        0x8 zephyr/drivers/clock_control/libdrivers__clock_control.a(clock_stm32_ll_common.c.obj)
 .z_init_PRE_KERNEL_11_0_
                0x000000000800b870        0x8 zephyr/libzephyr.a(soc_config.c.obj)
 *(SORT_BY_NAME(SORT_BY_ALIGNMENT(.z_init_PRE_KERNEL_1??_*)))
 .z_init_PRE_KERNEL_130_0_
                0x000000000800b878        0x8 zephyr/kernel/libkernel.a(kheap.c.obj)
 .z_init_PRE_KERNEL_135_00044_
                0x000000000800b880        0x8 zephyr/drivers/reset/libdrivers__reset.a(reset_stm32.c.obj)
 .z_init_PRE_KERNEL_140_00036_
                0x000000000800b888        0x8 zephyr/drivers/gpio/libdrivers__gpio.a(gpio_stm32.c.obj)
 .z_init_PRE_KERNEL_140_00040_
                0x000000000800b890        0x8 zephyr/drivers/gpio/libdrivers__gpio.a(gpio_stm32.c.obj)
 .z_init_PRE_KERNEL_140_00067_
                0x000000000800b898        0x8 zephyr/drivers/interrupt_controller/libdrivers__interrupt_controller.a(intc_exti_stm32.c.obj)
 .z_init_PRE_KERNEL_140_00092_
                0x000000000800b8a0        0x8 zephyr/drivers/gpio/libdrivers__gpio.a(gpio_stm32.c.obj)
 .z_init_PRE_KERNEL_140_00115_
                0x000000000800b8a8        0x8 zephyr/drivers/gpio/libdrivers__gpio.a(gpio_stm32.c.obj)
 .z_init_PRE_KERNEL_140_00116_
                0x000000000800b8b0        0x8 zephyr/drivers/gpio/libdrivers__gpio.a(gpio_stm32.c.obj)
 .z_init_PRE_KERNEL_140_00117_
                0x000000000800b8b8        0x8 zephyr/drivers/gpio/libdrivers__gpio.a(gpio_stm32.c.obj)
 .z_init_PRE_KERNEL_140_00118_
                0x000000000800b8c0        0x8 zephyr/drivers/gpio/libdrivers__gpio.a(gpio_stm32.c.obj)
 .z_init_PRE_KERNEL_150_00078_
                0x000000000800b8c8        0x8 zephyr/drivers/serial/libdrivers__serial.a(uart_stm32.c.obj)
 .z_init_PRE_KERNEL_150_00081_
                0x000000000800b8d0        0x8 zephyr/drivers/serial/libdrivers__serial.a(uart_stm32.c.obj)
 .z_init_PRE_KERNEL_160_0_
                0x000000000800b8d8        0x8 zephyr/drivers/console/libdrivers__console.a(uart_console.c.obj)
                0x000000000800b8e0                __init_PRE_KERNEL_2_start = .
 *(SORT_BY_NAME(SORT_BY_ALIGNMENT(.z_init_PRE_KERNEL_2?_*)))
 .z_init_PRE_KERNEL_20_0_
                0x000000000800b8e0        0x8 zephyr/drivers/timer/libdrivers__timer.a(cortex_m_systick.c.obj)
 *(SORT_BY_NAME(SORT_BY_ALIGNMENT(.z_init_PRE_KERNEL_2??_*)))
                0x000000000800b8e8                __init_POST_KERNEL_start = .
 *(SORT_BY_NAME(SORT_BY_ALIGNMENT(.z_init_POST_KERNEL?_*)))
 .z_init_POST_KERNEL0_0_
                0x000000000800b8e8        0x8 zephyr/libzephyr.a(log_core.c.obj)
 *(SORT_BY_NAME(SORT_BY_ALIGNMENT(.z_init_POST_KERNEL??_*)))
 .z_init_POST_KERNEL35_0_
                0x000000000800b8f0        0x8 zephyr/lib/libc/newlib/liblib__libc__newlib.a(libc-hooks.c.obj)
 .z_init_POST_KERNEL50_00012_
                0x000000000800b8f8        0x8 zephyr/drivers/adc/libdrivers__adc.a(adc_stm32.c.obj)
 .z_init_POST_KERNEL50_00017_
                0x000000000800b900        0x8 zephyr/drivers/i2c/libdrivers__i2c.a(i2c_ll_stm32.c.obj)
 .z_init_POST_KERNEL80_00056_
                0x000000000800b908        0x8 zephyr/drivers/can/libdrivers__can.a(can_stm32_fdcan.c.obj)
                0x000000000800b910                __init_APPLICATION_start = .
 *(SORT_BY_NAME(SORT_BY_ALIGNMENT(.z_init_APPLICATION?_*)))
 *(SORT_BY_NAME(SORT_BY_ALIGNMENT(.z_init_APPLICATION??_*)))
                0x000000000800b910                __init_SMP_start = .
 *(SORT_BY_NAME(SORT_BY_ALIGNMENT(.z_init_SMP?_*)))
 *(SORT_BY_NAME(SORT_BY_ALIGNMENT(.z_init_SMP??_*)))
                0x000000000800b910                __init_end = .
                0x000000000800b910                __deferred_init_list_start = .
 *(SORT_BY_ALIGNMENT(.z_deferred_init*))
                0x000000000800b910                __deferred_init_list_end = .

device_area     0x000000000800b910      0x12c
                0x000000000800b910                _device_list_start = .
 *(SORT_BY_NAME(SORT_BY_ALIGNMENT(._device.static.*_?_*)))
 ._device.static.1_1_
                0x000000000800b910       0x14 zephyr/drivers/clock_control/libdrivers__clock_control.a(clock_stm32_ll_common.c.obj)
                0x000000000800b910                __device_dts_ord_9
 *(SORT_BY_NAME(SORT_BY_ALIGNMENT(._device.static.*_??_*)))
 ._device.static.1_35_
                0x000000000800b924       0x14 zephyr/drivers/reset/libdrivers__reset.a(reset_stm32.c.obj)
                0x000000000800b924                __device_dts_ord_44
 ._device.static.1_40_
                0x000000000800b938       0x14 zephyr/drivers/interrupt_controller/libdrivers__interrupt_controller.a(intc_exti_stm32.c.obj)
                0x000000000800b938                __device_dts_ord_67
 ._device.static.1_40_
                0x000000000800b94c       0x8c zephyr/drivers/gpio/libdrivers__gpio.a(gpio_stm32.c.obj)
                0x000000000800b94c                __device_dts_ord_118
                0x000000000800b960                __device_dts_ord_117
                0x000000000800b974                __device_dts_ord_116
                0x000000000800b988                __device_dts_ord_115
                0x000000000800b99c                __device_dts_ord_36
                0x000000000800b9b0                __device_dts_ord_92
                0x000000000800b9c4                __device_dts_ord_40
 ._device.static.1_50_
                0x000000000800b9d8       0x28 zephyr/drivers/serial/libdrivers__serial.a(uart_stm32.c.obj)
                0x000000000800b9d8                __device_dts_ord_78
                0x000000000800b9ec                __device_dts_ord_81
 ._device.static.3_50_
                0x000000000800ba00       0x14 zephyr/drivers/adc/libdrivers__adc.a(adc_stm32.c.obj)
                0x000000000800ba00                __device_dts_ord_12
 ._device.static.3_50_
                0x000000000800ba14       0x14 zephyr/drivers/i2c/libdrivers__i2c.a(i2c_ll_stm32.c.obj)
                0x000000000800ba14                __device_dts_ord_17
 ._device.static.3_80_
                0x000000000800ba28       0x14 zephyr/drivers/can/libdrivers__can.a(can_stm32_fdcan.c.obj)
                0x000000000800ba28                __device_dts_ord_56
                0x000000000800ba3c                _device_list_end = .

sw_isr_table    0x000000000800ba3c      0x330
                0x000000000800ba3c                . = ALIGN (0x4)
 *(SORT_BY_ALIGNMENT(.gnu.linkonce.sw_isr_table*))
 .gnu.linkonce.sw_isr_table
                0x000000000800ba3c      0x330 zephyr/CMakeFiles/zephyr_final.dir/isr_tables.c.obj
                0x000000000800ba3c                _sw_isr_table

initlevel_error
                0x000000000800b860        0x0
 *(SORT_BY_NAME(SORT_BY_ALIGNMENT(.z_init_[_A-Z0-9]*)))
                0x0000000000000001                ASSERT ((SIZEOF (initlevel_error) == 0x0), Undefined initialization levels used.)

app_shmem_regions
                0x000000000800bd6c        0x0
                0x000000000800bd6c                __app_shmem_regions_start = .
 *(SORT_BY_NAME(SORT_BY_ALIGNMENT(.app_regions.*)))
                0x000000000800bd6c                __app_shmem_regions_end = .

k_p4wq_initparam_area
                0x000000000800bd6c        0x0
                0x000000000800bd6c                _k_p4wq_initparam_list_start = .
 *(SORT_BY_NAME(SORT_BY_ALIGNMENT(._k_p4wq_initparam.static.*)))
                0x000000000800bd6c                _k_p4wq_initparam_list_end = .

_static_thread_data_area
                0x000000000800bd70       0x30
                0x000000000800bd70                __static_thread_data_list_start = .
 *(SORT_BY_NAME(SORT_BY_ALIGNMENT(.__static_thread_data.static.*)))
 .__static_thread_data.static._k_thread_data_thread_analyzer_
                0x000000000800bd70       0x30 zephyr/libzephyr.a(thread_analyzer.c.obj)
                0x000000000800bd70                _k_thread_data_thread_analyzer
                0x000000000800bda0                __static_thread_data_list_end = .

device_deps     0x000000000800bda0        0x0
                0x000000000800bda0                __device_deps_start = .
 *(SORT_BY_NAME(SORT_BY_ALIGNMENT(.__device_deps_pass2*)))
                0x000000000800bda0                __device_deps_end = .

ztest           0x000000000800bda0        0x0
                0x000000000800bda0                _ztest_expected_result_entry_list_start = .
 *(SORT_BY_NAME(SORT_BY_ALIGNMENT(._ztest_expected_result_entry.static.*)))
                0x000000000800bda0                _ztest_expected_result_entry_list_end = .
                0x000000000800bda0                _ztest_suite_node_list_start = .
 *(SORT_BY_NAME(SORT_BY_ALIGNMENT(._ztest_suite_node.static.*)))
                0x000000000800bda0                _ztest_suite_node_list_end = .
                0x000000000800bda0                _ztest_unit_test_list_start = .
 *(SORT_BY_NAME(SORT_BY_ALIGNMENT(._ztest_unit_test.static.*)))
                0x000000000800bda0                _ztest_unit_test_list_end = .
                0x000000000800bda0                _ztest_test_rule_list_start = .
 *(SORT_BY_NAME(SORT_BY_ALIGNMENT(._ztest_test_rule.static.*)))
                0x000000000800bda0                _ztest_test_rule_list_end = .

ctors           0x000000000800bda0        0xc
                0x000000000800bda0                . = ALIGN (0x4)
                0x000000000800bda0                __ZEPHYR_CTOR_LIST__ = .
                0x000000000800bda0        0x4 LONG 0x0 (((__ZEPHYR_CTOR_END__ - __ZEPHYR_CTOR_LIST__) / 0x4) - 0x2)
 *(SORT_BY_NAME(SORT_BY_ALIGNMENT(.ctors*)))
                0x000000000800bda4                __CTOR_LIST__ = .
                0x000000000800bda4        0x4 LONG 0x0
                0x000000000800bda8                __ZEPHYR_CTOR_END__ = .
                0x000000000800bda8        0x4 LONG 0x0
                0x000000000800bdac                __CTOR_END__ = .

init_array      0x000000000800bdac        0x0
                0x000000000800bdac                . = ALIGN (0x4)
                0x000000000800bdac                __init_array_start = .
                0x000000000800bdac                __init_array_end = .
                0x000000000800bdac                __zephyr_init_array_start = .
 *(SORT_BY_NAME(SORT_BY_ALIGNMENT(.init_array*)))
                0x000000000800bdac                __zephyr_init_array_end = .

bt_l2cap_fixed_chan_area
                0x000000000800bdac        0x0
                0x000000000800bdac                _bt_l2cap_fixed_chan_list_start = .
 *(SORT_BY_NAME(SORT_BY_ALIGNMENT(._bt_l2cap_fixed_chan.static.*)))
                0x000000000800bdac                _bt_l2cap_fixed_chan_list_end = .

bt_gatt_service_static_area
                0x000000000800bdac        0x0
                0x000000000800bdac                _bt_gatt_service_static_list_start = .
 *(SORT_BY_NAME(SORT_BY_ALIGNMENT(._bt_gatt_service_static.static.*)))
                0x000000000800bdac                _bt_gatt_service_static_list_end = .

log_strings_area
                0x000000000800bdac        0x0
                0x000000000800bdac                _log_strings_list_start = .
 *(SORT_BY_NAME(SORT_BY_ALIGNMENT(._log_strings.static.*)))
                0x000000000800bdac                _log_strings_list_end = .

log_const_area  0x000000000800bdac       0x80
                0x000000000800bdac                _log_const_list_start = .
 *(SORT_BY_NAME(SORT_BY_ALIGNMENT(._log_const.static.*)))
 ._log_const.static.log_const_adc_stm32_
                0x000000000800bdac        0x8 zephyr/drivers/adc/libdrivers__adc.a(adc_stm32.c.obj)
                0x000000000800bdac                log_const_adc_stm32
 ._log_const.static.log_const_can_common_
                0x000000000800bdb4        0x8 zephyr/drivers/can/libdrivers__can.a(can_common.c.obj)
                0x000000000800bdb4                log_const_can_common
 ._log_const.static.log_const_can_mcan_
                0x000000000800bdbc        0x8 zephyr/drivers/can/libdrivers__can.a(can_mcan.c.obj)
                0x000000000800bdbc                log_const_can_mcan
 ._log_const.static.log_const_can_stm32fd_
                0x000000000800bdc4        0x8 zephyr/drivers/can/libdrivers__can.a(can_stm32_fdcan.c.obj)
                0x000000000800bdc4                log_const_can_stm32fd
 ._log_const.static.log_const_cbprintf_package_
                0x000000000800bdcc        0x8 zephyr/libzephyr.a(cbprintf_packaged.c.obj)
                0x000000000800bdcc                log_const_cbprintf_package
 ._log_const.static.log_const_i2c_
                0x000000000800bdd4        0x8 zephyr/drivers/i2c/libdrivers__i2c.a(i2c_common.c.obj)
                0x000000000800bdd4                log_const_i2c
 ._log_const.static.log_const_i2c_ll_stm32_
                0x000000000800bddc        0x8 zephyr/drivers/i2c/libdrivers__i2c.a(i2c_ll_stm32.c.obj)
                0x000000000800bddc                log_const_i2c_ll_stm32
 ._log_const.static.log_const_i2c_ll_stm32_v2_
                0x000000000800bde4        0x8 zephyr/drivers/i2c/libdrivers__i2c.a(i2c_ll_stm32_v2.c.obj)
                0x000000000800bde4                log_const_i2c_ll_stm32_v2
 ._log_const.static.log_const_log_
                0x000000000800bdec        0x8 zephyr/libzephyr.a(log_core.c.obj)
                0x000000000800bdec                log_const_log
 ._log_const.static.log_const_log_mgmt_
                0x000000000800bdf4        0x8 zephyr/libzephyr.a(log_mgmt.c.obj)
                0x000000000800bdf4                log_const_log_mgmt
 ._log_const.static.log_const_log_uart_
                0x000000000800bdfc        0x8 zephyr/libzephyr.a(log_backend_uart.c.obj)
                0x000000000800bdfc                log_const_log_uart
 ._log_const.static.log_const_mpu_
                0x000000000800be04        0x8 zephyr/arch/arch/arm/core/mpu/libarch__arm__core__mpu.a(arm_core_mpu.c.obj)
                0x000000000800be04                log_const_mpu
 ._log_const.static.log_const_os_
                0x000000000800be0c        0x8 zephyr/kernel/libkernel.a(init.c.obj)
                0x000000000800be0c                log_const_os
 ._log_const.static.log_const_stm32_
                0x000000000800be14        0x8 zephyr/drivers/gpio/libdrivers__gpio.a(gpio_stm32.c.obj)
                0x000000000800be14                log_const_stm32
 ._log_const.static.log_const_thread_analyzer_
                0x000000000800be1c        0x8 zephyr/libzephyr.a(thread_analyzer.c.obj)
                0x000000000800be1c                log_const_thread_analyzer
 ._log_const.static.log_const_uart_stm32_
                0x000000000800be24        0x8 zephyr/drivers/serial/libdrivers__serial.a(uart_stm32.c.obj)
                0x000000000800be24                log_const_uart_stm32
                0x000000000800be2c                _log_const_list_end = .

log_backend_area
                0x000000000800be2c       0x10
                0x000000000800be2c                _log_backend_list_start = .
 *(SORT_BY_NAME(SORT_BY_ALIGNMENT(._log_backend.static.*)))
 ._log_backend.static.log_backend_uart_
                0x000000000800be2c       0x10 zephyr/libzephyr.a(log_backend_uart.c.obj)
                0x000000000800be3c                _log_backend_list_end = .

log_link_area   0x000000000800be3c        0x0
                0x000000000800be3c                _log_link_list_start = .
 *(SORT_BY_NAME(SORT_BY_ALIGNMENT(._log_link.static.*)))
                0x000000000800be3c                _log_link_list_end = .

tracing_backend_area
                0x000000000800be3c        0x0
                0x000000000800be3c                _tracing_backend_list_start = .
 *(SORT_BY_NAME(SORT_BY_ALIGNMENT(._tracing_backend.static.*)))
                0x000000000800be3c                _tracing_backend_list_end = .

zephyr_dbg_info
 *(SORT_BY_ALIGNMENT(.dbg_thread_info))

intc_table_area
                0x000000000800be3c        0x0
                0x000000000800be3c                _intc_table_list_start = .
 *(SORT_BY_NAME(SORT_BY_ALIGNMENT(._intc_table.static.*)))
                0x000000000800be3c                _intc_table_list_end = .

symbol_to_keep  0x000000000800be3c        0x0
                0x000000000800be3c                __symbol_to_keep_start = .
 *(SORT_BY_NAME(SORT_BY_ALIGNMENT(.symbol_to_keep*)))
                0x000000000800be3c                __symbol_to_keep_end = .

shell_area      0x000000000800be3c        0x0
                0x000000000800be3c                _shell_list_start = .
 *(SORT_BY_NAME(SORT_BY_ALIGNMENT(._shell.static.*)))
                0x000000000800be3c                _shell_list_end = .

shell_root_cmds_area
                0x000000000800be3c        0x0