Archive member included to satisfy reference by file (symbol)

app/libapp.a(main.cpp.obj)    (--whole-archive)
app/libapp.a(gpio_overlay.cpp.obj)
                              (--whole-archive)
app/libapp.a(heartbeat_monitor.cpp.obj)
                              (--whole-archive)
app/libapp.a(alarm_logic.cpp.obj)
                              (--whole-archive)
app/libapp.a(supervisor_manager.cpp.obj)
                              (--whole-archive)
app/libapp.a(can_bus_driver.cpp.obj)
                              (--whole-archive)
app/libapp.a(message_codec.cpp.obj)
                              (--whole-archive)
zephyr/libzephyr.a(cpp_dtors.c.obj)
                              (--whole-archive)
zephyr/libzephyr.a(heap.c.obj)
                              (--whole-archive)
zephyr/libzephyr.a(cbprintf_packaged.c.obj)
                              (--whole-archive)
zephyr/libzephyr.a(printk.c.obj)
                              (--whole-archive)
zephyr/libzephyr.a(sem.c.obj)
                              (--whole-archive)
zephyr/libzephyr.a(thread_entry.c.obj)
                              (--whole-archive)
zephyr/libzephyr.a(cbprintf_complete.c.obj)
                              (--whole-archive)
zephyr/libzephyr.a(cbprintf.c.obj)
                              (--whole-archive)
zephyr/libzephyr.a(assert.c.obj)
                              (--whole-archive)
zephyr/libzephyr.a(reboot.c.obj)
                              (--whole-archive)
zephyr/libzephyr.a(dec.c.obj)
                              (--whole-archive)
zephyr/libzephyr.a(hex.c.obj)
                              (--whole-archive)
zephyr/libzephyr.a(rb.c.obj)  (--whole-archive)
zephyr/libzephyr.a(timeutil.c.obj)
                              (--whole-archive)
zephyr/libzephyr.a(bitarray.c.obj)
                              (--whole-archive)
zephyr/libzephyr.a(configs.c.obj)
                              (--whole-archive)
zephyr/libzephyr.a(stm32cube_hal.c.obj)
                              (--whole-archive)
zephyr/libzephyr.a(soc_config.c.obj)
                              (--whole-archive)
zephyr/libzephyr.a(soc.c.obj)
                              (--whole-archive)
zephyr/libzephyr.a(thread_analyzer.c.obj)
                              (--whole-archive)
zephyr/libzephyr.a(log_core.c.obj)
                              (--whole-archive)
zephyr/libzephyr.a(log_mgmt.c.obj)
                              (--whole-archive)
zephyr/libzephyr.a(log_cache.c.obj)
                              (--whole-archive)
zephyr/libzephyr.a(log_msg.c.obj)
                              (--whole-archive)
zephyr/libzephyr.a(log_output.c.obj)
                              (--whole-archive)
zephyr/libzephyr.a(log_backend_uart.c.obj)
                              (--whole-archive)
zephyr/libzephyr.a(mem_attr.c.obj)
                              (--whole-archive)
zephyr/libzephyr.a(tracing_none.c.obj)
                              (--whole-archive)
zephyr/arch/common/libarch__common.a(sw_isr_common.c.obj)
                              (--whole-archive)
zephyr/arch/arch/arm/core/libarch__arm__core.a(fatal.c.obj)
                              (--whole-archive)
zephyr/arch/arch/arm/core/libarch__arm__core.a(nmi.c.obj)
                              (--whole-archive)
zephyr/arch/arch/arm/core/libarch__arm__core.a(nmi_on_reset.S.obj)
                              (--whole-archive)
zephyr/arch/arch/arm/core/libarch__arm__core.a(__aeabi_atexit.c.obj)
                              (--whole-archive)
zephyr/arch/arch/arm/core/cortex_m/libarch__arm__core__cortex_m.a(exc_exit.c.obj)
                              (--whole-archive)
zephyr/arch/arch/arm/core/cortex_m/libarch__arm__core__cortex_m.a(fault.c.obj)
                              (--whole-archive)
zephyr/arch/arch/arm/core/cortex_m/libarch__arm__core__cortex_m.a(fault_s.S.obj)
                              (--whole-archive)
zephyr/arch/arch/arm/core/cortex_m/libarch__arm__core__cortex_m.a(fpu.c.obj)
                              (--whole-archive)
zephyr/arch/arch/arm/core/cortex_m/libarch__arm__core__cortex_m.a(reset.S.obj)
                              (--whole-archive)
zephyr/arch/arch/arm/core/cortex_m/libarch__arm__core__cortex_m.a(scb.c.obj)
                              (--whole-archive)
zephyr/arch/arch/arm/core/cortex_m/libarch__arm__core__cortex_m.a(thread_abort.c.obj)
                              (--whole-archive)
zephyr/arch/arch/arm/core/cortex_m/libarch__arm__core__cortex_m.a(vector_table.S.obj)
                              (--whole-archive)
zephyr/arch/arch/arm/core/cortex_m/libarch__arm__core__cortex_m.a(swap.c.obj)
                              (--whole-archive)
zephyr/arch/arch/arm/core/cortex_m/libarch__arm__core__cortex_m.a(swap_helper.S.obj)
                              (--whole-archive)
zephyr/arch/arch/arm/core/cortex_m/libarch__arm__core__cortex_m.a(irq_manage.c.obj)
                              (--whole-archive)
zephyr/arch/arch/arm/core/cortex_m/libarch__arm__core__cortex_m.a(prep_c.c.obj)
[...]
Memory Configuration

Name             Origin             Length             Attributes
FLASH            0x0000000008000000 0x0000000000080000 xr
RAM              0x0000000020000000 0x0000000000020000 xw
IDT_LIST         0x00000000ffff7fff 0x0000000000008000 xw
*default*        0x0000000000000000 0xffffffffffffffff

Linker script and memory map

LOAD zephyr/CMakeFiles/zephyr_pre0.dir/misc/empty_file.c.obj
LOAD zephyr/CMakeFiles/offsets.dir/./arch/arm/core/offsets/offsets.c.obj
LOAD app/libapp.a
LOAD zephyr/libzephyr.a
LOAD zephyr/arch/common/libarch__common.a
LOAD zephyr/arch/arch/arm/core/libarch__arm__core.a
LOAD zephyr/arch/arch/arm/core/cortex_m/libarch__arm__core__cortex_m.a
LOAD zephyr/arch/arch/arm/core/mpu/libarch__arm__core__mpu.a
LOAD zephyr/lib/libc/newlib/liblib__libc__newlib.a
LOAD zephyr/lib/libc/common/liblib__libc__common.a
LOAD zephyr/drivers/interrupt_controller/libdrivers__interrupt_controller.a
LOAD zephyr/drivers/can/libdrivers__can.a
LOAD zephyr/drivers/clock_control/libdrivers__clock_control.a
LOAD zephyr/drivers/console/libdrivers__console.a
LOAD zephyr/drivers/gpio/libdrivers__gpio.a
LOAD zephyr/drivers/pinctrl/libdrivers__pinctrl.a
LOAD zephyr/drivers/reset/libdrivers__reset.a
LOAD zephyr/drivers/serial/libdrivers__serial.a
LOAD zephyr/drivers/timer/libdrivers__timer.a
LOAD modules/stm32/stm32cube/lib..__modules__hal__stm32__stm32cube.a
LOAD zephyr/kernel/libkernel.a
LOAD /home/babu-inc-5831/zephyr-sdk-0.17.2/arm-zephyr-eabi/bin/../lib/gcc/arm-zephyr-eabi/12.2.0/thumb/v7e-m/nofp/libgcc.a
LOAD zephyr/arch/common/libisr_tables.a
LOAD /home/babu-inc-5831/zephyr-sdk-0.17.2/arm-zephyr-eabi/arm-zephyr-eabi/lib/thumb/v7e-m/nofp/libstdc++.a
LOAD /home/babu-inc-5831/zephyr-sdk-0.17.2/arm-zephyr-eabi/arm-zephyr-eabi/lib/thumb/v7e-m/nofp/libm.a
LOAD /home/babu-inc-5831/zephyr-sdk-0.17.2/arm-zephyr-eabi/arm-zephyr-eabi/lib/thumb/v7e-m/nofp/libc.a
LOAD /home/babu-inc-5831/zephyr-sdk-0.17.2/arm-zephyr-eabi/bin/../lib/gcc/arm-zephyr-eabi/12.2.0/thumb/v7e-m/nofp/libgcc.a
LOAD /home/babu-inc-5831/zephyr-sdk-0.17.2/arm-zephyr-eabi/arm-zephyr-eabi/lib/thumb/v7e-m/nofp/libc.a
                0x0000000000000020                _region_min_align = 0x20

.rel.plt        0x0000000008000000        0x0
 *(SORT_BY_ALIGNMENT(.rel.plt))
                [!provide]                        PROVIDE (__rel_iplt_start = .)
 *(SORT_BY_ALIGNMENT(.rel.iplt))
 .rel.iplt      0x0000000008000000        0x0 app/libapp.a(main.cpp.obj)
                [!provide]                        PROVIDE (__rel_iplt_end = .)

.rela.plt       0x0000000000000000        0x0
 *(SORT_BY_ALIGNMENT(.rela.plt))
                [!provide]                        PROVIDE (__rela_iplt_start = .)
 *(SORT_BY_ALIGNMENT(.rela.iplt))
                [!provide]                        PROVIDE (__rela_iplt_end = .)

.rel.dyn
 *(SORT_BY_ALIGNMENT(.rel.*))

.rela.dyn
 *(SORT_BY_ALIGNMENT(.rela.*))

/DISCARD/
 *(SORT_BY_ALIGNMENT(.plt))

/DISCARD/
 *(SORT_BY_ALIGNMENT(.iplt))
                0x0000000008000000                __rom_region_start = 0x8000000

rom_start       0x0000000008000000      0x1d8
                0x0000000008000000                __rom_start_address = .
 FILL mask 0x00
                0x0000000008000000                . = (. + (0x0 - (. - __rom_start_address)))
                0x0000000008000000                . = ALIGN (0x4)
                0x0000000008000000                . = ALIGN (0x80)
                0x0000000008000000                . = ALIGN (0x200)
                0x0000000008000000                _vector_start = .
 *(SORT_BY_ALIGNMENT(.exc_vector_table))
 *(SORT_BY_ALIGNMENT(.exc_vector_table.*))
 .exc_vector_table._vector_table_section
                0x0000000008000000       0x40 zephyr/arch/arch/arm/core/cortex_m/libarch__arm__core__cortex_m.a(vector_table.S.obj)
                0x0000000008000000                _vector_table
 *(SORT_BY_ALIGNMENT(.vectors))
                0x00000000080001d8                _vector_end = .
                0x0000000008000040                . = ALIGN (0x4)
 *(SORT_BY_ALIGNMENT(.gnu.linkonce.irq_vector_table*))
 .gnu.linkonce.irq_vector_table
                0x0000000008000040      0x198 zephyr/arch/common/libisr_tables.a(isr_tables.c.obj)
                0x0000000008000040                _irq_vector_table
                0x00000000080001d8                _vector_end = .

text            0x0000000008000200     0x9aac
                0x0000000008000200                __text_region_start = .
 *(SORT_BY_ALIGNMENT(.text))
 .text          0x0000000008000200       0xdc /home/babu-inc-5831/zephyr-sdk-0.17.2/arm-zephyr-eabi/arm-zephyr-eabi/lib/thumb/v7e-m/nofp/libc.a(lib_a-strlen.o)
                0x0000000008000200                strlen
 .text          0x00000000080002dc       0xec /home/babu-inc-5831/zephyr-sdk-0.17.2/arm-zephyr-eabi/bin/../lib/gcc/arm-zephyr-eabi/12.2.0/thumb/v7e-m/nofp/libgcc.a(_arm_cmpsf2.o)
                0x00000000080002dc                __gtsf2
                0x00000000080002dc                __gesf2
                0x00000000080002e4                __lesf2
                0x00000000080002e4                __ltsf2
                0x00000000080002ec                __nesf2
                0x00000000080002ec                __eqsf2
                0x00000000080002ec                __cmpsf2
                0x000000000800034c                __aeabi_cfrcmple
                0x0000000008000354                __aeabi_cfcmple
                0x0000000008000354                __aeabi_cfcmpeq
                0x0000000008000364                __aeabi_fcmpeq
                0x0000000008000378                __aeabi_fcmplt
                0x000000000800038c                __aeabi_fcmple
                0x00000000080003a0                __aeabi_fcmpge
                0x00000000080003b4                __aeabi_fcmpgt
 .text          0x00000000080003c8       0x30 /home/babu-inc-5831/zephyr-sdk-0.17.2/arm-zephyr-eabi/bin/../lib/gcc/arm-zephyr-eabi/12.2.0/thumb/v7e-m/nofp/libgcc.a(_aeabi_uldivmod.o)
                0x00000000080003c8                __aeabi_uldivmod
 .text          0x00000000080003f8        0x4 /home/babu-inc-5831/zephyr-sdk-0.17.2/arm-zephyr-eabi/bin/../lib/gcc/arm-zephyr-eabi/12.2.0/thumb/v7e-m/nofp/libgcc.a(_dvmd_tls.o)
                0x00000000080003f8                __aeabi_ldiv0
                0x00000000080003f8                __aeabi_idiv0
 .text          0x00000000080003fc      0x134 /home/babu-inc-5831/zephyr-sdk-0.17.2/arm-zephyr-eabi/arm-zephyr-eabi/lib/thumb/v7e-m/nofp/libc.a(lib_a-memcpy.o)
                0x00000000080003fc                memcpy
 .text          0x0000000008000530      0x2a0 /home/babu-inc-5831/zephyr-sdk-0.17.2/arm-zephyr-eabi/bin/../lib/gcc/arm-zephyr-eabi/12.2.0/thumb/v7e-m/nofp/libgcc.a(_udivmoddi4.o)
                0x0000000008000530                __udivmoddi4
 *(SORT_BY_ALIGNMENT(.text.*))
 .text.OnPressureRx
                0x00000000080007d0       0x34 app/libapp.a(main.cpp.obj)
                0x00000000080007d0                OnPressureRx
 .text.OnSensorHeartbeatRx
                0x0000000008000804        0xc app/libapp.a(main.cpp.obj)
                0x0000000008000804                OnSensorHeartbeatRx
 .text.OnMotorHeartbeatRx
                0x0000000008000810        0xc app/libapp.a(main.cpp.obj)
                0x0000000008000810                OnMotorHeartbeatRx
 .text._ZN12_GLOBAL__N_118MonitorThreadEntryEPvS0_S0_
                0x000000000800081c       0x1c app/libapp.a(main.cpp.obj)
 .text.OnFlowRx
                0x0000000008000838       0x34 app/libapp.a(main.cpp.obj)
                0x0000000008000838                OnFlowRx
 .text.main     0x000000000800086c      0x134 app/libapp.a(main.cpp.obj)
                0x000000000800086c                main
 .text._ZN3hce15supervisor_node11GpioOverlay4InitEv
                0x00000000080009a0      0x134 app/libapp.a(gpio_overlay.cpp.obj)
                0x00000000080009a0                hce::supervisor_node::GpioOverlay::Init()
 .text._ZN3hce15supervisor_node11GpioOverlay11SetAlarmLedEb
                0x0000000008000ad4       0x6c app/libapp.a(gpio_overlay.cpp.obj)
                0x0000000008000ad4                hce::supervisor_node::GpioOverlay::SetAlarmLed(bool)
 .text._ZNK3hce15supervisor_node10AlarmLogic8EvaluateERKNS0_11AlarmInputsE
                0x0000000008000b40       0x34 app/libapp.a(alarm_logic.cpp.obj)
                0x0000000008000b40                hce::supervisor_node::AlarmLogic::Evaluate(hce::supervisor_node::AlarmInputs const&) const
 .text._ZN3hce10supervisor12CanBusDriver11AddRxFilterEjPFvPK6deviceP9can_framePvES7_
                0x0000000008000b74       0x50 app/libapp.a(can_bus_driver.cpp.obj)
                0x0000000008000b74                hce::supervisor::CanBusDriver::AddRxFilter(unsigned int, void (*)(device const*, can_frame*, void*), void*)
 .text._ZN3hce10supervisor12CanBusDriver4SendEjPKhh
                0x0000000008000bc4       0x6c app/libapp.a(can_bus_driver.cpp.obj)
                0x0000000008000bc4                hce::supervisor::CanBusDriver::Send(unsigned int, unsigned char const*, unsigned char)
 .text._ZN3hce10supervisor12CanBusDriver4InitEv
                0x0000000008000c30       0x80 app/libapp.a(can_bus_driver.cpp.obj)
                0x0000000008000c30                hce::supervisor::CanBusDriver::Init()
 .text._ZN3hce10supervisor12CanBusDriverC2EPK6device
                0x0000000008000cb0        0xc app/libapp.a(can_bus_driver.cpp.obj)
                0x0000000008000cb0                hce::supervisor::CanBusDriver::CanBusDriver(device const*)
                0x0000000008000cb0                hce::supervisor::CanBusDriver::CanBusDriver(device const*)
 .text.sys_heap_init
                0x0000000008000cbc      0x11c zephyr/libzephyr.a(heap.c.obj)
                0x0000000008000cbc                sys_heap_init
 .text.cbvprintf_package
                0x0000000008000dd8      0x42c zephyr/libzephyr.a(cbprintf_packaged.c.obj)
                0x0000000008000dd8                cbvprintf_package
 .text.__printk_hook_install
                0x0000000008001204        0xc zephyr/libzephyr.a(printk.c.obj)
                0x0000000008001204                __printk_hook_install
 .text.vsnprintk
                0x0000000008001210       0x2c zephyr/libzephyr.a(printk.c.obj)
                0x0000000008001210                vsnprintk
 .text.extract_decimal
                0x000000000800123c       0x2c zephyr/libzephyr.a(cbprintf_complete.c.obj)
 .text.encode_uint
                0x0000000008001268       0x9c zephyr/libzephyr.a(cbprintf_complete.c.obj)
 .text.z_cbvprintf_impl
                0x0000000008001304      0x76c zephyr/libzephyr.a(cbprintf_complete.c.obj)
                0x0000000008001304                z_cbvprintf_impl
 .text.st_stm32_common_config
                0x0000000008001a70       0x14 zephyr/libzephyr.a(soc_config.c.obj)
 .text.stm32g4_init
                0x0000000008001a84       0x68 zephyr/libzephyr.a(soc.c.obj)
 .text.thread_print_cb
                0x0000000008001aec       0x3c zephyr/libzephyr.a(thread_analyzer.c.obj)
 .text.thread_analyze_cb
                0x0000000008001b28       0x8c zephyr/libzephyr.a(thread_analyzer.c.obj)
 .text.thread_analyzer_run
                0x0000000008001bb4       0x50 zephyr/libzephyr.a(thread_analyzer.c.obj)
                0x0000000008001bb4                thread_analyzer_run
 .text.thread_analyzer_print
                0x0000000008001c04       0x1c zephyr/libzephyr.a(thread_analyzer.c.obj)
                0x0000000008001c04                thread_analyzer_print
 .text.thread_analyzer_auto
                0x0000000008001c20       0x18 zephyr/libzephyr.a(thread_analyzer.c.obj)
                0x0000000008001c20                thread_analyzer_auto
 .text.z_log_init.isra.0
                0x0000000008001c38      0x120 zephyr/libzephyr.a(log_core.c.obj)
 .text.log_format_func_t_get
                0x0000000008001d58        0xc zephyr/libzephyr.a(log_core.c.obj)
                0x0000000008001d58                log_format_func_t_get
 .text.log_set_timestamp_func
                0x0000000008001d64       0x20 zephyr/libzephyr.a(log_core.c.obj)
                0x0000000008001d64                log_set_timestamp_func
 .text.log_core_init
                0x0000000008001d84       0x28 zephyr/libzephyr.a(log_core.c.obj)
                0x0000000008001d84                log_core_init
 .text.z_impl_log_panic
                0x0000000008001dac       0x6c zephyr/libzephyr.a(log_core.c.obj)
                0x0000000008001dac                z_impl_log_panic
 .text.z_log_dropped
                0x0000000008001e18       0x30 zephyr/libzephyr.a(log_core.c.obj)
                0x0000000008001e18                z_log_dropped
 .text.z_log_msg_commit
                0x0000000008001e48       0x68 zephyr/libzephyr.a(log_core.c.obj)
                0x0000000008001e48                z_log_msg_commit
 .text.log_source_name_get
                0x0000000008001eb0       0x1c zephyr/libzephyr.a(log_mgmt.c.obj)
                0x0000000008001eb0                log_source_name_get
 .text.log_backend_enable
                0x0000000008001ecc       0x4c zephyr/libzephyr.a(log_mgmt.c.obj)
                0x0000000008001ecc                log_backend_enable
 .text.z_log_msg_runtime_vcreate
                0x0000000008001f18       0xec zephyr/libzephyr.a(log_msg.c.obj)
                0x0000000008001f18                z_log_msg_runtime_vcreate
 .text.log_msg_get_source_id
                0x0000000008002004       0x18 zephyr/libzephyr.a(log_msg.c.obj)
                0x0000000008002004                log_msg_get_source_id
 .text.print_formatted
                0x000000000800201c       0x24 zephyr/libzephyr.a(log_output.c.obj)
 .text.newline_print
                0x0000000008002040       0x1c zephyr/libzephyr.a(log_output.c.obj)
 .text.log_output_process
                0x000000000800205c      0x324 zephyr/libzephyr.a(log_output.c.obj)
                0x000000000800205c                log_output_process
 .text.log_output_timestamp_freq_set
                0x0000000008002380       0x2c zephyr/libzephyr.a(log_output.c.obj)
                0x0000000008002380                log_output_timestamp_freq_set
 .text.char_out
                0x00000000080023ac       0x24 zephyr/libzephyr.a(log_backend_uart.c.obj)
 .text.log_backend_uart_init
                0x00000000080023d0       0x3c zephyr/libzephyr.a(log_backend_uart.c.obj)
 .text.mem_attr_get_regions
                0x000000000800240c        0xc zephyr/libzephyr.a(mem_attr.c.obj)
                0x000000000800240c                mem_attr_get_regions
 .text.z_arm_fatal_error
                0x0000000008002418       0xc4 zephyr/arch/arch/arm/core/libarch__arm__core.a(fatal.c.obj)
                0x0000000008002418                z_arm_fatal_error
 .text.z_arm_nmi
                0x00000000080024dc       0x14 zephyr/arch/arch/arm/core/libarch__arm__core.a(nmi.c.obj)
                0x00000000080024dc                z_arm_nmi
 .text.z_SysNmiOnReset
                0x00000000080024f0        0x8 zephyr/arch/arch/arm/core/libarch__arm__core.a(nmi_on_reset.S.obj)
                0x00000000080024f0                z_SysNmiOnReset
 .text._HandlerModeExit
                0x00000000080024f8       0x28 zephyr/arch/arch/arm/core/cortex_m/libarch__arm__core__cortex_m.a(exc_exit.c.obj)
                0x00000000080024f8                z_arm_exc_exit
                0x00000000080024f8                z_arm_int_exit
 .text.bus_fault.constprop.0
                0x0000000008002520      0x13c zephyr/arch/arch/arm/core/cortex_m/libarch__arm__core__cortex_m.a(fault.c.obj)
 .text.usage_fault.constprop.0
                0x000000000800265c      0x108 zephyr/arch/arch/arm/core/cortex_m/libarch__arm__core__cortex_m.a(fault.c.obj)
 .text.mem_manage_fault
                0x0000000008002764      0x198 zephyr/arch/arch/arm/core/cortex_m/libarch__arm__core__cortex_m.a(fault.c.obj)
 .text.z_arm_fault
                0x00000000080028fc      0x278 zephyr/arch/arch/arm/core/cortex_m/libarch__arm__core__cortex_m.a(fault.c.obj)
                0x00000000080028fc                z_arm_fault
 .text.z_arm_fault_init
                0x0000000008002b74       0x10 zephyr/arch/arch/arm/core/cortex_m/libarch__arm__core__cortex_m.a(fault.c.obj)
                0x0000000008002b74                z_arm_fault_init
 .text.__fault  0x0000000008002b84       0x14 zephyr/arch/arch/arm/core/cortex_m/libarch__arm__core__cortex_m.a(fault_s.S.obj)
                0x0000000008002b84                z_arm_bus_fault
                0x0000000008002b84                z_arm_usage_fault
                0x0000000008002b84                z_arm_mpu_fault
                0x0000000008002b84                z_arm_exc_spurious
                0x0000000008002b84                z_arm_debug_monitor
                0x0000000008002b84                z_arm_hard_fault
 .text._reset_section
                0x0000000008002b98       0x38 zephyr/arch/arch/arm/core/cortex_m/libarch__arm__core__cortex_m.a(reset.S.obj)
                0x0000000008002b98                z_arm_reset
                0x0000000008002b98                __start
 .text.z_impl_k_thread_abort
                0x0000000008002bd0       0x2c zephyr/arch/arch/arm/core/cortex_m/libarch__arm__core__cortex_m.a(thread_abort.c.obj)
                0x0000000008002bd0                z_impl_k_thread_abort
 .text.arch_swap
                0x0000000008002bfc       0x34 zephyr/arch/arch/arm/core/cortex_m/libarch__arm__core__cortex_m.a(swap.c.obj)
                0x0000000008002bfc                arch_swap
 .text.z_arm_pendsv_c
                0x0000000008002c30       0x44 zephyr/arch/arch/arm/core/cortex_m/libarch__arm__core__cortex_m.a(swap.c.obj)
                0x0000000008002c30                z_arm_pendsv_c
 .text.z_arm_pendsv
                0x0000000008002c74       0x48 zephyr/arch/arch/arm/core/cortex_m/libarch__arm__core__cortex_m.a(swap_helper.S.obj)
                0x0000000008002c74                z_arm_pendsv
 .text.z_arm_svc
                0x0000000008002cbc       0x20 zephyr/arch/arch/arm/core/cortex_m/libarch__arm__core__cortex_m.a(swap_helper.S.obj)
                0x0000000008002cbc                z_arm_svc
 .text.arch_irq_enable
                0x0000000008002cdc       0x1c zephyr/arch/arch/arm/core/cortex_m/libarch__arm__core__cortex_m.a(irq_manage.c.obj)
                0x0000000008002cdc                arch_irq_enable
 .text.z_arm_irq_priority_set
                0x0000000008002cf8       0x68 zephyr/arch/arch/arm/core/cortex_m/libarch__arm__core__cortex_m.a(irq_manage.c.obj)
                0x0000000008002cf8                z_arm_irq_priority_set
 .text.z_prep_c
                0x0000000008002d60       0x48 zephyr/arch/arch/arm/core/cortex_m/libarch__arm__core__cortex_m.a(prep_c.c.obj)
                0x0000000008002d60                z_prep_c
 .text.arch_new_thread
                0x0000000008002da8       0x38 zephyr/arch/arch/arm/core/cortex_m/libarch__arm__core__cortex_m.a(thread.c.obj)
                0x0000000008002da8                arch_new_thread
 .text.z_check_thread_stack_fail
                0x0000000008002de0       0x30 zephyr/arch/arch/arm/core/cortex_m/libarch__arm__core__cortex_m.a(thread.c.obj)
                0x0000000008002de0                z_check_thread_stack_fail
 .text.arch_switch_to_main_thread
                0x0000000008002e10       0x44 zephyr/arch/arch/arm/core/cortex_m/libarch__arm__core__cortex_m.a(thread.c.obj)
                0x0000000008002e10                arch_switch_to_main_thread
 .text.z_arm_cpu_idle_init
                0x0000000008002e54        0xc zephyr/arch/arch/arm/core/cortex_m/libarch__arm__core__cortex_m.a(cpu_idle.c.obj)
                0x0000000008002e54                z_arm_cpu_idle_init
 .text.z_arm_interrupt_init
                0x0000000008002e60       0x18 zephyr/arch/arch/arm/core/cortex_m/libarch__arm__core__cortex_m.a(irq_init.c.obj)
                0x0000000008002e60                z_arm_interrupt_init
 .text._isr_wrapper
                0x0000000008002e78       0x24 zephyr/arch/arch/arm/core/cortex_m/libarch__arm__core__cortex_m.a(isr_wrapper.c.obj)
                0x0000000008002e78                _isr_wrapper
 .text.z_arm_configure_static_mpu_regions
                0x0000000008002e9c       0x18 zephyr/arch/arch/arm/core/mpu/libarch__arm__core__mpu.a(arm_core_mpu.c.obj)
                0x0000000008002e9c                z_arm_configure_static_mpu_regions
 .text.z_arm_configure_dynamic_mpu_regions
                0x0000000008002eb4       0x24 zephyr/arch/arch/arm/core/mpu/libarch__arm__core__mpu.a(arm_core_mpu.c.obj)
                0x0000000008002eb4                z_arm_configure_dynamic_mpu_regions
 .text.region_allocate_and_init
                0x0000000008002ed8       0x60 zephyr/arch/arch/arm/core/mpu/libarch__arm__core__mpu.a(arm_mpu.c.obj)
 .text.mpu_configure_regions
                0x0000000008002f38       0x74 zephyr/arch/arch/arm/core/mpu/libarch__arm__core__mpu.a(arm_mpu.c.obj)
 .text.arm_core_mpu_enable
                0x0000000008002fac       0x18 zephyr/arch/arch/arm/core/mpu/libarch__arm__core__mpu.a(arm_mpu.c.obj)
                0x0000000008002fac                arm_core_mpu_enable
 .text.arm_core_mpu_disable
                0x0000000008002fc4       0x14 zephyr/arch/arch/arm/core/mpu/libarch__arm__core__mpu.a(arm_mpu.c.obj)
                0x0000000008002fc4                arm_core_mpu_disable
 .text.arm_core_mpu_configure_static_mpu_regions
                0x0000000008002fd8       0x4c zephyr/arch/arch/arm/core/mpu/libarch__arm__core__mpu.a(arm_mpu.c.obj)
                0x0000000008002fd8                arm_core_mpu_configure_static_mpu_regions
 .text.arm_core_mpu_configure_dynamic_mpu_regions
                0x0000000008003024       0x6c zephyr/arch/arch/arm/core/mpu/libarch__arm__core__mpu.a(arm_mpu.c.obj)
                0x0000000008003024                arm_core_mpu_configure_dynamic_mpu_regions
 .text.z_arm_mpu_init
                0x0000000008003090      0x230 zephyr/arch/arch/arm/core/mpu/libarch__arm__core__mpu.a(arm_mpu.c.obj)
                0x0000000008003090                z_arm_mpu_init
 .text.malloc_prepare
                0x00000000080032c0       0x44 zephyr/lib/libc/newlib/liblib__libc__newlib.a(libc-hooks.c.obj)
 .text.__stdout_hook_install
                0x0000000008003304        0xc zephyr/lib/libc/newlib/liblib__libc__newlib.a(libc-hooks.c.obj)
                0x0000000008003304                __stdout_hook_install
 .text._sbrk    0x0000000008003310       0x28 zephyr/lib/libc/newlib/liblib__libc__newlib.a(libc-hooks.c.obj)
                0x0000000008003310                _sbrk
                0x0000000008003310                sbrk
 .text.__retarget_lock_acquire_recursive
                0x0000000008003338       0x38 zephyr/lib/libc/newlib/liblib__libc__newlib.a(libc-hooks.c.obj)
                0x0000000008003338                __retarget_lock_acquire_recursive
 .text.__retarget_lock_release_recursive
                0x0000000008003370       0x30 zephyr/lib/libc/newlib/liblib__libc__newlib.a(libc-hooks.c.obj)
                0x0000000008003370                __retarget_lock_release_recursive
 .text.stm32_exti_isr
                0x00000000080033a0       0x4c zephyr/drivers/interrupt_controller/libdrivers__interrupt_controller.a(intc_exti_stm32.c.obj)
 .text.stm32_fill_irq_table
                0x00000000080033ec       0x18 zephyr/drivers/interrupt_controller/libdrivers__interrupt_controller.a(intc_exti_stm32.c.obj)
 .text.stm32_exti_enable
                0x0000000008003404       0x24 zephyr/drivers/interrupt_controller/libdrivers__interrupt_controller.a(intc_exti_stm32.c.obj)
                0x0000000008003404                stm32_exti_enable
 .text.stm32_exti_disable
                0x0000000008003428       0x18 zephyr/drivers/interrupt_controller/libdrivers__interrupt_controller.a(intc_exti_stm32.c.obj)
                0x0000000008003428                stm32_exti_disable
 .text.stm32_exti_trigger
                0x0000000008003440       0x60 zephyr/drivers/interrupt_controller/libdrivers__interrupt_controller.a(intc_exti_stm32.c.obj)
                0x0000000008003440                stm32_exti_trigger
 .text.stm32_exti_set_callback
                0x00000000080034a0       0x30 zephyr/drivers/interrupt_controller/libdrivers__interrupt_controller.a(intc_exti_stm32.c.obj)
                0x00000000080034a0                stm32_exti_set_callback
 .text.stm32_exti_unset_callback
                0x00000000080034d0       0x14 zephyr/drivers/interrupt_controller/libdrivers__interrupt_controller.a(intc_exti_stm32.c.obj)
                0x00000000080034d0                stm32_exti_unset_callback
 .text.can_calc_timing_internal
                0x00000000080034e4      0x1c0 zephyr/drivers/can/libdrivers__can.a(can_common.c.obj)
 .text.z_impl_can_send
                0x00000000080036a4       0xcc zephyr/drivers/can/libdrivers__can.a(can_common.c.obj)
                0x00000000080036a4                z_impl_can_send
 .text.can_add_rx_filter
                0x0000000008003770       0x80 zephyr/drivers/can/libdrivers__can.a(can_common.c.obj)
                0x0000000008003770                can_add_rx_filter
 .text.z_impl_can_calc_timing
                0x00000000080037f0       0x2c zephyr/drivers/can/libdrivers__can.a(can_common.c.obj)
                0x00000000080037f0                z_impl_can_calc_timing
 .text.z_impl_can_calc_timing_data
                0x000000000800381c       0x2c zephyr/drivers/can/libdrivers__can.a(can_common.c.obj)
                0x000000000800381c                z_impl_can_calc_timing_data
 .text.can_mcan_read_reg
                0x0000000008003848       0x38 zephyr/drivers/can/libdrivers__can.a(can_mcan.c.obj)
                0x0000000008003848                can_mcan_read_reg
 .text.can_mcan_write_reg
                0x0000000008003880       0x38 zephyr/drivers/can/libdrivers__can.a(can_mcan.c.obj)
                0x0000000008003880                can_mcan_write_reg
 .text.can_mcan_get_message
                0x00000000080038b8      0x1e8 zephyr/drivers/can/libdrivers__can.a(can_mcan.c.obj)
 .text.can_mcan_exit_sleep_mode
                0x0000000008003aa0       0xa0 zephyr/drivers/can/libdrivers__can.a(can_mcan.c.obj)
 .text.can_mcan_set_timing
                0x0000000008003b40       0x64 zephyr/drivers/can/libdrivers__can.a(can_mcan.c.obj)
                0x0000000008003b40                can_mcan_set_timing
 .text.can_mcan_start
                0x0000000008003ba4      0x118 zephyr/drivers/can/libdrivers__can.a(can_mcan.c.obj)
                0x0000000008003ba4                can_mcan_start
 .text.can_mcan_set_mode
                0x0000000008003cbc       0xd4 zephyr/drivers/can/libdrivers__can.a(can_mcan.c.obj)
                0x0000000008003cbc                can_mcan_set_mode
 .text.can_mcan_line_1_isr
                0x0000000008003d90       0xa8 zephyr/drivers/can/libdrivers__can.a(can_mcan.c.obj)
                0x0000000008003d90                can_mcan_line_1_isr
 .text.can_mcan_line_0_isr
                0x0000000008003e38      0x214 zephyr/drivers/can/libdrivers__can.a(can_mcan.c.obj)
                0x0000000008003e38                can_mcan_line_0_isr
 .text.can_mcan_send
                0x000000000800404c      0x2ac zephyr/drivers/can/libdrivers__can.a(can_mcan.c.obj)
                0x000000000800404c                can_mcan_send
 .text.can_mcan_add_rx_filter_std
                0x00000000080042f8      0x114 zephyr/drivers/can/libdrivers__can.a(can_mcan.c.obj)
                0x00000000080042f8                can_mcan_add_rx_filter_std
 .text.can_mcan_add_rx_filter
                0x000000000800440c      0x168 zephyr/drivers/can/libdrivers__can.a(can_mcan.c.obj)
                0x000000000800440c                can_mcan_add_rx_filter
 .text.can_mcan_remove_rx_filter
                0x0000000008004574       0xec zephyr/drivers/can/libdrivers__can.a(can_mcan.c.obj)
                0x0000000008004574                can_mcan_remove_rx_filter
 .text.can_mcan_stop
                0x0000000008004660       0xc0 zephyr/drivers/can/libdrivers__can.a(can_mcan.c.obj)
                0x0000000008004660                can_mcan_stop
 .text.can_mcan_init
                0x0000000008004720      0x310 zephyr/drivers/can/libdrivers__can.a(can_mcan.c.obj)
                0x0000000008004720                can_mcan_init
 .text.can_stm32fd_clear_mram
                0x0000000008004a30       0xa0 zephyr/drivers/can/libdrivers__can.a(can_stm32_fdcan.c.obj)
 .text.can_stm32fd_write_mram
                0x0000000008004ad0       0xcc zephyr/drivers/can/libdrivers__can.a(can_stm32_fdcan.c.obj)
 .text.can_stm32fd_read_mram
                0x0000000008004b9c       0xcc zephyr/drivers/can/libdrivers__can.a(can_stm32_fdcan.c.obj)
 .text.can_stm32fd_remap_reg
                0x0000000008004c68       0xd0 zephyr/drivers/can/libdrivers__can.a(can_stm32_fdcan.c.obj)
 .text.can_stm32fd_get_core_clock
                0x0000000008004d38       0x50 zephyr/drivers/can/libdrivers__can.a(can_stm32_fdcan.c.obj)
 .text.can_stm32fd_init
                0x0000000008004d88      0x12c zephyr/drivers/can/libdrivers__can.a(can_stm32_fdcan.c.obj)
 .text.stm32_clock_control_get_subsys_rate
                0x0000000008004eb4       0x94 zephyr/drivers/clock_control/libdrivers__clock_control.a(clock_stm32_ll_common.c.obj)
 .text.stm32_clock_control_init
                0x0000000008004f48      0x144 zephyr/drivers/clock_control/libdrivers__clock_control.a(clock_stm32_ll_common.c.obj)
                0x0000000008004f48                stm32_clock_control_init
 .text.get_pllsrc_frequency
                0x000000000800508c        0x8 zephyr/drivers/clock_control/libdrivers__clock_control.a(clock_stm32g4.c.obj)
                0x000000000800508c                get_pllsrc_frequency
 .text.config_pll_sysclock
                0x0000000008005094       0x34 zephyr/drivers/clock_control/libdrivers__clock_control.a(clock_stm32g4.c.obj)
                0x0000000008005094                config_pll_sysclock
 .text.config_enable_default_clocks
                0x00000000080050c8       0x20 zephyr/drivers/clock_control/libdrivers__clock_control.a(clock_stm32g4.c.obj)
                0x00000000080050c8                config_enable_default_clocks
 .text.uart_console_init
                0x00000000080050e8       0x28 zephyr/drivers/console/libdrivers__console.a(uart_console.c.obj)
 .text.console_out
                0x0000000008005110       0x28 zephyr/drivers/console/libdrivers__console.a(uart_console.c.obj)
 .text.gpio_stm32_manage_callback
                0x0000000008005138       0xa0 zephyr/drivers/gpio/libdrivers__gpio.a(gpio_stm32.c.obj)
 .text.gpio_stm32_init
                0x00000000080051d8       0x30 zephyr/drivers/gpio/libdrivers__gpio.a(gpio_stm32.c.obj)
 .text.gpio_stm32_isr
                0x0000000008005208       0x58 zephyr/drivers/gpio/libdrivers__gpio.a(gpio_stm32.c.obj)
 .text.gpio_stm32_pin_interrupt_configure
                0x0000000008005260      0x118 zephyr/drivers/gpio/libdrivers__gpio.a(gpio_stm32.c.obj)
 .text.pinctrl_configure_pins
                0x0000000008005378       0xb0 zephyr/drivers/pinctrl/libdrivers__pinctrl.a(pinctrl_stm32.c.obj)
                0x0000000008005378                pinctrl_configure_pins
 .text.uart_stm32_cfg2ll_stopbits
                0x0000000008005428       0x38 zephyr/drivers/serial/libdrivers__serial.a(uart_stm32.c.obj)
 .text.lpuartdiv_calc
                0x0000000008005460       0x30 zephyr/drivers/serial/libdrivers__serial.a(uart_stm32.c.obj)
                0x0000000008005460                lpuartdiv_calc
 .text.uart_stm32_set_baudrate
                0x0000000008005490      0x174 zephyr/drivers/serial/libdrivers__serial.a(uart_stm32.c.obj)
 .text.uart_stm32_configure
                0x0000000008005604      0x100 zephyr/drivers/serial/libdrivers__serial.a(uart_stm32.c.obj)
 .text.uart_stm32_init
                0x0000000008005704      0x1b0 zephyr/drivers/serial/libdrivers__serial.a(uart_stm32.c.obj)
 .text.elapsed  0x00000000080058b4       0x4c zephyr/drivers/timer/libdrivers__timer.a(cortex_m_systick.c.obj)
 .text.sys_clock_driver_init
                0x0000000008005900       0x38 zephyr/drivers/timer/libdrivers__timer.a(cortex_m_systick.c.obj)
 .text.sys_clock_isr
                0x0000000008005938       0x54 zephyr/drivers/timer/libdrivers__timer.a(cortex_m_systick.c.obj)
                0x0000000008005938                sys_clock_isr
 .text.sys_clock_set_timeout
                0x000000000800598c      0x164 zephyr/drivers/timer/libdrivers__timer.a(cortex_m_systick.c.obj)
                0x000000000800598c                sys_clock_set_timeout
 .text.sys_clock_elapsed
                0x0000000008005af0       0xa4 zephyr/drivers/timer/libdrivers__timer.a(cortex_m_systick.c.obj)
                0x0000000008005af0                sys_clock_elapsed
 .text.sys_clock_cycle_get_32
                0x0000000008005b94       0x94 zephyr/drivers/timer/libdrivers__timer.a(cortex_m_systick.c.obj)
                0x0000000008005b94                sys_clock_cycle_get_32
 .text.HAL_RCC_GetSysClockFreq
                0x0000000008005c28       0x6c modules/stm32/stm32cube/lib..__modules__hal__stm32__stm32cube.a(stm32g4xx_hal_rcc.c.obj)
                0x0000000008005c28                HAL_RCC_GetSysClockFreq
 .text.LL_RCC_PLL_IsReady
                0x0000000008005c94       0x10 modules/stm32/stm32cube/lib..__modules__hal__stm32__stm32cube.a(stm32g4xx_ll_rcc.c.obj)
 .text.LL_RCC_PLL_IsEnabledDomain_48M
                0x0000000008005ca4       0x10 modules/stm32/stm32cube/lib..__modules__hal__stm32__stm32cube.a(stm32g4xx_ll_rcc.c.obj)
 .text.RCC_GetHCLKClockFreq
                0x0000000008005cb4       0x1c modules/stm32/stm32cube/lib..__modules__hal__stm32__stm32cube.a(stm32g4xx_ll_rcc.c.obj)
 .text.RCC_GetPCLK1ClockFreq
                0x0000000008005cd0       0x1c modules/stm32/stm32cube/lib..__modules__hal__stm32__stm32cube.a(stm32g4xx_ll_rcc.c.obj)
 .text.RCC_GetSystemClockFreq
                0x0000000008005cec       0x58 modules/stm32/stm32cube/lib..__modules__hal__stm32__stm32cube.a(stm32g4xx_ll_rcc.c.obj)
 .text.RCC_PLL_GetFreqDomain_48M
                0x0000000008005d44       0x44 modules/stm32/stm32cube/lib..__modules__hal__stm32__stm32cube.a(stm32g4xx_ll_rcc.c.obj)
 .text.LL_RCC_GetFDCANClockFreq
                0x0000000008005d88       0x5c modules/stm32/stm32cube/lib..__modules__hal__stm32__stm32cube.a(stm32g4xx_ll_rcc.c.obj)
                0x0000000008005d88                LL_RCC_GetFDCANClockFreq
 .text.LL_SetFlashLatency
                0x0000000008005de4       0xdc modules/stm32/stm32cube/lib..__modules__hal__stm32__stm32cube.a(stm32g4xx_ll_utils.c.obj)
                0x0000000008005de4                LL_SetFlashLatency
 .text.z_device_state_init
                0x0000000008005ec0       0x44 zephyr/kernel/libkernel.a(device.c.obj)
                0x0000000008005ec0                z_device_state_init
 .text.k_sys_fatal_error_handler
                0x0000000008005f04       0x2c zephyr/kernel/libkernel.a(fatal.c.obj)
                0x0000000008005f04                k_sys_fatal_error_handler
 .text.z_fatal_error
                0x0000000008005f30       0xfc zephyr/kernel/libkernel.a(fatal.c.obj)
                0x0000000008005f30                z_fatal_error
 .text.z_sys_init_run_level
                0x000000000800602c       0x2c zephyr/kernel/libkernel.a(init.c.obj)
 .text.bg_thread_main
                0x0000000008006058      0x10c zephyr/kernel/libkernel.a(init.c.obj)
 .text.z_bss_zero
                0x0000000008006164       0x18 zephyr/kernel/libkernel.a(init.c.obj)
                0x0000000008006164                z_bss_zero
 .text.z_init_cpu
                0x000000000800617c       0x8c zephyr/kernel/libkernel.a(init.c.obj)
                0x000000000800617c                z_init_cpu
 .text.z_cstart
                0x0000000008006208       0xdc zephyr/kernel/libkernel.a(init.c.obj)
                0x0000000008006208                z_cstart
 .text.__do_global_ctors_aux
                0x00000000080062e4       0x1c zephyr/kernel/libkernel.a(init_static.c.obj)
                0x00000000080062e4                __do_global_ctors_aux
 .text.__do_init_array_aux
                0x0000000008006300       0x1c zephyr/kernel/libkernel.a(init_static.c.obj)
                0x0000000008006300                __do_init_array_aux
 .text.idle     0x000000000800631c       0x48 zephyr/kernel/libkernel.a(idle.c.obj)
                0x000000000800631c                idle
 .text.z_impl_k_mutex_lock
                0x0000000008006364      0x1a0 zephyr/kernel/libkernel.a(mutex.c.obj)
                0x0000000008006364                z_impl_k_mutex_lock
 .text.z_impl_k_mutex_unlock
                0x0000000008006504      0x120 zephyr/kernel/libkernel.a(mutex.c.obj)
                0x0000000008006504                z_impl_k_mutex_unlock
 .text.z_impl_k_sem_give
                0x0000000008006624       0xb0 zephyr/kernel/libkernel.a(sem.c.obj)
                0x0000000008006624                z_impl_k_sem_give
 .text.z_impl_k_sem_take
                0x00000000080066d4       0xf4 zephyr/kernel/libkernel.a(sem.c.obj)
                0x00000000080066d4                z_impl_k_sem_take
 .text.z_impl_k_thread_name_set
                0x00000000080067c8       0x20 zephyr/kernel/libkernel.a(thread.c.obj)
                0x00000000080067c8                z_impl_k_thread_name_set
 .text.z_setup_new_thread
                0x00000000080067e8      0x1ac zephyr/kernel/libkernel.a(thread.c.obj)
                0x00000000080067e8                z_setup_new_thread
 .text.z_impl_k_thread_create
                0x0000000008006994       0x8c zephyr/kernel/libkernel.a(thread.c.obj)
                0x0000000008006994                z_impl_k_thread_create
 .text.z_thread_mark_switched_in
                0x0000000008006a20        0xc zephyr/kernel/libkernel.a(thread.c.obj)
                0x0000000008006a20                z_thread_mark_switched_in
 .text.update_cache
                0x0000000008006a2c       0x68 zephyr/kernel/libkernel.a(sched.c.obj)
 .text.unready_thread
                0x0000000008006a94       0x58 zephyr/kernel/libkernel.a(sched.c.obj)
 .text.unpend_thread_no_timeout
                0x0000000008006aec       0x3c zephyr/kernel/libkernel.a(sched.c.obj)
 .text.ready_thread
                0x0000000008006b28       0x94 zephyr/kernel/libkernel.a(sched.c.obj)
 .text.z_thread_halt
                0x0000000008006bbc      0x198 zephyr/kernel/libkernel.a(sched.c.obj)
 .text.move_thread_to_end_of_prio_q
                0x0000000008006d54       0xb0 zephyr/kernel/libkernel.a(sched.c.obj)
                0x0000000008006d54                move_thread_to_end_of_prio_q
 .text.z_ready_thread
                0x0000000008006e04       0x8c zephyr/kernel/libkernel.a(sched.c.obj)
                0x0000000008006e04                z_ready_thread
 .text.z_impl_k_thread_suspend
                0x0000000008006e90       0xa0 zephyr/kernel/libkernel.a(sched.c.obj)
                0x0000000008006e90                z_impl_k_thread_suspend
 .text.z_sched_wake_thread
                0x0000000008006f30       0xb0 zephyr/kernel/libkernel.a(sched.c.obj)
                0x0000000008006f30                z_sched_wake_thread
 .text.z_pend_curr
                0x0000000008006fe0      0x10c zephyr/kernel/libkernel.a(sched.c.obj)
                0x0000000008006fe0                z_pend_curr
 .text.z_unpend_first_thread
                0x00000000080070ec       0xa4 zephyr/kernel/libkernel.a(sched.c.obj)
                0x00000000080070ec                z_unpend_first_thread
 .text.z_thread_prio_set
                0x0000000008007190      0x124 zephyr/kernel/libkernel.a(sched.c.obj)
                0x0000000008007190                z_thread_prio_set
 .text.z_reschedule
                0x00000000080072b4       0x8c zephyr/kernel/libkernel.a(sched.c.obj)
                0x00000000080072b4                z_reschedule
 .text.z_sched_start
                0x0000000008007340       0xa4 zephyr/kernel/libkernel.a(sched.c.obj)
                0x0000000008007340                z_sched_start
 .text.z_reschedule_irqlock
                0x00000000080073e4       0x28 zephyr/kernel/libkernel.a(sched.c.obj)
                0x00000000080073e4                z_reschedule_irqlock
 .text.k_sched_lock
                0x000000000800740c       0xdc zephyr/kernel/libkernel.a(sched.c.obj)
                0x000000000800740c                k_sched_lock
 .text.k_sched_unlock
                0x00000000080074e8       0xf8 zephyr/kernel/libkernel.a(sched.c.obj)
                0x00000000080074e8                k_sched_unlock
 .text.z_sched_init
                0x00000000080075e0       0x10 zephyr/kernel/libkernel.a(sched.c.obj)
                0x00000000080075e0                z_sched_init
 .text.z_impl_k_yield
                0x00000000080075f0      0x144 zephyr/kernel/libkernel.a(sched.c.obj)
                0x00000000080075f0                z_impl_k_yield
 .text.z_tick_sleep
                0x0000000008007734      0x144 zephyr/kernel/libkernel.a(sched.c.obj)
 .text.z_impl_k_sleep
                0x0000000008007878       0x70 zephyr/kernel/libkernel.a(sched.c.obj)
                0x0000000008007878                z_impl_k_sleep
 .text.z_impl_k_sched_current_thread_query
                0x00000000080078e8        0xc zephyr/kernel/libkernel.a(sched.c.obj)
                0x00000000080078e8                z_impl_k_sched_current_thread_query
 .text.z_thread_abort
                0x00000000080078f4       0xdc zephyr/kernel/libkernel.a(sched.c.obj)
                0x00000000080078f4                z_thread_abort
 .text.slice_timeout
                0x00000000080079d0       0x5c zephyr/kernel/libkernel.a(timeslicing.c.obj)
 .text.thread_is_sliceable
                0x0000000008007a2c       0x3c zephyr/kernel/libkernel.a(timeslicing.c.obj)
                0x0000000008007a2c                thread_is_sliceable
 .text.z_reset_time_slice
                0x0000000008007a68       0x50 zephyr/kernel/libkernel.a(timeslicing.c.obj)
                0x0000000008007a68                z_reset_time_slice
 .text.z_time_slice
                0x0000000008007ab8       0xc8 zephyr/kernel/libkernel.a(timeslicing.c.obj)
                0x0000000008007ab8                z_time_slice
 .text.z_spin_lock_valid
                0x0000000008007b80       0x1c zephyr/kernel/libkernel.a(spinlock_validate.c.obj)
                0x0000000008007b80                z_spin_lock_valid
 .text.z_spin_unlock_valid
                0x0000000008007b9c       0x2c zephyr/kernel/libkernel.a(spinlock_validate.c.obj)
                0x0000000008007b9c                z_spin_unlock_valid
 .text.z_spin_lock_set_owner
                0x0000000008007bc8       0x10 zephyr/kernel/libkernel.a(spinlock_validate.c.obj)
                0x0000000008007bc8                z_spin_lock_set_owner
 .text.z_thread_monitor_exit
                0x0000000008007bd8       0xb0 zephyr/kernel/libkernel.a(thread_monitor.c.obj)
                0x0000000008007bd8                z_thread_monitor_exit
 .text.k_thread_foreach_unlocked
                0x0000000008007c88       0xf8 zephyr/kernel/libkernel.a(thread_monitor.c.obj)
                0x0000000008007c88                k_thread_foreach_unlocked
 .text.z_data_copy
                0x0000000008007d80       0x34 zephyr/kernel/libkernel.a(xip.c.obj)
                0x0000000008007d80                z_data_copy
 .text.elapsed  0x0000000008007db4       0x14 zephyr/kernel/libkernel.a(timeout.c.obj)
 .text.remove_timeout
                0x0000000008007dc8       0x38 zephyr/kernel/libkernel.a(timeout.c.obj)
 .text.next_timeout
                0x0000000008007e00       0x40 zephyr/kernel/libkernel.a(timeout.c.obj)
 .text.z_add_timeout
                0x0000000008007e40      0x18c zephyr/kernel/libkernel.a(timeout.c.obj)
                0x0000000008007e40                z_add_timeout
 .text.z_abort_timeout
                0x0000000008007fcc       0x9c zephyr/kernel/libkernel.a(timeout.c.obj)
                0x0000000008007fcc                z_abort_timeout
 .text.sys_clock_announce
                0x0000000008008068      0x15c zephyr/kernel/libkernel.a(timeout.c.obj)
                0x0000000008008068                sys_clock_announce
 .text.sys_clock_tick_get
                0x00000000080081c4       0x9c zephyr/kernel/libkernel.a(timeout.c.obj)
                0x00000000080081c4                sys_clock_tick_get
 .text.z_sched_usage_start
                0x0000000008008260       0x18 zephyr/kernel/libkernel.a(usage.c.obj)
                0x0000000008008260                z_sched_usage_start
 .text.z_sched_usage_stop
                0x0000000008008278       0xc0 zephyr/kernel/libkernel.a(usage.c.obj)
                0x0000000008008278                z_sched_usage_stop
 .text.z_sched_cpu_usage
                0x0000000008008338       0xf0 zephyr/kernel/libkernel.a(usage.c.obj)
                0x0000000008008338                z_sched_cpu_usage
 .text.z_sched_thread_usage
                0x0000000008008428       0xe0 zephyr/kernel/libkernel.a(usage.c.obj)
                0x0000000008008428                z_sched_thread_usage
 .text.boot_banner
                0x0000000008008508        0xc zephyr/kernel/libkernel.a(banner.c.obj)
                0x0000000008008508                boot_banner
 .text.statics_init
                0x0000000008008514       0x50 zephyr/kernel/libkernel.a(kheap.c.obj)
 .text.free     0x0000000008008564       0x10 /home/babu-inc-5831/zephyr-sdk-0.17.2/arm-zephyr-eabi/arm-zephyr-eabi/lib/thumb/v7e-m/nofp/libc.a(lib_a-malloc.o)
                0x0000000008008564                free
 .text.memset   0x0000000008008574       0xa4 /home/babu-inc-5831/zephyr-sdk-0.17.2/arm-zephyr-eabi/arm-zephyr-eabi/lib/thumb/v7e-m/nofp/libc.a(lib_a-memset.o)
                0x0000000008008574                memset
 .text.__malloc_lock
                0x0000000008008618        0xc /home/babu-inc-5831/zephyr-sdk-0.17.2/arm-zephyr-eabi/arm-zephyr-eabi/lib/thumb/v7e-m/nofp/libc.a(lib_a-mlock.o)
                0x0000000008008618                __malloc_lock
 .text.__malloc_unlock
                0x0000000008008624        0xc /home/babu-inc-5831/zephyr-sdk-0.17.2/arm-zephyr-eabi/arm-zephyr-eabi/lib/thumb/v7e-m/nofp/libc.a(lib_a-mlock.o)
                0x0000000008008624                __malloc_unlock
 .text._sbrk_r  0x0000000008008630       0x24 /home/babu-inc-5831/zephyr-sdk-0.17.2/arm-zephyr-eabi/arm-zephyr-eabi/lib/thumb/v7e-m/nofp/libc.a(lib_a-sbrkr.o)
                0x0000000008008630                _sbrk_r
 .text.strncpy  0x0000000008008654       0x68 /home/babu-inc-5831/zephyr-sdk-0.17.2/arm-zephyr-eabi/arm-zephyr-eabi/lib/thumb/v7e-m/nofp/libc.a(lib_a-strncpy.o)
                0x0000000008008654                strncpy
 .text.strnlen  0x00000000080086bc       0x24 /home/babu-inc-5831/zephyr-sdk-0.17.2/arm-zephyr-eabi/arm-zephyr-eabi/lib/thumb/v7e-m/nofp/libc.a(lib_a-strnlen.o)
                0x00000000080086bc                strnlen
 .text._malloc_trim_r
                0x00000000080086e0       0x9c /home/babu-inc-5831/zephyr-sdk-0.17.2/arm-zephyr-eabi/arm-zephyr-eabi/lib/thumb/v7e-m/nofp/libc.a(lib_a-freer.o)
                0x00000000080086e0                _malloc_trim_r
 .text._free_r  0x000000000800877c      0x1fc /home/babu-inc-5831/zephyr-sdk-0.17.2/arm-zephyr-eabi/arm-zephyr-eabi/lib/thumb/v7e-m/nofp/libc.a(lib_a-freer.o)
                0x000000000800877c                _free_r
 .text._OffsetAbsSyms
                0x0000000008008978        0x2 zephyr/CMakeFiles/offsets.dir/./arch/arm/core/offsets/offsets.c.obj
                0x0000000008008978                _OffsetAbsSyms
 .text.z_log_msg_runtime_create.constprop.0
                0x000000000800897a       0x1e app/libapp.a(main.cpp.obj)
 .text.z_log_msg_runtime_create.constprop.0
                0x0000000008008998       0x20 app/libapp.a(gpio_overlay.cpp.obj)
 .text._ZN3hce15supervisor_node19NodeLivenessTracker19OnHeartbeatReceivedEv
                0x00000000080089b8        0x6 app/libapp.a(heartbeat_monitor.cpp.obj)
                0x00000000080089b8                hce::supervisor_node::NodeLivenessTracker::OnHeartbeatReceived()
 .text._ZN3hce15supervisor_node19NodeLivenessTracker16OnMonitoringTickEv
                0x00000000080089be       0x18 app/libapp.a(heartbeat_monitor.cpp.obj)
                0x00000000080089be                hce::supervisor_node::NodeLivenessTracker::OnMonitoringTick()
 .text._ZN3hce15supervisor_node16HeartbeatMonitor16OnMonitoringTickEv
                0x00000000080089d6       0x10 app/libapp.a(heartbeat_monitor.cpp.obj)
                0x00000000080089d6                hce::supervisor_node::HeartbeatMonitor::OnMonitoringTick()
 .text._ZN3hce15supervisor_node17SupervisorManagerC2ERNS0_11GpioOverlayERNS_10supervisor13ICanBusDriverE
                0x00000000080089e6       0x1e app/libapp.a(supervisor_manager.cpp.obj)
                0x00000000080089e6                hce::supervisor_node::SupervisorManager::SupervisorManager(hce::supervisor_node::GpioOverlay&, hce::supervisor::ICanBusDriver&)
                0x00000000080089e6                hce::supervisor_node::SupervisorManager::SupervisorManager(hce::supervisor_node::GpioOverlay&, hce::supervisor::ICanBusDriver&)
 .text._ZN3hce15supervisor_node17SupervisorManager18OnPressureReceivedERKSt5arrayIhLj8EE
                0x0000000008008a04       0x16 app/libapp.a(supervisor_manager.cpp.obj)
                0x0000000008008a04                hce::supervisor_node::SupervisorManager::OnPressureReceived(std::array<unsigned char, 8u> const&)
 .text._ZN3hce15supervisor_node17SupervisorManager14OnFlowReceivedERKSt5arrayIhLj8EE
                0x0000000008008a1a       0x16 app/libapp.a(supervisor_manager.cpp.obj)
                0x0000000008008a1a                hce::supervisor_node::SupervisorManager::OnFlowReceived(std::array<unsigned char, 8u> const&)
 .text._ZN3hce15supervisor_node17SupervisorManager25OnSensorHeartbeatReceivedEv
                0x0000000008008a30        0x6 app/libapp.a(supervisor_manager.cpp.obj)
                0x0000000008008a30                hce::supervisor_node::SupervisorManager::OnSensorHeartbeatReceived()
 .text._ZN3hce15supervisor_node17SupervisorManager24OnMotorHeartbeatReceivedEv
                0x0000000008008a36        0x6 app/libapp.a(supervisor_manager.cpp.obj)
                0x0000000008008a36                hce::supervisor_node::SupervisorManager::OnMotorHeartbeatReceived()
 .text._ZN3hce15supervisor_node17SupervisorManager19TransmitStopCommandEv
                0x0000000008008a3c       0x28 app/libapp.a(supervisor_manager.cpp.obj)
                0x0000000008008a3c                hce::supervisor_node::SupervisorManager::TransmitStopCommand()
 .text._ZN3hce15supervisor_node17SupervisorManager18TransmitRunCommandEv
                0x0000000008008a64       0x2c app/libapp.a(supervisor_manager.cpp.obj)
                0x0000000008008a64                hce::supervisor_node::SupervisorManager::TransmitRunCommand()
 .text._ZN3hce15supervisor_node17SupervisorManager4TickEv
                0x0000000008008a90       0x76 app/libapp.a(supervisor_manager.cpp.obj)
                0x0000000008008a90                hce::supervisor_node::SupervisorManager::Tick()
 .text._ZN3hce10supervisor12CanBusDriverD2Ev
                0x0000000008008b06        0x2 app/libapp.a(can_bus_driver.cpp.obj)
                0x0000000008008b06                hce::supervisor::CanBusDriver::~CanBusDriver()
                0x0000000008008b06                hce::supervisor::CanBusDriver::~CanBusDriver()
 .text._ZN3hce10supervisor12CanBusDriverD0Ev
                0x0000000008008b08        0xe app/libapp.a(can_bus_driver.cpp.obj)
                0x0000000008008b08                hce::supervisor::CanBusDriver::~CanBusDriver()
 .text.z_log_msg_runtime_create.constprop.0
                0x0000000008008b16       0x1e app/libapp.a(can_bus_driver.cpp.obj)
 .text._ZN3hce10supervisor12MessageCodec14DecodePressureERKSt5arrayIhLj8EE
                0x0000000008008b34        0xa app/libapp.a(message_codec.cpp.obj)
                0x0000000008008b34                hce::supervisor::MessageCodec::DecodePressure(std::array<unsigned char, 8u> const&)
 .text._ZN3hce10supervisor12MessageCodec10DecodeFlowERKSt5arrayIhLj8EE
                0x0000000008008b3e        0xa app/libapp.a(message_codec.cpp.obj)
                0x0000000008008b3e                hce::supervisor::MessageCodec::DecodeFlow(std::array<unsigned char, 8u> const&)
 .text._ZN3hce10supervisor12MessageCodec17EncodeStopCommandERKNS0_18StopCommandMessageE
                0x0000000008008b48        0xe app/libapp.a(message_codec.cpp.obj)
                0x0000000008008b48                hce::supervisor::MessageCodec::EncodeStopCommand(hce::supervisor::StopCommandMessage const&)
 .text._ZN3hce10supervisor12MessageCodec16EncodeRunCommandERKNS0_17RunCommandMessageE
                0x0000000008008b56       0x14 app/libapp.a(message_codec.cpp.obj)
                0x0000000008008b56                hce::supervisor::MessageCodec::EncodeRunCommand(hce::supervisor::RunCommandMessage const&)
 .text.chunk_size
                0x0000000008008b6a        0xa zephyr/libzephyr.a(heap.c.obj)
 .text.free_list_add
                0x0000000008008b74       0x4e zephyr/libzephyr.a(heap.c.obj)
 .text.cbpprintf_external
                0x0000000008008bc2       0x62 zephyr/libzephyr.a(cbprintf_packaged.c.obj)
                0x0000000008008bc2                cbpprintf_external
 .text.arch_printk_char_out
                0x0000000008008c24        0x4 zephyr/libzephyr.a(printk.c.obj)
                0x0000000008008c24                arch_printk_char_out
 .text.str_out  0x0000000008008c28       0x24 zephyr/libzephyr.a(printk.c.obj)
 .text.vprintk  0x0000000008008c4c        0x4 zephyr/libzephyr.a(printk.c.obj)
                0x0000000008008c4c                vprintk
 .text.printk   0x0000000008008c50       0x1a zephyr/libzephyr.a(printk.c.obj)
                0x0000000008008c50                printk
 .text.snprintk
                0x0000000008008c6a       0x1a zephyr/libzephyr.a(printk.c.obj)
                0x0000000008008c6a                snprintk
 .text.z_thread_entry
                0x0000000008008c84       0x14 zephyr/libzephyr.a(thread_entry.c.obj)
                0x0000000008008c84                z_thread_entry
 .text.outs     0x0000000008008c98       0x2e zephyr/libzephyr.a(cbprintf_complete.c.obj)
 .text.assert_post_action
                0x0000000008008cc6       0x12 zephyr/libzephyr.a(assert.c.obj)
                0x0000000008008cc6                assert_post_action
 .text.assert_print
                0x0000000008008cd8       0x1a zephyr/libzephyr.a(assert.c.obj)
                0x0000000008008cd8                assert_print
 .text._ConfigAbsSyms
                0x0000000008008cf2        0x2 zephyr/libzephyr.a(configs.c.obj)
                0x0000000008008cf2                _ConfigAbsSyms
 .text.dummy_timestamp
                0x0000000008008cf4        0x4 zephyr/libzephyr.a(log_core.c.obj)
 .text.default_lf_get_timestamp
                0x0000000008008cf8       0x10 zephyr/libzephyr.a(log_core.c.obj)
 .text.atomic_inc
                0x0000000008008d08       0x1a zephyr/libzephyr.a(log_core.c.obj)
 .text.enable_logger
                0x0000000008008d22        0xe zephyr/libzephyr.a(log_core.c.obj)
 .text.z_log_vprintk
                0x0000000008008d30       0x1c zephyr/libzephyr.a(log_core.c.obj)
                0x0000000008008d30                z_log_vprintk
 .text.z_log_notify_backend_enabled
                0x0000000008008d4c        0x2 zephyr/libzephyr.a(log_core.c.obj)
                0x0000000008008d4c                z_log_notify_backend_enabled
 .text.z_log_get_tag
                0x0000000008008d4e        0x4 zephyr/libzephyr.a(log_core.c.obj)
                0x0000000008008d4e                z_log_get_tag
 .text.z_log_msg_finalize
                0x0000000008008d52       0x32 zephyr/libzephyr.a(log_msg.c.obj)
                0x0000000008008d52                z_log_msg_finalize
 .text.z_log_msg_runtime_create.constprop.0
                0x0000000008008d84       0x20 zephyr/libzephyr.a(log_msg.c.obj)
 .text.out_func
                0x0000000008008da4       0x1c zephyr/libzephyr.a(log_output.c.obj)
 .text.cr_out_func
                0x0000000008008dc0       0x1c zephyr/libzephyr.a(log_output.c.obj)
 .text.buffer_write
                0x0000000008008ddc       0x1c zephyr/libzephyr.a(log_output.c.obj)
 .text.cbvprintf
                0x0000000008008df8        0xe zephyr/libzephyr.a(log_output.c.obj)
 .text.log_output_flush
                0x0000000008008e06       0x1a zephyr/libzephyr.a(log_output.c.obj)
                0x0000000008008e06                log_output_flush
 .text.log_output_msg_process
                0x0000000008008e20       0x6a zephyr/libzephyr.a(log_output.c.obj)
                0x0000000008008e20                log_output_msg_process
 .text.format_set
                0x0000000008008e8a        0xc zephyr/libzephyr.a(log_backend_uart.c.obj)
 .text.panic    0x0000000008008e96       0x10 zephyr/libzephyr.a(log_backend_uart.c.obj)
 .text.process  0x0000000008008ea6       0x1e zephyr/libzephyr.a(log_backend_uart.c.obj)
 .text.z_log_msg_runtime_create.constprop.0
                0x0000000008008ec4       0x20 zephyr/arch/arch/arm/core/libarch__arm__core.a(fatal.c.obj)
 .text.z_do_kernel_oops
                0x0000000008008ee4        0x8 zephyr/arch/arch/arm/core/libarch__arm__core.a(fatal.c.obj)
                0x0000000008008ee4                z_do_kernel_oops
 .text.z_log_msg_runtime_create.constprop.0
                0x0000000008008eec       0x20 zephyr/arch/arch/arm/core/cortex_m/libarch__arm__core__cortex_m.a(fault.c.obj)
 .text.z_irq_spurious
                0x0000000008008f0c        0x8 zephyr/arch/arch/arm/core/cortex_m/libarch__arm__core__cortex_m.a(irq_manage.c.obj)
                0x0000000008008f0c                z_irq_spurious
 .text.arch_irq_unlock_outlined
                0x0000000008008f14        0xe zephyr/arch/arch/arm/core/cortex_m/libarch__arm__core__cortex_m.a(thread.c.obj)
                0x0000000008008f14                arch_irq_unlock_outlined
 .text.arch_cpu_idle
                0x0000000008008f22       0x1a zephyr/arch/arch/arm/core/cortex_m/libarch__arm__core__cortex_m.a(cpu_idle.c.obj)
                0x0000000008008f22                arch_cpu_idle
 .text.size_to_mpu_rasr_size
                0x0000000008008f3c       0x20 zephyr/arch/arch/arm/core/mpu/libarch__arm__core__mpu.a(arm_mpu.c.obj)
 .text.z_log_msg_runtime_create.constprop.0
                0x0000000008008f5c       0x20 zephyr/arch/arch/arm/core/mpu/libarch__arm__core__mpu.a(arm_mpu.c.obj)
 .text._stdout_hook_default
                0x0000000008008f7c        0x6 zephyr/lib/libc/newlib/liblib__libc__newlib.a(libc-hooks.c.obj)
 .text.stm32_exti_init
                0x0000000008008f82       0x92 zephyr/drivers/interrupt_controller/libdrivers__interrupt_controller.a(intc_exti_stm32.c.obj)
 .text.check_timing_in_range
                0x0000000008009014       0x5e zephyr/drivers/can/libdrivers__can.a(can_common.c.obj)
 .text.can_tx_default_cb
                0x0000000008009072        0x8 zephyr/drivers/can/libdrivers__can.a(can_common.c.obj)
 .text.z_log_msg_runtime_create.constprop.0
                0x000000000800907a       0x20 zephyr/drivers/can/libdrivers__can.a(can_common.c.obj)
 .text.z_impl_can_set_timing
                0x000000000800909a       0x26 zephyr/drivers/can/libdrivers__can.a(can_common.c.obj)
                0x000000000800909a                z_impl_can_set_timing
 .text.z_impl_can_set_timing_data
                0x00000000080090c0       0x2e zephyr/drivers/can/libdrivers__can.a(can_common.c.obj)
                0x00000000080090c0                z_impl_can_set_timing_data
 .text.can_mcan_read_mram
                0x00000000080090ee        0xe zephyr/drivers/can/libdrivers__can.a(can_mcan.c.obj)
 .text.can_mcan_write_mram
                0x00000000080090fc        0xe zephyr/drivers/can/libdrivers__can.a(can_mcan.c.obj)
 .text.can_mcan_clear_mram
                0x000000000800910a        0x8 zephyr/drivers/can/libdrivers__can.a(can_mcan.c.obj)
 .text.z_log_msg_runtime_create.constprop.0
                0x0000000008009112       0x1e zephyr/drivers/can/libdrivers__can.a(can_mcan.c.obj)
 .text.k_mutex_lock.constprop.0.isra.0
                0x0000000008009130        0x4 zephyr/drivers/can/libdrivers__can.a(can_mcan.c.obj)
 .text.k_mutex_unlock.isra.0
                0x0000000008009134        0x4 zephyr/drivers/can/libdrivers__can.a(can_mcan.c.obj)
 .text.can_mcan_enter_init_mode.constprop.0
                0x0000000008009138       0xa4 zephyr/drivers/can/libdrivers__can.a(can_mcan.c.obj)
 .text.can_mcan_set_timing_data
                0x00000000080091dc       0x8e zephyr/drivers/can/libdrivers__can.a(can_mcan.c.obj)
                0x00000000080091dc                can_mcan_set_timing_data
 .text.can_mcan_get_capabilities
                0x000000000800926a        0x8 zephyr/drivers/can/libdrivers__can.a(can_mcan.c.obj)
                0x000000000800926a                can_mcan_get_capabilities
 .text.can_mcan_get_state
                0x0000000008009272       0x5c zephyr/drivers/can/libdrivers__can.a(can_mcan.c.obj)
                0x0000000008009272                can_mcan_get_state
 .text.can_mcan_get_max_filters
                0x00000000080092ce        0xe zephyr/drivers/can/libdrivers__can.a(can_mcan.c.obj)
                0x00000000080092ce                can_mcan_get_max_filters
 .text.can_mcan_set_state_change_callback
                0x00000000080092dc        0x8 zephyr/drivers/can/libdrivers__can.a(can_mcan.c.obj)
                0x00000000080092dc                can_mcan_set_state_change_callback
 .text.can_mcan_enable_configuration_change
                0x00000000080092e4       0x3c zephyr/drivers/can/libdrivers__can.a(can_mcan.c.obj)
                0x00000000080092e4                can_mcan_enable_configuration_change
 .text.config_can_0_irq
                0x0000000008009320       0x26 zephyr/drivers/can/libdrivers__can.a(can_stm32_fdcan.c.obj)
 .text.can_stm32fd_write_reg
                0x0000000008009346       0x8a zephyr/drivers/can/libdrivers__can.a(can_stm32_fdcan.c.obj)
 .text.can_stm32fd_read_reg
                0x00000000080093d0       0x7a zephyr/drivers/can/libdrivers__can.a(can_stm32_fdcan.c.obj)
 .text.z_log_msg_runtime_create.constprop.0
                0x000000000800944a       0x20 zephyr/drivers/can/libdrivers__can.a(can_stm32_fdcan.c.obj)
 .text.enabled_clock
                0x000000000800946a       0x1e zephyr/drivers/clock_control/libdrivers__clock_control.a(clock_stm32_ll_common.c.obj)
 .text.stm32_clock_control_on
                0x0000000008009488       0x38 zephyr/drivers/clock_control/libdrivers__clock_control.a(clock_stm32_ll_common.c.obj)
 .text.stm32_clock_control_off
                0x00000000080094c0       0x24 zephyr/drivers/clock_control/libdrivers__clock_control.a(clock_stm32_ll_common.c.obj)
 .text.stm32_clock_control_configure
                0x00000000080094e4       0x50 zephyr/drivers/clock_control/libdrivers__clock_control.a(clock_stm32_ll_common.c.obj)
 .text.stm32_clock_control_get_status
                0x0000000008009534       0x30 zephyr/drivers/clock_control/libdrivers__clock_control.a(clock_stm32_ll_common.c.obj)
 .text.config_regulator_voltage
                0x0000000008009564        0x2 zephyr/drivers/clock_control/libdrivers__clock_control.a(clock_stm32_ll_common.c.obj)
                0x0000000008009564                config_regulator_voltage
 .text.gpio_stm32_port_get_raw
                0x0000000008009566        0xc zephyr/drivers/gpio/libdrivers__gpio.a(gpio_stm32.c.obj)
 .text.gpio_stm32_port_set_masked_raw
                0x0000000008009572       0x12 zephyr/drivers/gpio/libdrivers__gpio.a(gpio_stm32.c.obj)
 .text.gpio_stm32_port_set_bits_raw
                0x0000000008009584        0xa zephyr/drivers/gpio/libdrivers__gpio.a(gpio_stm32.c.obj)
 .text.gpio_stm32_port_clear_bits_raw
                0x000000000800958e        0xa zephyr/drivers/gpio/libdrivers__gpio.a(gpio_stm32.c.obj)
 .text.gpio_stm32_port_toggle_bits
                0x0000000008009598        0xe zephyr/drivers/gpio/libdrivers__gpio.a(gpio_stm32.c.obj)
 .text.gpio_stm32_configure_raw.isra.0
                0x00000000080095a6      0x106 zephyr/drivers/gpio/libdrivers__gpio.a(gpio_stm32.c.obj)
 .text.gpio_stm32_config
                0x00000000080096ac       0x72 zephyr/drivers/gpio/libdrivers__gpio.a(gpio_stm32.c.obj)
 .text.gpio_stm32_configure
                0x000000000800971e       0x2a zephyr/drivers/gpio/libdrivers__gpio.a(gpio_stm32.c.obj)
                0x000000000800971e                gpio_stm32_configure
 .text.pinctrl_lookup_state
                0x0000000008009748       0x26 zephyr/drivers/pinctrl/libdrivers__pinctrl.a(common.c.obj)
                0x0000000008009748                pinctrl_lookup_state
 .text.reset_stm32_status
                0x000000000800976e       0x20 zephyr/drivers/reset/libdrivers__reset.a(reset_stm32.c.obj)
 .text.reset_stm32_line_assert
                0x000000000800978e       0x1c zephyr/drivers/reset/libdrivers__reset.a(reset_stm32.c.obj)
 .text.reset_stm32_line_deassert
                0x00000000080097aa       0x1e zephyr/drivers/reset/libdrivers__reset.a(reset_stm32.c.obj)
 .text.reset_stm32_line_toggle
                0x00000000080097c8       0x16 zephyr/drivers/reset/libdrivers__reset.a(reset_stm32.c.obj)
 .text.uart_stm32_ll2cfg_databits
                0x00000000080097de       0x2a zephyr/drivers/serial/libdrivers__serial.a(uart_stm32.c.obj)
 .text.uart_stm32_err_check
                0x0000000008009808       0x5a zephyr/drivers/serial/libdrivers__serial.a(uart_stm32.c.obj)
 .text.z_log_msg_runtime_create.constprop.0
                0x0000000008009862       0x20 zephyr/drivers/serial/libdrivers__serial.a(uart_stm32.c.obj)
 .text.uart_stm32_poll_out
                0x0000000008009882       0x36 zephyr/drivers/serial/libdrivers__serial.a(uart_stm32.c.obj)
 .text.uart_stm32_poll_in
                0x00000000080098b8       0x20 zephyr/drivers/serial/libdrivers__serial.a(uart_stm32.c.obj)
 .text.uart_stm32_config_get
                0x00000000080098d8       0x92 zephyr/drivers/serial/libdrivers__serial.a(uart_stm32.c.obj)
 .text.uart_stm32_parameters_set
                0x000000000800996a      0x136 zephyr/drivers/serial/libdrivers__serial.a(uart_stm32.c.obj)
 .text.z_impl_device_is_ready
                0x0000000008009aa0       0x16 zephyr/kernel/libkernel.a(device.c.obj)
                0x0000000008009aa0                z_impl_device_is_ready
 .text.z_log_msg_runtime_create.constprop.0
                0x0000000008009ab6       0x20 zephyr/kernel/libkernel.a(fatal.c.obj)
 .text.arch_system_halt
                0x0000000008009ad6       0x10 zephyr/kernel/libkernel.a(fatal.c.obj)
                0x0000000008009ad6                arch_system_halt
 .text.do_device_init
                0x0000000008009ae6       0x30 zephyr/kernel/libkernel.a(init.c.obj)
 .text.z_early_memset
                0x0000000008009b16        0x4 zephyr/kernel/libkernel.a(init.c.obj)
                0x0000000008009b16                z_early_memset
 .text.z_early_memcpy
                0x0000000008009b1a        0x4 zephyr/kernel/libkernel.a(init.c.obj)
                0x0000000008009b1a                z_early_memcpy
 .text.z_init_static
                0x0000000008009b1e        0xe zephyr/kernel/libkernel.a(init_static.c.obj)
                0x0000000008009b1e                z_init_static
 .text.adjust_owner_prio.isra.0
                0x0000000008009b2c       0x10 zephyr/kernel/libkernel.a(mutex.c.obj)
 .text.z_impl_k_mutex_init
                0x0000000008009b3c        0xe zephyr/kernel/libkernel.a(mutex.c.obj)
                0x0000000008009b3c                z_impl_k_mutex_init
 .text.z_impl_k_sem_init
                0x0000000008009b4a       0x18 zephyr/kernel/libkernel.a(sem.c.obj)
                0x0000000008009b4a                z_impl_k_sem_init
 .text.k_thread_name_get
                0x0000000008009b62        0x4 zephyr/kernel/libkernel.a(thread.c.obj)
                0x0000000008009b62                k_thread_name_get
 .text.z_impl_k_thread_start
                0x0000000008009b66        0x4 zephyr/kernel/libkernel.a(thread.c.obj)
                0x0000000008009b66                z_impl_k_thread_start
 .text.z_stack_space_get
                0x0000000008009b6a       0x18 zephyr/kernel/libkernel.a(thread.c.obj)
                0x0000000008009b6a                z_stack_space_get
 .text.z_impl_k_thread_stack_space_get
                0x0000000008009b82        0xa zephyr/kernel/libkernel.a(thread.c.obj)
                0x0000000008009b82                z_impl_k_thread_stack_space_get
 .text.z_thread_mark_switched_out
                0x0000000008009b8c        0x4 zephyr/kernel/libkernel.a(thread.c.obj)
                0x0000000008009b8c                z_thread_mark_switched_out
 .text.k_thread_runtime_stats_get
                0x0000000008009b90       0x14 zephyr/kernel/libkernel.a(thread.c.obj)
                0x0000000008009b90                k_thread_runtime_stats_get
 .text.k_thread_runtime_stats_all_get
                0x0000000008009ba4       0x5a zephyr/kernel/libkernel.a(thread.c.obj)
                0x0000000008009ba4                k_thread_runtime_stats_all_get
 .text.sys_dlist_remove
                0x0000000008009bfe       0x10 zephyr/kernel/libkernel.a(sched.c.obj)
 .text.add_to_waitq_locked
                0x0000000008009c0e       0x50 zephyr/kernel/libkernel.a(sched.c.obj)
 .text.z_thread_timeout
                0x0000000008009c5e        0x8 zephyr/kernel/libkernel.a(sched.c.obj)
                0x0000000008009c5e                z_thread_timeout
 .text.sys_clock_tick_get_32
                0x0000000008009c66        0x8 zephyr/kernel/libkernel.a(timeout.c.obj)
                0x0000000008009c66                sys_clock_tick_get_32
 .text.z_impl_k_uptime_ticks
                0x0000000008009c6e        0x4 zephyr/kernel/libkernel.a(timeout.c.obj)
                0x0000000008009c6e                z_impl_k_uptime_ticks
 .text.sched_cpu_update_usage
                0x0000000008009c72       0x20 zephyr/kernel/libkernel.a(usage.c.obj)
 .text.k_heap_init
                0x0000000008009c92       0x10 zephyr/kernel/libkernel.a(kheap.c.obj)
                0x0000000008009c92                k_heap_init
 .text._ZdlPvj  0x0000000008009ca2        0x4 /home/babu-inc-5831/zephyr-sdk-0.17.2/arm-zephyr-eabi/arm-zephyr-eabi/lib/thumb/v7e-m/nofp/libstdc++.a(del_ops.o)
                0x0000000008009ca2                operator delete(void*, unsigned int)
 .text._ZdlPv   0x0000000008009ca6        0x4 /home/babu-inc-5831/zephyr-sdk-0.17.2/arm-zephyr-eabi/arm-zephyr-eabi/lib/thumb/v7e-m/nofp/libstdc++.a(del_op.o)
                0x0000000008009ca6                operator delete(void*)
 *(SORT_BY_ALIGNMENT(.TEXT.*))
 *(SORT_BY_ALIGNMENT(.gnu.linkonce.t.*))
 *(SORT_BY_ALIGNMENT(.glue_7t))
 .glue_7t       0x0000000008009caa        0x0 linker stubs
 *(SORT_BY_ALIGNMENT(.glue_7))
 .glue_7        0x0000000008009caa        0x0 linker stubs
 *(SORT_BY_ALIGNMENT(.vfp11_veneer))
 .vfp11_veneer  0x0000000008009caa        0x0 linker stubs
 *(SORT_BY_ALIGNMENT(.v4_bx))
 .v4_bx         0x0000000008009caa        0x0 linker stubs
                0x0000000008009cac                . = ALIGN (0x4)
 *fill*         0x0000000008009caa        0x2 
                0x0000000008009cac                __text_region_end = .

.ARM.extab
 *(SORT_BY_ALIGNMENT(.ARM.extab*) SORT_BY_ALIGNMENT(.gnu.linkonce.armextab.*))

.ARM.exidx      0x0000000008009cac        0x8
                0x0000000008009cac                __exidx_start = .
 *(SORT_BY_ALIGNMENT(.ARM.exidx*) SORT_BY_ALIGNMENT(gnu.linkonce.armexidx.*))
 .ARM.exidx     0x0000000008009cac        0x8 /home/babu-inc-5831/zephyr-sdk-0.17.2/arm-zephyr-eabi/bin/../lib/gcc/arm-zephyr-eabi/12.2.0/thumb/v7e-m/nofp/libgcc.a(_udivmoddi4.o)
 .ARM.exidx.text._ZdlPvj
                0x0000000008009cb4        0x0 /home/babu-inc-5831/zephyr-sdk-0.17.2/arm-zephyr-eabi/arm-zephyr-eabi/lib/thumb/v7e-m/nofp/libstdc++.a(del_ops.o)
                                          0x8 (size before relaxing)
 .ARM.exidx.text._ZdlPv
                0x0000000008009cb4        0x0 /home/babu-inc-5831/zephyr-sdk-0.17.2/arm-zephyr-eabi/arm-zephyr-eabi/lib/thumb/v7e-m/nofp/libstdc++.a(del_op.o)
                                          0x8 (size before relaxing)
                0x0000000008009cb4                __exidx_end = .
                0x0000000008009cb4                __rodata_region_start = .

initlevel       0x0000000008009cb4       0xa0
                0x0000000008009cb4                __init_start = .
                0x0000000008009cb4                __init_EARLY_start = .
 *(SORT_BY_NAME(SORT_BY_ALIGNMENT(.z_init_EARLY?_*)))
 *(SORT_BY_NAME(SORT_BY_ALIGNMENT(.z_init_EARLY??_*)))
                0x0000000008009cb4                __init_PRE_KERNEL_1_start = .
 *(SORT_BY_NAME(SORT_BY_ALIGNMENT(.z_init_PRE_KERNEL_1?_*)))
 .z_init_PRE_KERNEL_10_0_
                0x0000000008009cb4        0x8 zephyr/libzephyr.a(soc.c.obj)
 .z_init_PRE_KERNEL_11_00009_
                0x0000000008009cbc        0x8 zephyr/drivers/clock_control/libdrivers__clock_control.a(clock_stm32_ll_common.c.obj)
 .z_init_PRE_KERNEL_11_0_
                0x0000000008009cc4        0x8 zephyr/libzephyr.a(soc_config.c.obj)
 *(SORT_BY_NAME(SORT_BY_ALIGNMENT(.z_init_PRE_KERNEL_1??_*)))
 .z_init_PRE_KERNEL_130_0_
                0x0000000008009ccc        0x8 zephyr/kernel/libkernel.a(kheap.c.obj)
 .z_init_PRE_KERNEL_135_00042_
                0x0000000008009cd4        0x8 zephyr/drivers/reset/libdrivers__reset.a(reset_stm32.c.obj)
 .z_init_PRE_KERNEL_140_00036_
                0x0000000008009cdc        0x8 zephyr/drivers/gpio/libdrivers__gpio.a(gpio_stm32.c.obj)
 .z_init_PRE_KERNEL_140_00039_
                0x0000000008009ce4        0x8 zephyr/drivers/gpio/libdrivers__gpio.a(gpio_stm32.c.obj)
 .z_init_PRE_KERNEL_140_00065_
                0x0000000008009cec        0x8 zephyr/drivers/interrupt_controller/libdrivers__interrupt_controller.a(intc_exti_stm32.c.obj)
 .z_init_PRE_KERNEL_140_00090_
                0x0000000008009cf4        0x8 zephyr/drivers/gpio/libdrivers__gpio.a(gpio_stm32.c.obj)
 .z_init_PRE_KERNEL_140_00112_
                0x0000000008009cfc        0x8 zephyr/drivers/gpio/libdrivers__gpio.a(gpio_stm32.c.obj)
 .z_init_PRE_KERNEL_140_00113_
                0x0000000008009d04        0x8 zephyr/drivers/gpio/libdrivers__gpio.a(gpio_stm32.c.obj)
 .z_init_PRE_KERNEL_140_00114_
                0x0000000008009d0c        0x8 zephyr/drivers/gpio/libdrivers__gpio.a(gpio_stm32.c.obj)
 .z_init_PRE_KERNEL_140_00115_
                0x0000000008009d14        0x8 zephyr/drivers/gpio/libdrivers__gpio.a(gpio_stm32.c.obj)
 .z_init_PRE_KERNEL_150_00076_
                0x0000000008009d1c        0x8 zephyr/drivers/serial/libdrivers__serial.a(uart_stm32.c.obj)
 .z_init_PRE_KERNEL_150_00079_
                0x0000000008009d24        0x8 zephyr/drivers/serial/libdrivers__serial.a(uart_stm32.c.obj)
 .z_init_PRE_KERNEL_160_0_
                0x0000000008009d2c        0x8 zephyr/drivers/console/libdrivers__console.a(uart_console.c.obj)
                0x0000000008009d34                __init_PRE_KERNEL_2_start = .
 *(SORT_BY_NAME(SORT_BY_ALIGNMENT(.z_init_PRE_KERNEL_2?_*)))
 .z_init_PRE_KERNEL_20_0_
                0x0000000008009d34        0x8 zephyr/drivers/timer/libdrivers__timer.a(cortex_m_systick.c.obj)
 *(SORT_BY_NAME(SORT_BY_ALIGNMENT(.z_init_PRE_KERNEL_2??_*)))
                0x0000000008009d3c                __init_POST_KERNEL_start = .
 *(SORT_BY_NAME(SORT_BY_ALIGNMENT(.z_init_POST_KERNEL?_*)))
 .z_init_POST_KERNEL0_0_
                0x0000000008009d3c        0x8 zephyr/libzephyr.a(log_core.c.obj)
 *(SORT_BY_NAME(SORT_BY_ALIGNMENT(.z_init_POST_KERNEL??_*)))
 .z_init_POST_KERNEL35_0_
                0x0000000008009d44        0x8 zephyr/lib/libc/newlib/liblib__libc__newlib.a(libc-hooks.c.obj)
 .z_init_POST_KERNEL80_00054_
                0x0000000008009d4c        0x8 zephyr/drivers/can/libdrivers__can.a(can_stm32_fdcan.c.obj)
                0x0000000008009d54                __init_APPLICATION_start = .
 *(SORT_BY_NAME(SORT_BY_ALIGNMENT(.z_init_APPLICATION?_*)))
 *(SORT_BY_NAME(SORT_BY_ALIGNMENT(.z_init_APPLICATION??_*)))
                0x0000000008009d54                __init_SMP_start = .
 *(SORT_BY_NAME(SORT_BY_ALIGNMENT(.z_init_SMP?_*)))
 *(SORT_BY_NAME(SORT_BY_ALIGNMENT(.z_init_SMP??_*)))
                0x0000000008009d54                __init_end = .
                0x0000000008009d54                __deferred_init_list_start = .
 *(SORT_BY_ALIGNMENT(.z_deferred_init*))
                0x0000000008009d54                __deferred_init_list_end = .

device_area     0x0000000008009d54      0x104
                0x0000000008009d54                _device_list_start = .
 *(SORT_BY_NAME(SORT_BY_ALIGNMENT(._device.static.*_?_*)))
 ._device.static.1_1_
                0x0000000008009d54       0x14 zephyr/drivers/clock_control/libdrivers__clock_control.a(clock_stm32_ll_common.c.obj)
                0x0000000008009d54                __device_dts_ord_9
 *(SORT_BY_NAME(SORT_BY_ALIGNMENT(._device.static.*_??_*)))
 ._device.static.1_35_
                0x0000000008009d68       0x14 zephyr/drivers/reset/libdrivers__reset.a(reset_stm32.c.obj)
                0x0000000008009d68                __device_dts_ord_42
 ._device.static.1_40_
                0x0000000008009d7c       0x14 zephyr/drivers/interrupt_controller/libdrivers__interrupt_controller.a(intc_exti_stm32.c.obj)
                0x0000000008009d7c                __device_dts_ord_65
 ._device.static.1_40_
                0x0000000008009d90       0x8c zephyr/drivers/gpio/libdrivers__gpio.a(gpio_stm32.c.obj)
                0x0000000008009d90                __device_dts_ord_115
                0x0000000008009da4                __device_dts_ord_114
                0x0000000008009db8                __device_dts_ord_113
                0x0000000008009dcc                __device_dts_ord_112
                0x0000000008009de0                __device_dts_ord_36
                0x0000000008009df4                __device_dts_ord_90
                0x0000000008009e08                __device_dts_ord_39
 ._device.static.1_50_
                0x0000000008009e1c       0x28 zephyr/drivers/serial/libdrivers__serial.a(uart_stm32.c.obj)
                0x0000000008009e1c                __device_dts_ord_76
                0x0000000008009e30                __device_dts_ord_79
 ._device.static.3_80_
                0x0000000008009e44       0x14 zephyr/drivers/can/libdrivers__can.a(can_stm32_fdcan.c.obj)
                0x0000000008009e44                __device_dts_ord_54
                0x0000000008009e58                _device_list_end = .

sw_isr_table    0x0000000008009e58      0x330
                0x0000000008009e58                . = ALIGN (0x4)
 *(SORT_BY_ALIGNMENT(.gnu.linkonce.sw_isr_table*))
 .gnu.linkonce.sw_isr_table
                0x0000000008009e58      0x330 zephyr/arch/common/libisr_tables.a(isr_tables.c.obj)
                0x0000000008009e58                _sw_isr_table

initlevel_error
                0x0000000008009cb4        0x0
 *(SORT_BY_NAME(SORT_BY_ALIGNMENT(.z_init_[_A-Z0-9]*)))
                0x0000000000000001                ASSERT ((SIZEOF (initlevel_error) == 0x0), Undefined initialization levels used.)

app_shmem_regions
                0x000000000800a188        0x0
                0x000000000800a188                __app_shmem_regions_start = .
 *(SORT_BY_NAME(SORT_BY_ALIGNMENT(.app_regions.*)))
                0x000000000800a188                __app_shmem_regions_end = .

k_p4wq_initparam_area
                0x000000000800a188        0x0
                0x000000000800a188                _k_p4wq_initparam_list_start = .
 *(SORT_BY_NAME(SORT_BY_ALIGNMENT(._k_p4wq_initparam.static.*)))
                0x000000000800a188                _k_p4wq_initparam_list_end = .

_static_thread_data_area
                0x000000000800a188       0x30
                0x000000000800a188                __static_thread_data_list_start = .
 *(SORT_BY_NAME(SORT_BY_ALIGNMENT(.__static_thread_data.static.*)))
 .__static_thread_data.static._k_thread_data_thread_analyzer_
                0x000000000800a188       0x30 zephyr/libzephyr.a(thread_analyzer.c.obj)
                0x000000000800a188                _k_thread_data_thread_analyzer
                0x000000000800a1b8                __static_thread_data_list_end = .

device_deps     0x000000000800a1b8        0x0
                0x000000000800a1b8                __device_deps_start = .
 *(SORT_BY_NAME(SORT_BY_ALIGNMENT(.__device_deps_pass2*)))
                0x000000000800a1b8                __device_deps_end = .

ztest           0x000000000800a1b8        0x0
                0x000000000800a1b8                _ztest_expected_result_entry_list_start = .
 *(SORT_BY_NAME(SORT_BY_ALIGNMENT(._ztest_expected_result_entry.static.*)))
                0x000000000800a1b8                _ztest_expected_result_entry_list_end = .
                0x000000000800a1b8                _ztest_suite_node_list_start = .
 *(SORT_BY_NAME(SORT_BY_ALIGNMENT(._ztest_suite_node.static.*)))
                0x000000000800a1b8                _ztest_suite_node_list_end = .
                0x000000000800a1b8                _ztest_unit_test_list_start = .
 *(SORT_BY_NAME(SORT_BY_ALIGNMENT(._ztest_unit_test.static.*)))
                0x000000000800a1b8                _ztest_unit_test_list_end = .
                0x000000000800a1b8                _ztest_test_rule_list_start = .
 *(SORT_BY_NAME(SORT_BY_ALIGNMENT(._ztest_test_rule.static.*)))
                0x000000000800a1b8                _ztest_test_rule_list_end = .

ctors           0x000000000800a1b8        0xc
                0x000000000800a1b8                . = ALIGN (0x4)
                0x000000000800a1b8                __ZEPHYR_CTOR_LIST__ = .
                0x000000000800a1b8        0x4 LONG 0x0 (((__ZEPHYR_CTOR_END__ - __ZEPHYR_CTOR_LIST__) / 0x4) - 0x2)
 *(SORT_BY_NAME(SORT_BY_ALIGNMENT(.ctors*)))
                0x000000000800a1bc                __CTOR_LIST__ = .
                0x000000000800a1bc        0x4 LONG 0x0
                0x000000000800a1c0                __ZEPHYR_CTOR_END__ = .
                0x000000000800a1c0        0x4 LONG 0x0
                0x000000000800a1c4                __CTOR_END__ = .

init_array      0x000000000800a1c4        0x0
                0x000000000800a1c4                . = ALIGN (0x4)
                0x000000000800a1c4                __init_array_start = .
                0x000000000800a1c4                __init_array_end = .
                0x000000000800a1c4                __zephyr_init_array_start = .
 *(SORT_BY_NAME(SORT_BY_ALIGNMENT(.init_array*)))
                0x000000000800a1c4                __zephyr_init_array_end = .

bt_l2cap_fixed_chan_area
                0x000000000800a1c4        0x0
                0x000000000800a1c4                _bt_l2cap_fixed_chan_list_start = .
 *(SORT_BY_NAME(SORT_BY_ALIGNMENT(._bt_l2cap_fixed_chan.static.*)))
                0x000000000800a1c4                _bt_l2cap_fixed_chan_list_end = .

bt_gatt_service_static_area
                0x000000000800a1c4        0x0
                0x000000000800a1c4                _bt_gatt_service_static_list_start = .
 *(SORT_BY_NAME(SORT_BY_ALIGNMENT(._bt_gatt_service_static.static.*)))
                0x000000000800a1c4                _bt_gatt_service_static_list_end = .

log_strings_area
                0x000000000800a1c4        0x0
                0x000000000800a1c4                _log_strings_list_start = .
 *(SORT_BY_NAME(SORT_BY_ALIGNMENT(._log_strings.static.*)))
                0x000000000800a1c4                _log_strings_list_end = .

log_const_area  0x000000000800a1c4       0x78
                0x000000000800a1c4                _log_const_list_start = .
 *(SORT_BY_NAME(SORT_BY_ALIGNMENT(._log_const.static.*)))
 ._log_const.static.log_const_can_common_
                0x000000000800a1c4        0x8 zephyr/drivers/can/libdrivers__can.a(can_common.c.obj)
                0x000000000800a1c4                log_const_can_common
 ._log_const.static.log_const_can_mcan_
                0x000000000800a1cc        0x8 zephyr/drivers/can/libdrivers__can.a(can_mcan.c.obj)
                0x000000000800a1cc                log_const_can_mcan
 ._log_const.static.log_const_can_stm32fd_
                0x000000000800a1d4        0x8 zephyr/drivers/can/libdrivers__can.a(can_stm32_fdcan.c.obj)
                0x000000000800a1d4                log_const_can_stm32fd
 ._log_const.static.log_const_cbprintf_package_
                0x000000000800a1dc        0x8 zephyr/libzephyr.a(cbprintf_packaged.c.obj)
                0x000000000800a1dc                log_const_cbprintf_package
 ._log_const.static.log_const_log_
                0x000000000800a1e4        0x8 zephyr/libzephyr.a(log_core.c.obj)
                0x000000000800a1e4                log_const_log
 ._log_const.static.log_const_log_mgmt_
                0x000000000800a1ec        0x8 zephyr/libzephyr.a(log_mgmt.c.obj)
                0x000000000800a1ec                log_const_log_mgmt
 ._log_const.static.log_const_log_uart_
                0x000000000800a1f4        0x8 zephyr/libzephyr.a(log_backend_uart.c.obj)
                0x000000000800a1f4                log_const_log_uart
 ._log_const.static.log_const_mpu_
                0x000000000800a1fc        0x8 zephyr/arch/arch/arm/core/mpu/libarch__arm__core__mpu.a(arm_core_mpu.c.obj)
                0x000000000800a1fc                log_const_mpu
 ._log_const.static.log_const_os_
                0x000000000800a204        0x8 zephyr/kernel/libkernel.a(init.c.obj)
                0x000000000800a204                log_const_os
 ._log_const.static.log_const_stm32_
                0x000000000800a20c        0x8 zephyr/drivers/gpio/libdrivers__gpio.a(gpio_stm32.c.obj)
                0x000000000800a20c                log_const_stm32
 ._log_const.static.log_const_supervisor_can_bus_driver_
                0x000000000800a214        0x8 app/libapp.a(can_bus_driver.cpp.obj)
                0x000000000800a214                log_const_supervisor_can_bus_driver
 ._log_const.static.log_const_supervisor_gpio_overlay_
                0x000000000800a21c        0x8 app/libapp.a(gpio_overlay.cpp.obj)
                0x000000000800a21c                log_const_supervisor_gpio_overlay
 ._log_const.static.log_const_supervisor_node_main_
                0x000000000800a224        0x8 app/libapp.a(main.cpp.obj)
                0x000000000800a224                log_const_supervisor_node_main
 ._log_const.static.log_const_thread_analyzer_
                0x000000000800a22c        0x8 zephyr/libzephyr.a(thread_analyzer.c.obj)
                0x000000000800a22c                log_const_thread_analyzer
 ._log_const.static.log_const_uart_stm32_
                0x000000000800a234        0x8 zephyr/drivers/serial/libdrivers__serial.a(uart_stm32.c.obj)
                0x000000000800a234                log_const_uart_stm32
                0x000000000800a23c                _log_const_list_end = .

log_backend_area
                0x000000000800a23c       0x10
                0x000000000800a23c                _log_backend_list_start = .
 *(SORT_BY_NAME(SORT_BY_ALIGNMENT(._log_backend.static.*)))
 ._log_backend.static.log_backend_uart_
                0x000000000800a23c       0x10 zephyr/libzephyr.a(log_backend_uart.c.obj)
                0x000000000800a24c                _log_backend_list_end = .

log_link_area   0x000000000800a24c        0x0
                0x000000000800a24c                _log_link_list_start = .
 *(SORT_BY_NAME(SORT_BY_ALIGNMENT(._log_link.static.*)))
                0x000000000800a24c                _log_link_list_end = .

tracing_backend_area
                0x000000000800a24c        0x0
                0x000000000800a24c                _tracing_backend_list_start = .
 *(SORT_BY_NAME(SORT_BY_ALIGNMENT(._tracing_backend.static.*)))
                0x000000000800a24c                _tracing_backend_list_end = .

zephyr_dbg_info
 *(SORT_BY_ALIGNMENT(.dbg_thread_info))

intc_table_area
                0x000000000800a24c        0x0
                0x000000000800a24c                _intc_table_list_start = .
 *(SORT_BY_NAME(SORT_BY_ALIGNMENT(._intc_table.static.*)))
                0x000000000800a24c                _intc_table_list_end = .

symbol_to_keep  0x000000000800a24c        0x0
                0x000000000800a24c                __symbol_to_keep_start = .
 *(SORT_BY_NAME(SORT_BY_ALIGNMENT(.symbol_to_keep*)))
                0x000000000800a24c                __symbol_to_keep_end = .

shell_area      0x000000000800a24c        0x0
                0x000000000800a24c                _shell_list_start = .
 *(SORT_BY_NAME(SORT_BY_ALIGNMENT(._shell.static.*)))
                0x000000000800a24c                _shell_list_end = .

shell_root_cmds_area
                0x000000000800a24c        0x0
                0x000000000800a24c                _shell_root_cmds_list_start = .
 *(SORT_BY_NAME(SORT_BY_ALIGNMENT(._shell_root_cmds.static.*)))
                0x000000000800a24c                _shell_root_cmds_list_end = .

shell_subcmds_area
                0x000000000800a24c        0x0
                0x000000000800a24c                _shell_subcmds_list_start = .
 *(SORT_BY_NAME(SORT_BY_ALIGNMENT(._shell_subcmds.static.*)))
                0x000000000800a24c                _shell_subcmds_list_end = .

shell_dynamic_subcmds_area
                0x000000000800a24c        0x0
                0x000000000800a24c                _shell_dynamic_subcmds_list_start = .
 *(SORT_BY_NAME(SORT_BY_ALIGNMENT(._shell_dynamic_subcmds.static.*)))
                0x000000000800a24c                _shell_dynamic_subcmds_list_end = .

cfb_font_area   0x000000000800a24c        0x0
                0x000000000800a24c                _cfb_font_list_start = .
 *(SORT_BY_NAME(SORT_BY_ALIGNMENT(._cfb_font.static.*)))
                0x000000000800a24c                _cfb_font_list_end = .

rodata          0x000000000800a24c     0x2cdc
 *(SORT_BY_ALIGNMENT(.rodata))
 .rodata        0x000000000800a24c        0x8 app/libapp.a(gpio_overlay.cpp.obj)
 .rodata        0x000000000800a254        0x8 zephyr/drivers/gpio/libdrivers__gpio.a(gpio_stm32.c.obj)
 *(SORT_BY_ALIGNMENT(.rodata.*))
 .rodata._ZTVN3hce10supervisor12CanBusDriverE
                0x000000000800a25c       0x1c app/libapp.a(can_bus_driver.cpp.obj)
                0x000000000800a25c                vtable for hce::supervisor::CanBusDriver
 .rodata.format_table
                0x000000000800a278       0x10 zephyr/libzephyr.a(log_core.c.obj)
 .rodata.colors
                0x000000000800a288       0x14 zephyr/libzephyr.a(log_output.c.obj)
 .rodata.severity
                0x000000000800a29c       0x14 zephyr/libzephyr.a(log_output.c.obj)
 .rodata.lbu_cb_ctx
                0x000000000800a2b0        0x8 zephyr/libzephyr.a(log_backend_uart.c.obj)
 .rodata.lbu_output
                0x000000000800a2b8       0x10 zephyr/libzephyr.a(log_backend_uart.c.obj)
 .rodata.log_backend_uart_api
                0x000000000800a2c8       0x1c zephyr/libzephyr.a(log_backend_uart.c.obj)
                0x000000000800a2c8                log_backend_uart_api
 .rodata.mem_attr_region
                0x000000000800a2e4        0x0 zephyr/libzephyr.a(mem_attr.c.obj)
 .rodata.static_regions
                0x000000000800a2e4        0xc zephyr/arch/arch/arm/core/mpu/libarch__arm__core__mpu.a(arm_core_mpu.c.obj)
 .rodata.mpu_config
                0x000000000800a2f0        0x8 zephyr/arch/arch/arm/core/mpu/libarch__arm__core__mpu.a(arm_mpu_regions.c.obj)
                0x000000000800a2f0                mpu_config
 .rodata.mpu_regions
                0x000000000800a2f8       0x18 zephyr/arch/arch/arm/core/mpu/libarch__arm__core__mpu.a(arm_mpu_regions.c.obj)
 .rodata.can_mcan_cfg_0
                0x000000000800a310       0x48 zephyr/drivers/can/libdrivers__can.a(can_stm32_fdcan.c.obj)
 .rodata.can_stm32fd_cfg_0
                0x000000000800a358       0x1c zephyr/drivers/can/libdrivers__can.a(can_stm32_fdcan.c.obj)
 .rodata.can_stm32fd_pclken_0
                0x000000000800a374       0x10 zephyr/drivers/can/libdrivers__can.a(can_stm32_fdcan.c.obj)
 .rodata.can_stm32fd_cbs_0
                0x000000000800a384       0x10 zephyr/drivers/can/libdrivers__can.a(can_stm32_fdcan.c.obj)
 .rodata.__pinctrl_dev_config__device_dts_ord_54
                0x000000000800a394        0x8 zephyr/drivers/can/libdrivers__can.a(can_stm32_fdcan.c.obj)
 .rodata.__pinctrl_states__device_dts_ord_54
                0x000000000800a39c        0x8 zephyr/drivers/can/libdrivers__can.a(can_stm32_fdcan.c.obj)
 .rodata.__pinctrl_state_pins_0__device_dts_ord_54
                0x000000000800a3a4       0x10 zephyr/drivers/can/libdrivers__can.a(can_stm32_fdcan.c.obj)
 .rodata.can_stm32fd_ops
                0x000000000800a3b4       0x14 zephyr/drivers/can/libdrivers__can.a(can_stm32_fdcan.c.obj)
 .rodata.can_stm32fd_driver_api
                0x000000000800a3c8       0x5c zephyr/drivers/can/libdrivers__can.a(can_stm32_fdcan.c.obj)
 .rodata.stm32_clock_control_api
                0x000000000800a424       0x1c zephyr/drivers/clock_control/libdrivers__clock_control.a(clock_stm32_ll_common.c.obj)
 .rodata.gpio_stm32_cfg_g
                0x000000000800a440       0x14 zephyr/drivers/gpio/libdrivers__gpio.a(gpio_stm32.c.obj)
 .rodata.gpio_stm32_cfg_f
                0x000000000800a454       0x14 zephyr/drivers/gpio/libdrivers__gpio.a(gpio_stm32.c.obj)
 .rodata.gpio_stm32_cfg_e
                0x000000000800a468       0x14 zephyr/drivers/gpio/libdrivers__gpio.a(gpio_stm32.c.obj)
 .rodata.gpio_stm32_cfg_d
                0x000000000800a47c       0x14 zephyr/drivers/gpio/libdrivers__gpio.a(gpio_stm32.c.obj)
 .rodata.gpio_stm32_cfg_c
                0x000000000800a490       0x14 zephyr/drivers/gpio/libdrivers__gpio.a(gpio_stm32.c.obj)
 .rodata.gpio_stm32_cfg_b
                0x000000000800a4a4       0x14 zephyr/drivers/gpio/libdrivers__gpio.a(gpio_stm32.c.obj)
 .rodata.gpio_stm32_cfg_a
                0x000000000800a4b8       0x14 zephyr/drivers/gpio/libdrivers__gpio.a(gpio_stm32.c.obj)
 .rodata.gpio_stm32_driver
                0x000000000800a4cc       0x24 zephyr/drivers/gpio/libdrivers__gpio.a(gpio_stm32.c.obj)
 .rodata.gpio_ports